Archive member included to satisfy reference by file (symbol)

c:/program files (x86)/embitz/1.11/share/em_armgcc/bin/../lib/gcc/arm-none-eabi/5.4.1/../../../../arm-none-eabi/lib/armv7e-m/fpu\libm.a(lib_a-cargf.o)
                              obj\debug\src\filter_noise_reduction.o (cargf)
c:/program files (x86)/embitz/1.11/share/em_armgcc/bin/../lib/gcc/arm-none-eabi/5.4.1/../../../../arm-none-eabi/lib/armv7e-m/fpu\libm.a(lib_a-cimagf.o)
                              c:/program files (x86)/embitz/1.11/share/em_armgcc/bin/../lib/gcc/arm-none-eabi/5.4.1/../../../../arm-none-eabi/lib/armv7e-m/fpu\libm.a(lib_a-cargf.o) (cimagf)
c:/program files (x86)/embitz/1.11/share/em_armgcc/bin/../lib/gcc/arm-none-eabi/5.4.1/../../../../arm-none-eabi/lib/armv7e-m/fpu\libm.a(lib_a-crealf.o)
                              c:/program files (x86)/embitz/1.11/share/em_armgcc/bin/../lib/gcc/arm-none-eabi/5.4.1/../../../../arm-none-eabi/lib/armv7e-m/fpu\libm.a(lib_a-cargf.o) (crealf)
c:/program files (x86)/embitz/1.11/share/em_armgcc/bin/../lib/gcc/arm-none-eabi/5.4.1/../../../../arm-none-eabi/lib/armv7e-m/fpu\libm.a(lib_a-wf_atan2.o)
                              c:/program files (x86)/embitz/1.11/share/em_armgcc/bin/../lib/gcc/arm-none-eabi/5.4.1/../../../../arm-none-eabi/lib/armv7e-m/fpu\libm.a(lib_a-cargf.o) (atan2f)
c:/program files (x86)/embitz/1.11/share/em_armgcc/bin/../lib/gcc/arm-none-eabi/5.4.1/../../../../arm-none-eabi/lib/armv7e-m/fpu\libm.a(lib_a-ef_atan2.o)
                              c:/program files (x86)/embitz/1.11/share/em_armgcc/bin/../lib/gcc/arm-none-eabi/5.4.1/../../../../arm-none-eabi/lib/armv7e-m/fpu\libm.a(lib_a-wf_atan2.o) (__ieee754_atan2f)
c:/program files (x86)/embitz/1.11/share/em_armgcc/bin/../lib/gcc/arm-none-eabi/5.4.1/../../../../arm-none-eabi/lib/armv7e-m/fpu\libm.a(lib_a-sf_atan.o)
                              c:/program files (x86)/embitz/1.11/share/em_armgcc/bin/../lib/gcc/arm-none-eabi/5.4.1/../../../../arm-none-eabi/lib/armv7e-m/fpu\libm.a(lib_a-ef_atan2.o) (atanf)
c:/program files (x86)/embitz/1.11/share/em_armgcc/bin/../lib/gcc/arm-none-eabi/5.4.1/../../../../arm-none-eabi/lib/armv7e-m/fpu\libm.a(lib_a-sf_fabs.o)
                              c:/program files (x86)/embitz/1.11/share/em_armgcc/bin/../lib/gcc/arm-none-eabi/5.4.1/../../../../arm-none-eabi/lib/armv7e-m/fpu\libm.a(lib_a-ef_atan2.o) (fabsf)
..\CMSIS-4.5.0\CMSIS-4.5.0\CMSIS\Lib\GCC\libarm_cortexM4lf_math.a(arm_const_structs.o)
                              obj\debug\src\filter_noise_reduction.o (arm_cfft_sR_f32_len256)
..\CMSIS-4.5.0\CMSIS-4.5.0\CMSIS\Lib\GCC\libarm_cortexM4lf_math.a(arm_common_tables.o)
                              ..\CMSIS-4.5.0\CMSIS-4.5.0\CMSIS\Lib\GCC\libarm_cortexM4lf_math.a(arm_const_structs.o) (armBitRevIndexTable_fixed_4096)
..\CMSIS-4.5.0\CMSIS-4.5.0\CMSIS\Lib\GCC\libarm_cortexM4lf_math.a(arm_q15_to_float.o)
                              obj\debug\src\main.o (arm_q15_to_float)
..\CMSIS-4.5.0\CMSIS-4.5.0\CMSIS\Lib\GCC\libarm_cortexM4lf_math.a(arm_float_to_q15.o)
                              obj\debug\src\main.o (arm_float_to_q15)
..\CMSIS-4.5.0\CMSIS-4.5.0\CMSIS\Lib\GCC\libarm_cortexM4lf_math.a(arm_max_f32.o)
                              obj\debug\src\filter_noise_reduction.o (arm_max_f32)
..\CMSIS-4.5.0\CMSIS-4.5.0\CMSIS\Lib\GCC\libarm_cortexM4lf_math.a(arm_cfft_f32.o)
                              obj\debug\src\filter_noise_reduction.o (arm_cfft_f32)
..\CMSIS-4.5.0\CMSIS-4.5.0\CMSIS\Lib\GCC\libarm_cortexM4lf_math.a(arm_lms_init_f32.o)
                              obj\debug\src\main.o (arm_lms_init_f32)
..\CMSIS-4.5.0\CMSIS-4.5.0\CMSIS\Lib\GCC\libarm_cortexM4lf_math.a(arm_lms_f32.o)
                              obj\debug\src\filter_noise_reduction.o (arm_lms_f32)
..\CMSIS-4.5.0\CMSIS-4.5.0\CMSIS\Lib\GCC\libarm_cortexM4lf_math.a(arm_fir_init_f32.o)
                              obj\debug\src\main.o (arm_fir_init_f32)
..\CMSIS-4.5.0\CMSIS-4.5.0\CMSIS\Lib\GCC\libarm_cortexM4lf_math.a(arm_fir_f32.o)
                              obj\debug\src\main.o (arm_fir_f32)
..\CMSIS-4.5.0\CMSIS-4.5.0\CMSIS\Lib\GCC\libarm_cortexM4lf_math.a(arm_cmplx_mag_f32.o)
                              obj\debug\src\filter_noise_reduction.o (arm_cmplx_mag_f32)
..\CMSIS-4.5.0\CMSIS-4.5.0\CMSIS\Lib\GCC\libarm_cortexM4lf_math.a(arm_sin_f32.o)
                              obj\debug\src\filter_noise_reduction.o (arm_sin_f32)
..\CMSIS-4.5.0\CMSIS-4.5.0\CMSIS\Lib\GCC\libarm_cortexM4lf_math.a(arm_cos_f32.o)
                              obj\debug\src\filter_noise_reduction.o (arm_cos_f32)
..\CMSIS-4.5.0\CMSIS-4.5.0\CMSIS\Lib\GCC\libarm_cortexM4lf_math.a(arm_bitreversal2.o)
                              ..\CMSIS-4.5.0\CMSIS-4.5.0\CMSIS\Lib\GCC\libarm_cortexM4lf_math.a(arm_cfft_f32.o) (arm_bitreversal_32)
..\CMSIS-4.5.0\CMSIS-4.5.0\CMSIS\Lib\GCC\libarm_cortexM4lf_math.a(arm_cfft_radix8_f32.o)
                              ..\CMSIS-4.5.0\CMSIS-4.5.0\CMSIS\Lib\GCC\libarm_cortexM4lf_math.a(arm_cfft_f32.o) (arm_radix8_butterfly_f32)
[...]
Memory Configuration

Name             Origin             Length             Attributes
ROM              0x08000000         0x00080000         xr
RAM              0x20000000         0x00020000         xrw
CCRAM            0x10000000         0x00010000         xrw
*default*        0x00000000         0xffffffff

Linker script and memory map

LOAD c:/program files (x86)/embitz/1.11/share/em_armgcc/bin/../lib/gcc/arm-none-eabi/5.4.1/armv7e-m/fpu/crti.o
LOAD c:/program files (x86)/embitz/1.11/share/em_armgcc/bin/../lib/gcc/arm-none-eabi/5.4.1/armv7e-m/fpu/crtbegin.o
LOAD c:/program files (x86)/embitz/1.11/share/em_armgcc/bin/../lib/gcc/arm-none-eabi/5.4.1/../../../../arm-none-eabi/lib/armv7e-m/fpu/rdimon-crt0.o
                0x00000000                __HEAP_SIZE = 0x0
                0x00000100                __STACK_SIZE = 0x100

.text           0x08000000     0xb1d8
 *(.isr_vector)
 .isr_vector    0x08000000      0x188 obj\debug\src\startup_stm32f4xx.o
                0x08000000                __isr_vector
 *(.text*)
 .text          0x08000188       0x5c c:/program files (x86)/embitz/1.11/share/em_armgcc/bin/../lib/gcc/arm-none-eabi/5.4.1/armv7e-m/fpu/crtbegin.o
 .text          0x080001e4       0xec c:/program files (x86)/embitz/1.11/share/em_armgcc/bin/../lib/gcc/arm-none-eabi/5.4.1/../../../../arm-none-eabi/lib/armv7e-m/fpu/rdimon-crt0.o
                0x080001e4                _start
                0x080001e4                _mainCRTStartup
 .text.NVIC_Init
                0x080002d0       0x70 obj\debug\spl\src\misc.o
                0x080002d0                NVIC_Init
 .text.ADC_Init
                0x08000340       0x4c obj\debug\spl\src\stm32f4xx_adc.o
                0x08000340                ADC_Init
 .text.ADC_CommonInit
                0x0800038c       0x28 obj\debug\spl\src\stm32f4xx_adc.o
                0x0800038c                ADC_CommonInit
 .text.ADC_Cmd  0x080003b4       0x14 obj\debug\spl\src\stm32f4xx_adc.o
                0x080003b4                ADC_Cmd
 .text.ADC_RegularChannelConfig
                0x080003c8       0x94 obj\debug\spl\src\stm32f4xx_adc.o
                0x080003c8                ADC_RegularChannelConfig
 .text.ADC_DMACmd
                0x0800045c       0x14 obj\debug\spl\src\stm32f4xx_adc.o
                0x0800045c                ADC_DMACmd
 .text.ADC_DMARequestAfterLastTransferCmd
                0x08000470       0x14 obj\debug\spl\src\stm32f4xx_adc.o
                0x08000470                ADC_DMARequestAfterLastTransferCmd
 .text.DAC_Init
                0x08000484       0x30 obj\debug\spl\src\stm32f4xx_dac.o
                0x08000484                DAC_Init
 .text.DAC_Cmd  0x080004b4       0x28 obj\debug\spl\src\stm32f4xx_dac.o
                0x080004b4                DAC_Cmd
 .text.DAC_DMACmd
                0x080004dc       0x2c obj\debug\spl\src\stm32f4xx_dac.o
                0x080004dc                DAC_DMACmd
 .text.DMA_DeInit
                0x08000508      0x130 obj\debug\spl\src\stm32f4xx_dma.o
                0x08000508                DMA_DeInit
 .text.DMA_Init
                0x08000638       0x58 obj\debug\spl\src\stm32f4xx_dma.o
                0x08000638                DMA_Init
 .text.DMA_Cmd  0x08000690       0x14 obj\debug\spl\src\stm32f4xx_dma.o
                0x08000690                DMA_Cmd
 .text.DMA_DoubleBufferModeConfig
                0x080006a4       0x18 obj\debug\spl\src\stm32f4xx_dma.o
                0x080006a4                DMA_DoubleBufferModeConfig
 .text.DMA_DoubleBufferModeCmd
                0x080006bc       0x14 obj\debug\spl\src\stm32f4xx_dma.o
                0x080006bc                DMA_DoubleBufferModeCmd
 .text.DMA_ClearFlag
                0x080006d0       0x34 obj\debug\spl\src\stm32f4xx_dma.o
                0x080006d0                DMA_ClearFlag
 .text.DMA_ITConfig
                0x08000704       0x40 obj\debug\spl\src\stm32f4xx_dma.o
                0x08000704                DMA_ITConfig
 .text.GPIO_Init
                0x08000744       0xa8 obj\debug\spl\src\stm32f4xx_gpio.o
                0x08000744                GPIO_Init
 .text.GPIO_ReadInputDataBit
                0x080007ec        0xc obj\debug\spl\src\stm32f4xx_gpio.o
                0x080007ec                GPIO_ReadInputDataBit
 .text.GPIO_SetBits
                0x080007f8        0x4 obj\debug\spl\src\stm32f4xx_gpio.o
                0x080007f8                GPIO_SetBits
 .text.GPIO_ResetBits
                0x080007fc        0x4 obj\debug\spl\src\stm32f4xx_gpio.o
                0x080007fc                GPIO_ResetBits
 .text.GPIO_PinAFConfig
                0x08000800       0x2c obj\debug\spl\src\stm32f4xx_gpio.o
                0x08000800                GPIO_PinAFConfig
 .text.RCC_AHB1PeriphClockCmd
                0x0800082c       0x1c obj\debug\spl\src\stm32f4xx_rcc.o
                0x0800082c                RCC_AHB1PeriphClockCmd
 .text.RCC_APB1PeriphClockCmd
                0x08000848       0x1c obj\debug\spl\src\stm32f4xx_rcc.o
                0x08000848                RCC_APB1PeriphClockCmd
 .text.RCC_APB2PeriphClockCmd
                0x08000864       0x1c obj\debug\spl\src\stm32f4xx_rcc.o
                0x08000864                RCC_APB2PeriphClockCmd
 .text.SPI_Init
                0x08000880       0x40 obj\debug\spl\src\stm32f4xx_spi.o
                0x08000880                SPI_Init
 .text.SPI_StructInit
                0x080008c0       0x18 obj\debug\spl\src\stm32f4xx_spi.o
                0x080008c0                SPI_StructInit
 .text.TIM_TimeBaseInit
                0x080008d8       0x9c obj\debug\spl\src\stm32f4xx_tim.o
                0x080008d8                TIM_TimeBaseInit
 .text.TIM_TimeBaseStructInit
                0x08000974       0x14 obj\debug\spl\src\stm32f4xx_tim.o
                0x08000974                TIM_TimeBaseStructInit
 .text.TIM_Cmd  0x08000988       0x1c obj\debug\spl\src\stm32f4xx_tim.o
                0x08000988                TIM_Cmd
 .text.TIM_ITConfig
                0x080009a4       0x14 obj\debug\spl\src\stm32f4xx_tim.o
                0x080009a4                TIM_ITConfig
 .text.TIM_GetITStatus
                0x080009b8       0x18 obj\debug\spl\src\stm32f4xx_tim.o
                0x080009b8                TIM_GetITStatus
 .text.TIM_ClearITPendingBit
                0x080009d0        0x8 obj\debug\spl\src\stm32f4xx_tim.o
                0x080009d0                TIM_ClearITPendingBit
 .text.TIM_SelectOutputTrigger
                0x080009d8       0x18 obj\debug\spl\src\stm32f4xx_tim.o
                0x080009d8                TIM_SelectOutputTrigger
 .text.processing_noise_reduction
                0x080009f0      0x4ac obj\debug\src\filter_noise_reduction.o
                0x080009f0                processing_noise_reduction
 .text.ADC1_CH6_DMA_Config
                0x08000e9c      0x134 obj\debug\src\io_audio.o
                0x08000e9c                ADC1_CH6_DMA_Config
 .text.TIM2_Config
                0x08000fd0       0x4c obj\debug\src\io_audio.o
                0x08000fd0                TIM2_Config
 .text.DAC1_Config
                0x0800101c       0xe0 obj\debug\src\io_audio.o
                0x0800101c                DAC1_Config
 .text.fillDisplay.part.0
                0x080010fc       0xc4 obj\debug\src\io_display.o
 .text.initializeDisplay
                0x080011c0      0x190 obj\debug\src\io_display.o
                0x080011c0                initializeDisplay
 .text.GPIO_Switch_Setup
                0x08001350       0x30 obj\debug\src\io_display.o
                0x08001350                GPIO_Switch_Setup
 .text.DrawSpectrumPoints
                0x08001380       0x2c obj\debug\src\io_display.o
                0x08001380                DrawSpectrumPoints
 .text.DrawWaterfallPoints
                0x080013ac       0x70 obj\debug\src\io_display.o
                0x080013ac                DrawWaterfallPoints
 .text.decodeMenuValue
                0x0800141c      0x45c obj\debug\src\io_display.o
                0x0800141c                decodeMenuValue
 .text.decodeMenuVoice
                0x08001878      0x100 obj\debug\src\io_display.o
                0x08001878                decodeMenuVoice
 .text.TIM3_Config
                0x08001978       0x64 obj\debug\src\io_display.o
                0x08001978                TIM3_Config
 .text.TIM5_Config
                0x080019dc       0x64 obj\debug\src\io_display.o
                0x080019dc                TIM5_Config
 .text.showMorseChar
                0x08001a40       0xbc obj\debug\src\io_display.o
                0x08001a40                showMorseChar
 .text.millis   0x08001afc        0xc obj\debug\src\main.o
                0x08001afc                millis
 .text.TIM5_IRQHandler
                0x08001b08       0x20 obj\debug\src\main.o
                0x08001b08                TIM5_IRQHandler
 .text.startup.main
                0x08001b28       0xd4 obj\debug\src\main.o
                0x08001b28                main
 .text.TM_EXTI_Handler
                0x08001bfc       0x14 obj\debug\src\main.o
                0x08001bfc                TM_EXTI_Handler
 .text.DMA2_Stream0_IRQHandler
                0x08001c10       0xc8 obj\debug\src\main.o
                0x08001c10                DMA2_Stream0_IRQHandler
 .text.TIM3_IRQHandler
                0x08001cd8      0x198 obj\debug\src\main.o
                0x08001cd8                TIM3_IRQHandler
 .text.initializeDecoder
                0x08001e70       0xac obj\debug\src\morsedecode.o
                0x08001e70                initializeDecoder
 .text.morseKeyDown
                0x08001f1c       0x48 obj\debug\src\morsedecode.o
                0x08001f1c                morseKeyDown
 .text.morseKeyUp
                0x08001f64      0x194 obj\debug\src\morsedecode.o
                0x08001f64                morseKeyUp
 .text          0x080020f8      0x108 obj\debug\src\startup_stm32f4xx.o
                0x080020f8                Reset_Handler
                0x0800213e                NMI_Handler
                0x08002140                HardFault_Handler
                0x08002142                MemManage_Handler
                0x08002144                BusFault_Handler
                0x08002146                UsageFault_Handler
                0x08002148                SVC_Handler
                0x0800214a                DebugMon_Handler
                0x0800214c                PendSV_Handler
                0x0800214e                SysTick_Handler
                0x08002150                Default_Handler
                0x08002152                WWDG_IRQHandler
                0x08002154                PVD_IRQHandler
                0x08002156                TAMP_STAMP_IRQHandler
                0x08002158                RTC_WKUP_IRQHandler
                0x0800215a                FLASH_IRQHandler
                0x0800215c                RCC_IRQHandler
                0x08002168                DMA1_Stream0_IRQHandler
                0x0800216a                DMA1_Stream1_IRQHandler
                0x0800216c                DMA1_Stream2_IRQHandler
                0x0800216e                DMA1_Stream3_IRQHandler
                0x08002170                DMA1_Stream4_IRQHandler
                0x08002172                DMA1_Stream5_IRQHandler
                0x08002174                DMA1_Stream6_IRQHandler
                0x08002176                ADC_IRQHandler
                0x08002178                CAN1_TX_IRQHandler
                0x0800217a                CAN1_RX0_IRQHandler
                0x0800217c                CAN1_RX1_IRQHandler
                0x0800217e                CAN1_SCE_IRQHandler
                0x08002182                TIM1_BRK_TIM9_IRQHandler
                0x08002184                TIM1_UP_TIM10_IRQHandler
                0x08002186                TIM1_TRG_COM_TIM11_IRQHandler
                0x08002188                TIM1_CC_IRQHandler
                0x0800218a                TIM2_IRQHandler
                0x0800218e                TIM4_IRQHandler
                0x08002190                I2C1_EV_IRQHandler
                0x08002192                I2C1_ER_IRQHandler
                0x08002194                I2C2_EV_IRQHandler
                0x08002196                I2C2_ER_IRQHandler
                0x08002198                SPI1_IRQHandler
                0x0800219a                SPI2_IRQHandler
                0x0800219c                USART1_IRQHandler
                0x0800219e                USART2_IRQHandler
                0x080021a0                USART3_IRQHandler
                0x080021a4                RTC_Alarm_IRQHandler
                0x080021a6                OTG_FS_WKUP_IRQHandler
                0x080021a8                TIM8_BRK_TIM12_IRQHandler
                0x080021aa                TIM8_UP_TIM13_IRQHandler
                0x080021ac                TIM8_TRG_COM_TIM14_IRQHandler
                0x080021ae                TIM8_CC_IRQHandler
                0x080021b0                DMA1_Stream7_IRQHandler
                0x080021b2                FSMC_IRQHandler
                0x080021b4                SDIO_IRQHandler
                0x080021b8                SPI3_IRQHandler
                0x080021ba                UART4_IRQHandler
                0x080021bc                UART5_IRQHandler
                0x080021be                TIM6_DAC_IRQHandler
                0x080021c0                TIM7_IRQHandler
                0x080021c4                DMA2_Stream1_IRQHandler
                0x080021c6                DMA2_Stream2_IRQHandler
                0x080021c8                DMA2_Stream3_IRQHandler
                0x080021ca                DMA2_Stream4_IRQHandler
                0x080021cc                ETH_IRQHandler
                0x080021ce                ETH_WKUP_IRQHandler
                0x080021d0                CAN2_TX_IRQHandler
                0x080021d2                CAN2_RX0_IRQHandler
                0x080021d4                CAN2_RX1_IRQHandler
                0x080021d6                CAN2_SCE_IRQHandler
                0x080021d8                OTG_FS_IRQHandler
                0x080021da                DMA2_Stream5_IRQHandler
                0x080021dc                DMA2_Stream6_IRQHandler
                0x080021de                DMA2_Stream7_IRQHandler
                0x080021e0                USART6_IRQHandler
                0x080021e2                I2C3_EV_IRQHandler
                0x080021e4                I2C3_ER_IRQHandler
                0x080021e6                OTG_HS_EP1_OUT_IRQHandler
                0x080021e8                OTG_HS_EP1_IN_IRQHandler
                0x080021ea                OTG_HS_WKUP_IRQHandler
                0x080021ec                OTG_HS_IRQHandler
                0x080021ee                DCMI_IRQHandler
                0x080021f0                CRYP_IRQHandler
                0x080021f2                HASH_RNG_IRQHandler
                0x080021f4                FPU_IRQHandler
 .text.SystemInit
                0x08002200      0x100 obj\debug\src\system_stm32f4xx.o
                0x08002200                SystemInit
 .text.TM_EXTI_Attach
                0x08002300      0x328 obj\debug\src\tm_enc\tm_stm32f4_exti.o
                0x08002300                TM_EXTI_Attach
 .text.EXTI0_IRQHandler
                0x08002628       0x18 obj\debug\src\tm_enc\tm_stm32f4_exti.o
                0x08002628                EXTI0_IRQHandler
 .text.EXTI1_IRQHandler
                0x08002640       0x18 obj\debug\src\tm_enc\tm_stm32f4_exti.o
                0x08002640                EXTI1_IRQHandler
 .text.EXTI2_IRQHandler
                0x08002658       0x18 obj\debug\src\tm_enc\tm_stm32f4_exti.o
                0x08002658                EXTI2_IRQHandler
 .text.EXTI3_IRQHandler
                0x08002670       0x18 obj\debug\src\tm_enc\tm_stm32f4_exti.o
                0x08002670                EXTI3_IRQHandler
 .text.EXTI4_IRQHandler
                0x08002688       0x18 obj\debug\src\tm_enc\tm_stm32f4_exti.o
                0x08002688                EXTI4_IRQHandler
 .text.EXTI9_5_IRQHandler
                0x080026a0       0x64 obj\debug\src\tm_enc\tm_stm32f4_exti.o
                0x080026a0                EXTI9_5_IRQHandler
 .text.EXTI15_10_IRQHandler
                0x08002704       0x80 obj\debug\src\tm_enc\tm_stm32f4_exti.o
                0x08002704                EXTI15_10_IRQHandler
 .text.TM_RE_Init
                0x08002784       0x40 obj\debug\src\tm_enc\tm_stm32f4_rotary_encoder.o
                0x08002784                TM_RE_Init
 .text.TM_RE_Get
                0x080027c4       0x24 obj\debug\src\tm_enc\tm_stm32f4_rotary_encoder.o
                0x080027c4                TM_RE_Get
 .text.TM_RE_SetMode
                0x080027e8        0x4 obj\debug\src\tm_enc\tm_stm32f4_rotary_encoder.o
                0x080027e8                TM_RE_SetMode
 .text.TM_RE_Process
                0x080027ec       0x44 obj\debug\src\tm_enc\tm_stm32f4_rotary_encoder.o
                0x080027ec                TM_RE_Process
 .text.TM_GPIO_Init
                0x08002830       0xf4 obj\debug\src\tm_spi\tm_stm32f4_gpio.o
                0x08002830                TM_GPIO_Init
 .text.TM_GPIO_InitAlternate
                0x08002924      0x144 obj\debug\src\tm_spi\tm_stm32f4_gpio.o
                0x08002924                TM_GPIO_InitAlternate
 .text.TM_GPIO_GetPortSource
                0x08002a68       0x6c obj\debug\src\tm_spi\tm_stm32f4_gpio.o
                0x08002a68                TM_GPIO_GetPortSource
 .text.TM_GPIO_GetPinSource
                0x08002ad4       0x18 obj\debug\src\tm_spi\tm_stm32f4_gpio.o
                0x08002ad4                TM_GPIO_GetPinSource
 .text.TM_ILI9341_InitLCD
                0x08002aec     0x1248 obj\debug\src\tm_spi\tm_stm32f4_ili9341.o
                0x08002aec                TM_ILI9341_InitLCD
 .text.TM_ILI9341_Init
                0x08003d34      0x30c obj\debug\src\tm_spi\tm_stm32f4_ili9341.o
                0x08003d34                TM_ILI9341_Init
 .text.TM_ILI9341_DrawPixel
                0x08004040      0x288 obj\debug\src\tm_spi\tm_stm32f4_ili9341.o
                0x08004040                TM_ILI9341_DrawPixel
 .text.TM_ILI9341_Fill
                0x080042c8      0x2b4 obj\debug\src\tm_spi\tm_stm32f4_ili9341.o
                0x080042c8                TM_ILI9341_Fill
 .text.TM_ILI9341_Rotate
                0x0800457c      0x128 obj\debug\src\tm_spi\tm_stm32f4_ili9341.o
                0x0800457c                TM_ILI9341_Rotate
 .text.TM_ILI9341_Putc
                0x080046a4      0x5a0 obj\debug\src\tm_spi\tm_stm32f4_ili9341.o
                0x080046a4                TM_ILI9341_Putc
 .text.TM_ILI9341_Puts
                0x08004c44       0x70 obj\debug\src\tm_spi\tm_stm32f4_ili9341.o
                0x08004c44                TM_ILI9341_Puts
 .text.TM_ILI9341_DrawLine
                0x08004cb4      0x3cc obj\debug\src\tm_spi\tm_stm32f4_ili9341.o
                0x08004cb4                TM_ILI9341_DrawLine
 .text.TM_ILI9341_DrawRectangle
                0x08005080       0x48 obj\debug\src\tm_spi\tm_stm32f4_ili9341.o
                0x08005080                TM_ILI9341_DrawRectangle
 .text.TM_ILI9341_DrawFilledRectangle
                0x080050c8       0x30 obj\debug\src\tm_spi\tm_stm32f4_ili9341.o
                0x080050c8                TM_ILI9341_DrawFilledRectangle
 .text.TM_SPI_InitCustomPinsCallback
                0x080050f8        0x4 obj\debug\src\tm_spi\tm_stm32f4_spi.o
                0x080050f8                TM_SPI_InitCustomPinsCallback
 .text.TM_SPI_Init
                0x080050fc      0x1d0 obj\debug\src\tm_spi\tm_stm32f4_spi.o
                0x080050fc                TM_SPI_Init
 .text.cargf    0x080052cc       0x38 c:/program files (x86)/embitz/1.11/share/em_armgcc/bin/../lib/gcc/arm-none-eabi/5.4.1/../../../../arm-none-eabi/lib/armv7e-m/fpu\libm.a(lib_a-cargf.o)
                0x080052cc                cargf
 .text.cimagf   0x08005304        0xc c:/program files (x86)/embitz/1.11/share/em_armgcc/bin/../lib/gcc/arm-none-eabi/5.4.1/../../../../arm-none-eabi/lib/armv7e-m/fpu\libm.a(lib_a-cimagf.o)
                0x08005304                cimagf
 .text.crealf   0x08005310        0x8 c:/program files (x86)/embitz/1.11/share/em_armgcc/bin/../lib/gcc/arm-none-eabi/5.4.1/../../../../arm-none-eabi/lib/armv7e-m/fpu\libm.a(lib_a-crealf.o)
                0x08005310                crealf
 .text.atan2f   0x08005318        0x4 c:/program files (x86)/embitz/1.11/share/em_armgcc/bin/../lib/gcc/arm-none-eabi/5.4.1/../../../../arm-none-eabi/lib/armv7e-m/fpu\libm.a(lib_a-wf_atan2.o)
                0x08005318                atan2f
 .text.__ieee754_atan2f
                0x0800531c      0x16c c:/program files (x86)/embitz/1.11/share/em_armgcc/bin/../lib/gcc/arm-none-eabi/5.4.1/../../../../arm-none-eabi/lib/armv7e-m/fpu\libm.a(lib_a-ef_atan2.o)
                0x0800531c                __ieee754_atan2f
 .text.atanf    0x08005488      0x1b8 c:/program files (x86)/embitz/1.11/share/em_armgcc/bin/../lib/gcc/arm-none-eabi/5.4.1/../../../../arm-none-eabi/lib/armv7e-m/fpu\libm.a(lib_a-sf_atan.o)
                0x08005488                atanf
 .text.fabsf    0x08005640       0x10 c:/program files (x86)/embitz/1.11/share/em_armgcc/bin/../lib/gcc/arm-none-eabi/5.4.1/../../../../arm-none-eabi/lib/armv7e-m/fpu\libm.a(lib_a-sf_fabs.o)
                0x08005640                fabsf
 .text.arm_q15_to_float
                0x08005650       0xa0 ..\CMSIS-4.5.0\CMSIS-4.5.0\CMSIS\Lib\GCC\libarm_cortexM4lf_math.a(arm_q15_to_float.o)
                0x08005650                arm_q15_to_float
 .text.arm_float_to_q15
                0x080056f0      0x130 ..\CMSIS-4.5.0\CMSIS-4.5.0\CMSIS\Lib\GCC\libarm_cortexM4lf_math.a(arm_float_to_q15.o)
                0x080056f0                arm_float_to_q15
 .text.arm_max_f32
                0x08005820       0xd0 ..\CMSIS-4.5.0\CMSIS-4.5.0\CMSIS\Lib\GCC\libarm_cortexM4lf_math.a(arm_max_f32.o)
                0x08005820                arm_max_f32
 .text.arm_cfft_radix8by2_f32
                0x080058f0      0x1a4 ..\CMSIS-4.5.0\CMSIS-4.5.0\CMSIS\Lib\GCC\libarm_cortexM4lf_math.a(arm_cfft_f32.o)
                0x080058f0                arm_cfft_radix8by2_f32
 .text.arm_cfft_radix8by4_f32
                0x08005a94      0x4bc ..\CMSIS-4.5.0\CMSIS-4.5.0\CMSIS\Lib\GCC\libarm_cortexM4lf_math.a(arm_cfft_f32.o)
                0x08005a94                arm_cfft_radix8by4_f32
 .text.arm_cfft_f32
                0x08005f50       0xf4 ..\CMSIS-4.5.0\CMSIS-4.5.0\CMSIS\Lib\GCC\libarm_cortexM4lf_math.a(arm_cfft_f32.o)
                0x08005f50                arm_cfft_f32
 .text.arm_lms_init_f32
                0x08006044       0x34 ..\CMSIS-4.5.0\CMSIS-4.5.0\CMSIS\Lib\GCC\libarm_cortexM4lf_math.a(arm_lms_init_f32.o)
                0x08006044                arm_lms_init_f32
 .text.arm_lms_f32
                0x08006078      0x204 ..\CMSIS-4.5.0\CMSIS-4.5.0\CMSIS\Lib\GCC\libarm_cortexM4lf_math.a(arm_lms_f32.o)
                0x08006078                arm_lms_f32
 .text.arm_fir_init_f32
                0x0800627c       0x24 ..\CMSIS-4.5.0\CMSIS-4.5.0\CMSIS\Lib\GCC\libarm_cortexM4lf_math.a(arm_fir_init_f32.o)
                0x0800627c                arm_fir_init_f32
 .text.arm_fir_f32
                0x080062a0      0x4c8 ..\CMSIS-4.5.0\CMSIS-4.5.0\CMSIS\Lib\GCC\libarm_cortexM4lf_math.a(arm_fir_f32.o)
                0x080062a0                arm_fir_f32
 .text.arm_cmplx_mag_f32
                0x08006768      0x1d0 ..\CMSIS-4.5.0\CMSIS-4.5.0\CMSIS\Lib\GCC\libarm_cortexM4lf_math.a(arm_cmplx_mag_f32.o)
                0x08006768                arm_cmplx_mag_f32
 .text.arm_sin_f32
                0x08006938       0x88 ..\CMSIS-4.5.0\CMSIS-4.5.0\CMSIS\Lib\GCC\libarm_cortexM4lf_math.a(arm_sin_f32.o)
                0x08006938                arm_sin_f32
 .text.arm_cos_f32
                0x080069c0       0x80 ..\CMSIS-4.5.0\CMSIS-4.5.0\CMSIS\Lib\GCC\libarm_cortexM4lf_math.a(arm_cos_f32.o)
                0x080069c0                arm_cos_f32
 .text          0x08006a40       0xc0 ..\CMSIS-4.5.0\CMSIS-4.5.0\CMSIS\Lib\GCC\libarm_cortexM4lf_math.a(arm_bitreversal2.o)
                0x08006a40                arm_bitreversal_32
                0x08006aaa                arm_bitreversal_16
 .text.arm_radix8_butterfly_f32
                0x08006b00      0x5c4 ..\CMSIS-4.5.0\CMSIS-4.5.0\CMSIS\Lib\GCC\libarm_cortexM4lf_math.a(arm_cfft_radix8_f32.o)
                0x08006b00                arm_radix8_butterfly_f32
 .text.sqrtf    0x080070c4       0xac c:/program files (x86)/embitz/1.11/share/em_armgcc/bin/../lib/gcc/arm-none-eabi/5.4.1/../../../../arm-none-eabi/lib/armv7e-m/fpu\libm.a(lib_a-wf_sqrt.o)
                0x080070c4                sqrtf
 .text.__ieee754_sqrtf
                0x08007170       0xa4 c:/program files (x86)/embitz/1.11/share/em_armgcc/bin/../lib/gcc/arm-none-eabi/5.4.1/../../../../arm-none-eabi/lib/armv7e-m/fpu\libm.a(lib_a-ef_sqrt.o)
                0x08007170                __ieee754_sqrtf
 .text.matherr  0x08007214        0x4 c:/program files (x86)/embitz/1.11/share/em_armgcc/bin/../lib/gcc/arm-none-eabi/5.4.1/../../../../arm-none-eabi/lib/armv7e-m/fpu\libm.a(lib_a-s_matherr.o)
                0x08007214                matherr
 .text.initialise_monitor_handles
                0x08007218       0xa4 c:/program files (x86)/embitz/1.11/share/em_armgcc/bin/../lib/gcc/arm-none-eabi/5.4.1/../../../../arm-none-eabi/lib/armv7e-m/fpu\librdimon_n.a(rdimon-syscalls.o)
                0x08007218                initialise_monitor_handles
 .text._sbrk    0x080072bc       0x48 c:/program files (x86)/embitz/1.11/share/em_armgcc/bin/../lib/gcc/arm-none-eabi/5.4.1/../../../../arm-none-eabi/lib/armv7e-m/fpu\librdimon_n.a(rdimon-syscalls.o)
                0x080072bc                _sbrk
 .text          0x08007304      0x370 c:/program files (x86)/embitz/1.11/share/em_armgcc/bin/../lib/gcc/arm-none-eabi/5.4.1/armv7e-m/fpu\libgcc.a(_arm_addsubdf3.o)
                0x08007304                __aeabi_drsub
                0x0800730c                __aeabi_dsub
                0x0800730c                __subdf3
                0x08007310                __aeabi_dadd
                0x08007310                __adddf3
                0x08007588                __floatunsidf
                0x08007588                __aeabi_ui2d
                0x080075a8                __floatsidf
                0x080075a8                __aeabi_i2d
                0x080075cc                __aeabi_f2d
                0x080075cc                __extendsfdf2
                0x08007608                __floatundidf
                0x08007608                __aeabi_ul2d
                0x08007618                __floatdidf
                0x08007618                __aeabi_l2d
 .text          0x08007674      0x424 c:/program files (x86)/embitz/1.11/share/em_armgcc/bin/../lib/gcc/arm-none-eabi/5.4.1/armv7e-m/fpu\libgcc.a(_arm_muldivdf3.o)
                0x08007674                __aeabi_dmul
                0x08007674                __muldf3
                0x080078c8                __divdf3
                0x080078c8                __aeabi_ddiv
 .text          0x08007a98       0xa0 c:/program files (x86)/embitz/1.11/share/em_armgcc/bin/../lib/gcc/arm-none-eabi/5.4.1/armv7e-m/fpu\libgcc.a(_arm_truncdfsf2.o)
                0x08007a98                __truncdfsf2
                0x08007a98                __aeabi_d2f
 .text.__errno  0x08007b38        0xc c:/program files (x86)/embitz/1.11/share/em_armgcc/bin/../lib/gcc/arm-none-eabi/5.4.1/../../../../arm-none-eabi/lib/armv7e-m/fpu\libg_n.a(lib_a-errno.o)
                0x08007b38                __errno
 .text.exit     0x08007b44       0x28 c:/program files (x86)/embitz/1.11/share/em_armgcc/bin/../lib/gcc/arm-none-eabi/5.4.1/../../../../arm-none-eabi/lib/armv7e-m/fpu\libg_n.a(lib_a-exit.o)
                0x08007b44                exit
 .text.__libc_init_array
                0x08007b6c       0x4c c:/program files (x86)/embitz/1.11/share/em_armgcc/bin/../lib/gcc/arm-none-eabi/5.4.1/../../../../arm-none-eabi/lib/armv7e-m/fpu\libg_n.a(lib_a-init.o)
                0x08007b6c                __libc_init_array
 .text.memset   0x08007bb8       0x10 c:/program files (x86)/embitz/1.11/share/em_armgcc/bin/../lib/gcc/arm-none-eabi/5.4.1/../../../../arm-none-eabi/lib/armv7e-m/fpu\libg_n.a(lib_a-memset.o)
                0x08007bb8                memset
 .text._malloc_r
                0x08007bc8       0xbc c:/program files (x86)/embitz/1.11/share/em_armgcc/bin/../lib/gcc/arm-none-eabi/5.4.1/../../../../arm-none-eabi/lib/armv7e-m/fpu\libg_n.a(lib_a-nano-mallocr.o)
                0x08007bc8                _malloc_r
 .text._sbrk_r  0x08007c84       0x20 c:/program files (x86)/embitz/1.11/share/em_armgcc/bin/../lib/gcc/arm-none-eabi/5.4.1/../../../../arm-none-eabi/lib/armv7e-m/fpu\libg_n.a(lib_a-sbrkr.o)
                0x08007c84                _sbrk_r
 .text.sprintf  0x08007ca4       0x48 c:/program files (x86)/embitz/1.11/share/em_armgcc/bin/../lib/gcc/arm-none-eabi/5.4.1/../../../../arm-none-eabi/lib/armv7e-m/fpu\libg_n.a(lib_a-sprintf.o)
                0x08007ca4                siprintf
                0x08007ca4                sprintf
 .text.__malloc_lock
                0x08007cec        0x2 c:/program files (x86)/embitz/1.11/share/em_armgcc/bin/../lib/gcc/arm-none-eabi/5.4.1/../../../../arm-none-eabi/lib/armv7e-m/fpu\libg_n.a(lib_a-mlock.o)
                0x08007cec                __malloc_lock
 .text.__malloc_unlock
                0x08007cee        0x2 c:/program files (x86)/embitz/1.11/share/em_armgcc/bin/../lib/gcc/arm-none-eabi/5.4.1/../../../../arm-none-eabi/lib/armv7e-m/fpu\libg_n.a(lib_a-mlock.o)
                0x08007cee                __malloc_unlock
 .text._free_r  0x08007cf0       0x9c c:/program files (x86)/embitz/1.11/share/em_armgcc/bin/../lib/gcc/arm-none-eabi/5.4.1/../../../../arm-none-eabi/lib/armv7e-m/fpu\libg_n.a(lib_a-nano-freer.o)
                0x08007cf0                _free_r
 .text.__ssputs_r
                0x08007d8c       0xb2 c:/program files (x86)/embitz/1.11/share/em_armgcc/bin/../lib/gcc/arm-none-eabi/5.4.1/../../../../arm-none-eabi/lib/armv7e-m/fpu\libg_n.a(lib_a-nano-svfprintf.o)
                0x08007d8c                __ssputs_r
 *fill*         0x08007e3e        0x2 
 .text._svfprintf_r
                0x08007e40      0x1e8 c:/program files (x86)/embitz/1.11/share/em_armgcc/bin/../lib/gcc/arm-none-eabi/5.4.1/../../../../arm-none-eabi/lib/armv7e-m/fpu\libg_n.a(lib_a-nano-svfprintf.o)
                0x08007e40                _svfiprintf_r
                0x08007e40                _svfprintf_r
 .text._printf_common
                0x08008028       0xec c:/program files (x86)/embitz/1.11/share/em_armgcc/bin/../lib/gcc/arm-none-eabi/5.4.1/../../../../arm-none-eabi/lib/armv7e-m/fpu\libg_n.a(lib_a-nano-vfprintf_i.o)
                0x08008028                _printf_common
 .text._printf_i
                0x08008114      0x24c c:/program files (x86)/embitz/1.11/share/em_armgcc/bin/../lib/gcc/arm-none-eabi/5.4.1/../../../../arm-none-eabi/lib/armv7e-m/fpu\libg_n.a(lib_a-nano-vfprintf_i.o)
                0x08008114                _printf_i
 .text          0x08008360       0xa0 c:/program files (x86)/embitz/1.11/share/em_armgcc/bin/../lib/gcc/arm-none-eabi/5.4.1/../../../../arm-none-eabi/lib/armv7e-m/fpu\libg_n.a(lib_a-memchr.o)
                0x08008360                memchr
 .text.memcpy   0x08008400       0x16 c:/program files (x86)/embitz/1.11/share/em_armgcc/bin/../lib/gcc/arm-none-eabi/5.4.1/../../../../arm-none-eabi/lib/armv7e-m/fpu\libg_n.a(lib_a-memcpy-stub.o)
                0x08008400                memcpy
 .text.memmove  0x08008416       0x36 c:/program files (x86)/embitz/1.11/share/em_armgcc/bin/../lib/gcc/arm-none-eabi/5.4.1/../../../../arm-none-eabi/lib/armv7e-m/fpu\libg_n.a(lib_a-memmove.o)
                0x08008416                memmove
 .text._realloc_r
                0x0800844c       0x4c c:/program files (x86)/embitz/1.11/share/em_armgcc/bin/../lib/gcc/arm-none-eabi/5.4.1/../../../../arm-none-eabi/lib/armv7e-m/fpu\libg_n.a(lib_a-nano-reallocr.o)
                0x0800844c                _realloc_r
 .text._malloc_usable_size_r
                0x08008498       0x14 c:/program files (x86)/embitz/1.11/share/em_armgcc/bin/../lib/gcc/arm-none-eabi/5.4.1/../../../../arm-none-eabi/lib/armv7e-m/fpu\libg_n.a(lib_a-nano-msizer.o)
                0x08008498                _malloc_usable_size_r
 .text._exit    0x080084ac        0x8 c:/program files (x86)/embitz/1.11/share/em_armgcc/bin/../lib/gcc/arm-none-eabi/5.4.1/../../../../arm-none-eabi/lib/armv7e-m/fpu\librdimon_n.a(rdimon-_exit.o)
                0x080084ac                _exit
 .text._kill    0x080084b4       0x20 c:/program files (x86)/embitz/1.11/share/em_armgcc/bin/../lib/gcc/arm-none-eabi/5.4.1/../../../../arm-none-eabi/lib/armv7e-m/fpu\librdimon_n.a(rdimon-_kill.o)
                0x080084b4                _kill
 *(.init)
 .init          0x080084d4        0x4 c:/program files (x86)/embitz/1.11/share/em_armgcc/bin/../lib/gcc/arm-none-eabi/5.4.1/armv7e-m/fpu/crti.o
                0x080084d4                _init
 .init          0x080084d8        0x8 c:/program files (x86)/embitz/1.11/share/em_armgcc/bin/../lib/gcc/arm-none-eabi/5.4.1/armv7e-m/fpu/crtn.o
 *(.fini)
 .fini          0x080084e0        0x4 c:/program files (x86)/embitz/1.11/share/em_armgcc/bin/../lib/gcc/arm-none-eabi/5.4.1/armv7e-m/fpu/crti.o
                0x080084e0                _fini
 .fini          0x080084e4        0x8 c:/program files (x86)/embitz/1.11/share/em_armgcc/bin/../lib/gcc/arm-none-eabi/5.4.1/armv7e-m/fpu/crtn.o
 *crtbegin.o(.ctors)
 *crtbegin?.o(.ctors)
 *(EXCLUDE_FILE(*crtend.o *crtend?.o) .ctors)
 *(SORT(.ctors.*))
 *(.ctors)
 *crtbegin.o(.dtors)
 *crtbegin?.o(.dtors)
 *(EXCLUDE_FILE(*crtend.o *crtend?.o) .dtors)
 *(SORT(.dtors.*))
 *(.dtors)
 *(.rodata*)
 .rodata.firCoeffs32
                0x080084ec       0x64 obj\debug\src\filter_audio_segnal.o
                0x080084ec                firCoeffs32
 .rodata.firCoeffs32_2
                0x08008550      0x194 obj\debug\src\filter_audio_segnal.o
                0x08008550                firCoeffs32_2
 .rodata.firCoeffs32_3
                0x080086e4       0x44 obj\debug\src\filter_audio_segnal.o
                0x080086e4                firCoeffs32_3
 .rodata.firCoeffs32_4
                0x08008728       0x44 obj\debug\src\filter_audio_segnal.o
                0x08008728                firCoeffs32_4
 .rodata.str1.4
                0x0800876c      0x151 obj\debug\src\io_display.o
                                0x155 (size before relaxing)
 *fill*         0x080088bd        0x3 
 .rodata.TM_Font7x10
                0x080088c0      0x76c obj\debug\src\tm_spi\tm_stm32f4_fonts.o
                0x080088c0                TM_Font7x10
 .rodata.TM_Font11x18
                0x0800902c      0xd5c obj\debug\src\tm_spi\tm_stm32f4_fonts.o
                0x0800902c                TM_Font11x18
 .rodata.atanlo
                0x08009d88       0x10 c:/program files (x86)/embitz/1.11/share/em_armgcc/bin/../lib/gcc/arm-none-eabi/5.4.1/../../../../arm-none-eabi/lib/armv7e-m/fpu\libm.a(lib_a-sf_atan.o)
 .rodata.atanhi
                0x08009d98       0x10 c:/program files (x86)/embitz/1.11/share/em_armgcc/bin/../lib/gcc/arm-none-eabi/5.4.1/../../../../arm-none-eabi/lib/armv7e-m/fpu\libm.a(lib_a-sf_atan.o)
 .rodata.arm_cfft_sR_f32_len256
                0x08009da8       0x10 ..\CMSIS-4.5.0\CMSIS-4.5.0\CMSIS\Lib\GCC\libarm_cortexM4lf_math.a(arm_const_structs.o)
                0x08009da8                arm_cfft_sR_f32_len256
 .rodata.twiddleCoef_256
                0x08009db8      0x800 ..\CMSIS-4.5.0\CMSIS-4.5.0\CMSIS\Lib\GCC\libarm_cortexM4lf_math.a(arm_common_tables.o)
                0x08009db8                twiddleCoef_256
 .rodata.sinTable_f32
                0x0800a5b8      0x804 ..\CMSIS-4.5.0\CMSIS-4.5.0\CMSIS\Lib\GCC\libarm_cortexM4lf_math.a(arm_common_tables.o)
                0x0800a5b8                sinTable_f32
 .rodata.armBitRevIndexTable256
                0x0800adbc      0x370 ..\CMSIS-4.5.0\CMSIS-4.5.0\CMSIS\Lib\GCC\libarm_cortexM4lf_math.a(arm_common_tables.o)
                0x0800adbc                armBitRevIndexTable256
 .rodata.str1.4
                0x0800b12c        0x8 c:/program files (x86)/embitz/1.11/share/em_armgcc/bin/../lib/gcc/arm-none-eabi/5.4.1/../../../../arm-none-eabi/lib/armv7e-m/fpu\libm.a(lib_a-wf_sqrt.o)
                                  0x6 (size before relaxing)
 .rodata.str1.1
                0x0800b134        0x4 c:/program files (x86)/embitz/1.11/share/em_armgcc/bin/../lib/gcc/arm-none-eabi/5.4.1/../../../../arm-none-eabi/lib/armv7e-m/fpu\librdimon_n.a(rdimon-syscalls.o)
 .rodata.__sf_fake_stdin
                0x0800b138       0x20 c:/program files (x86)/embitz/1.11/share/em_armgcc/bin/../lib/gcc/arm-none-eabi/5.4.1/../../../../arm-none-eabi/lib/armv7e-m/fpu\libg_n.a(lib_a-findfp.o)
                0x0800b138                __sf_fake_stdin
 .rodata.__sf_fake_stdout
                0x0800b158       0x20 c:/program files (x86)/embitz/1.11/share/em_armgcc/bin/../lib/gcc/arm-none-eabi/5.4.1/../../../../arm-none-eabi/lib/armv7e-m/fpu\libg_n.a(lib_a-findfp.o)
                0x0800b158                __sf_fake_stdout
 .rodata.__sf_fake_stderr
                0x0800b178       0x20 c:/program files (x86)/embitz/1.11/share/em_armgcc/bin/../lib/gcc/arm-none-eabi/5.4.1/../../../../arm-none-eabi/lib/armv7e-m/fpu\libg_n.a(lib_a-findfp.o)
                0x0800b178                __sf_fake_stderr
 .rodata.str1.1
                0x0800b198        0x2 c:/program files (x86)/embitz/1.11/share/em_armgcc/bin/../lib/gcc/arm-none-eabi/5.4.1/../../../../arm-none-eabi/lib/armv7e-m/fpu\libg_n.a(lib_a-impure.o)
 *fill*         0x0800b19a        0x2 
 .rodata._global_impure_ptr
                0x0800b19c        0x4 c:/program files (x86)/embitz/1.11/share/em_armgcc/bin/../lib/gcc/arm-none-eabi/5.4.1/../../../../arm-none-eabi/lib/armv7e-m/fpu\libg_n.a(lib_a-impure.o)
                0x0800b19c                _global_impure_ptr
 .rodata.str1.1
                0x0800b1a0       0x11 c:/program files (x86)/embitz/1.11/share/em_armgcc/bin/../lib/gcc/arm-none-eabi/5.4.1/../../../../arm-none-eabi/lib/armv7e-m/fpu\libg_n.a(lib_a-nano-svfprintf.o)
 .rodata.str1.1
                0x0800b1b1       0x22 c:/program files (x86)/embitz/1.11/share/em_armgcc/bin/../lib/gcc/arm-none-eabi/5.4.1/../../../../arm-none-eabi/lib/armv7e-m/fpu\libg_n.a(lib_a-nano-vfprintf_i.o)
 *(.eh_frame*)
 *fill*         0x0800b1d3        0x1 
 .eh_frame      0x0800b1d4        0x0 c:/program files (x86)/embitz/1.11/share/em_armgcc/bin/../lib/gcc/arm-none-eabi/5.4.1/armv7e-m/fpu/crtbegin.o
 .eh_frame      0x0800b1d4        0x4 c:/program files (x86)/embitz/1.11/share/em_armgcc/bin/../lib/gcc/arm-none-eabi/5.4.1/armv7e-m/fpu/crtend.o

.glue_7         0x0800b1d8        0x0
 .glue_7        0x0800b1d8        0x0 linker stubs

.glue_7t        0x0800b1d8        0x0
 .glue_7t       0x0800b1d8        0x0 linker stubs

.vfp11_veneer   0x0800b1d8        0x0
 .vfp11_veneer  0x0800b1d8        0x0 linker stubs

.v4_bx          0x0800b1d8        0x0
 .v4_bx         0x0800b1d8        0x0 linker stubs

.iplt           0x0800b1d8        0x0
 .iplt          0x0800b1d8        0x0 c:/program files (x86)/embitz/1.11/share/em_armgcc/bin/../lib/gcc/arm-none-eabi/5.4.1/armv7e-m/fpu/crtbegin.o

.ARM.extab
 *(.ARM.extab* .gnu.linkonce.armextab.*)
                0x0800b1d8                __exidx_start = .

.ARM.exidx      0x0800b1d8        0x8
 *(.ARM.exidx* .gnu.linkonce.armexidx.*)
 .ARM.exidx     0x0800b1d8        0x8 c:/program files (x86)/embitz/1.11/share/em_armgcc/bin/../lib/gcc/arm-none-eabi/5.4.1/../../../../arm-none-eabi/lib/armv7e-m/fpu/rdimon-crt0.o
                0x0800b1e0                __exidx_end = .
                0x0800b1e0                __etext = .

.rel.dyn        0x0800b1e0        0x0
 .rel.iplt      0x0800b1e0        0x0 c:/program files (x86)/embitz/1.11/share/em_armgcc/bin/../lib/gcc/arm-none-eabi/5.4.1/armv7e-m/fpu/crtbegin.o

.data           0x20000000      0x204 load address 0x0800b1e0
                0x20000000                __data_start__ = .
 *(vtable)
 *(.data*)
 .data          0x20000000      0x110 c:/program files (x86)/embitz/1.11/share/em_armgcc/bin/../lib/gcc/arm-none-eabi/5.4.1/../../../../arm-none-eabi/lib/armv7e-m/fpu/rdimon-crt0.o
                0x20000008                __stack_base__
 .data.indexVAD
                0x20000110        0x4 obj\debug\src\filter_noise_reduction.o
                0x20000110                indexVAD
 .data.col      0x20000114        0x4 obj\debug\src\io_display.o
                0x20000114                col
 .data.switchPush
                0x20000118        0x1 obj\debug\src\main.o
                0x20000118                switchPush
 .data.slowCt   0x20000119        0x1 obj\debug\src\main.o
                0x20000119                slowCt
 *fill*         0x2000011a        0x2 
 .data.myBounce
                0x2000011c        0x4 obj\debug\src\morsedecode.o
                0x2000011c                myBounce
 .data.mySet    0x20000120       0x41 obj\debug\src\morsedecode.o
                0x20000120                mySet
 .data.justDid  0x20000161        0x1 obj\debug\src\morsedecode.o
                0x20000161                justDid
 .data.characterDone
                0x20000162        0x1 obj\debug\src\morsedecode.o
                0x20000162                characterDone
 *fill*         0x20000163        0x1 
 .data.averageDah
                0x20000164        0x4 obj\debug\src\morsedecode.o
                0x20000164                averageDah
 .data.averageWordGap
                0x20000168        0x4 obj\debug\src\morsedecode.o
                0x20000168                averageWordGap
 .data.fullWait
                0x2000016c        0x4 obj\debug\src\morsedecode.o
                0x2000016c                fullWait
 .data.dit      0x20000170        0x4 obj\debug\src\morsedecode.o
                0x20000170                dit
 .data.ditOrDah
                0x20000174        0x1 obj\debug\src\morsedecode.o
                0x20000174                ditOrDah
 *fill*         0x20000175        0x3 
 .data.waitWait
                0x20000178        0x4 obj\debug\src\morsedecode.o
                0x20000178                waitWait
 .data.recoveredChar
                0x2000017c        0x1 obj\debug\src\morsedecode.o
                0x2000017c                recoveredChar
 *fill*         0x2000017d        0x3 
 .data.TM_Font_7x10
                0x20000180        0x8 obj\debug\src\tm_spi\tm_stm32f4_fonts.o
                0x20000180                TM_Font_7x10
 .data.TM_Font_11x18
                0x20000188        0x8 obj\debug\src\tm_spi\tm_stm32f4_fonts.o
                0x20000188                TM_Font_11x18
 .data.__fdlib_version
                0x20000190        0x1 c:/program files (x86)/embitz/1.11/share/em_armgcc/bin/../lib/gcc/arm-none-eabi/5.4.1/../../../../arm-none-eabi/lib/armv7e-m/fpu\libm.a(lib_a-s_lib_ver.o)
                0x20000190                __fdlib_version
 *fill*         0x20000191        0x3 
 .data.__heap_limit
                0x20000194        0x4 c:/program files (x86)/embitz/1.11/share/em_armgcc/bin/../lib/gcc/arm-none-eabi/5.4.1/../../../../arm-none-eabi/lib/armv7e-m/fpu\librdimon_n.a(rdimon-syscalls.o)
                0x20000194                __heap_limit
 .data.impure_data
                0x20000198       0x60 c:/program files (x86)/embitz/1.11/share/em_armgcc/bin/../lib/gcc/arm-none-eabi/5.4.1/../../../../arm-none-eabi/lib/armv7e-m/fpu\libg_n.a(lib_a-impure.o)
 .data._impure_ptr
                0x200001f8        0x4 c:/program files (x86)/embitz/1.11/share/em_armgcc/bin/../lib/gcc/arm-none-eabi/5.4.1/../../../../arm-none-eabi/lib/armv7e-m/fpu\libg_n.a(lib_a-impure.o)
                0x200001f8                _impure_ptr
                0x200001fc                . = ALIGN (0x4)
                0x200001fc                PROVIDE (__preinit_array_start, .)
 *(.preinit_array)
                0x200001fc                PROVIDE (__preinit_array_end, .)
                0x200001fc                . = ALIGN (0x4)
                0x200001fc                PROVIDE (__init_array_start, .)
 *(SORT(.init_array.*))
 *(.init_array)
 .init_array    0x200001fc        0x4 c:/program files (x86)/embitz/1.11/share/em_armgcc/bin/../lib/gcc/arm-none-eabi/5.4.1/armv7e-m/fpu/crtbegin.o
                0x20000200                PROVIDE (__init_array_end, .)
                0x20000200                . = ALIGN (0x4)
                [!provide]                PROVIDE (__fini_array_start, .)
 *(SORT(.fini_array.*))
 *(.fini_array)
 .fini_array    0x20000200        0x4 c:/program files (x86)/embitz/1.11/share/em_armgcc/bin/../lib/gcc/arm-none-eabi/5.4.1/armv7e-m/fpu/crtbegin.o
                [!provide]                PROVIDE (__fini_array_end, .)
                0x20000204                . = ALIGN (0x4)
                0x20000204                __data_end__ = .

.jcr            0x20000204        0x0 load address 0x0800b3e4
 .jcr           0x20000204        0x0 c:/program files (x86)/embitz/1.11/share/em_armgcc/bin/../lib/gcc/arm-none-eabi/5.4.1/armv7e-m/fpu/crtbegin.o

.igot.plt       0x20000204        0x0 load address 0x0800b3e4
 .igot.plt      0x20000204        0x0 c:/program files (x86)/embitz/1.11/share/em_armgcc/bin/../lib/gcc/arm-none-eabi/5.4.1/armv7e-m/fpu/crtbegin.o

.bss            0x20000204     0x5d34 load address 0x0800b3e4
                0x20000204                __bss_start__ = .
 *(.bss*)
 .bss           0x20000204       0x1c c:/program files (x86)/embitz/1.11/share/em_armgcc/bin/../lib/gcc/arm-none-eabi/5.4.1/armv7e-m/fpu/crtbegin.o
 .bss.lasCmdDnr
                0x20000220        0x4 obj\debug\src\filter_noise_reduction.o
                0x20000220                lasCmdDnr
 .bss.Threshold_max
                0x20000224        0x4 obj\debug\src\filter_noise_reduction.o
                0x20000224                Threshold_max
 .bss.POW_VALUE_max
                0x20000228        0x4 obj\debug\src\filter_noise_reduction.o
                0x20000228                POW_VALUE_max
 .bss.energyChkPeriod_idx
                0x2000022c        0x4 obj\debug\src\filter_noise_reduction.o
                0x2000022c                energyChkPeriod_idx
 .bss.cw_tone_idx
                0x20000230        0x4 obj\debug\src\filter_noise_reduction.o
                0x20000230                cw_tone_idx
 .bss.mediumValue
                0x20000234        0x4 obj\debug\src\filter_noise_reduction.o
                0x20000234                mediumValue
 .bss.level     0x20000238        0x4 obj\debug\src\filter_noise_reduction.o
                0x20000238                level
 .bss.thresholdChkPeriod_idx
                0x2000023c        0x4 obj\debug\src\filter_noise_reduction.o
                0x2000023c                thresholdChkPeriod_idx
 .bss.POW_VALUE
                0x20000240        0x4 obj\debug\src\filter_noise_reduction.o
                0x20000240                POW_VALUE
 .bss.TH_VALUE  0x20000244        0x4 obj\debug\src\filter_noise_reduction.o
                0x20000244                TH_VALUE
 .bss.row       0x20000248        0x4 obj\debug\src\io_display.o
                0x20000248                row
 .bss.firStateF32_3
                0x2000024c      0x440 obj\debug\src\main.o
 .bss.firStateF32_4
                0x2000068c      0x440 obj\debug\src\main.o
 .bss.ict       0x20000acc        0x4 obj\debug\src\main.o
                0x20000acc                ict
 .bss.iCurBuffIdx
                0x20000ad0        0x2 obj\debug\src\main.o
                0x20000ad0                iCurBuffIdx
 .bss.rowCt     0x20000ad2        0x1 obj\debug\src\main.o
                0x20000ad2                rowCt
 .bss.iCmdDnr   0x20000ad3        0x1 obj\debug\src\main.o
                0x20000ad3                iCmdDnr
 .bss.firStateF32
                0x20000ad4      0x460 obj\debug\src\main.o
 .bss.Buffer1   0x20000f34      0x400 obj\debug\src\main.o
 .bss.iCmdFnc   0x20001334        0x1 obj\debug\src\main.o
                0x20001334                iCmdFnc
 .bss.menu_voice
                0x20001335        0x1 obj\debug\src\main.o
                0x20001335                menu_voice
 *fill*         0x20001336        0x2 
 .bss.BufferOut
                0x20001338      0x400 obj\debug\src\main.o
 .bss.iCmdScp   0x20001738        0x1 obj\debug\src\main.o
                0x20001738                iCmdScp
 *fill*         0x20001739        0x3 
 .bss.iLastict  0x2000173c        0x4 obj\debug\src\main.o
                0x2000173c                iLastict
 .bss.BufferIn  0x20001740      0x400 obj\debug\src\main.o
 .bss.iCmdFlt   0x20001b40        0x1 obj\debug\src\main.o
                0x20001b40                iCmdFlt
 *fill*         0x20001b41        0x3 
 .bss.RE1_Data  0x20001b44       0x1c obj\debug\src\main.o
 .bss.firStateF32_2
                0x20001b60      0x590 obj\debug\src\main.o
 .bss.newWord   0x200020f0        0x4 obj\debug\src\morsedecode.o
                0x200020f0                newWord
 .bss.downTime  0x200020f4        0x4 obj\debug\src\morsedecode.o
                0x200020f4                downTime
 .bss.startUpTime
                0x200020f8        0x4 obj\debug\src\morsedecode.o
                0x200020f8                startUpTime
 .bss.lastDahTime
                0x200020fc        0x4 obj\debug\src\morsedecode.o
                0x200020fc                lastDahTime
 .bss.myNum     0x20002100        0x4 obj\debug\src\morsedecode.o
                0x20002100                myNum
 .bss.averageDahTime
                0x20002104        0x4 obj\debug\src\morsedecode.o
                0x20002104                averageDahTime
 .bss.startDownTime
                0x20002108        0x4 obj\debug\src\morsedecode.o
                0x20002108                startDownTime
 .bss.lastDitTime
                0x2000210c        0x4 obj\debug\src\morsedecode.o
                0x2000210c                lastDitTime
 .bss.upTime    0x20002110        0x4 obj\debug\src\morsedecode.o
                0x20002110                upTime
 .bss.GPIO_InitStruct
                0x20002114        0x8 obj\debug\src\tm_spi\tm_stm32f4_gpio.o
 .bss.monitor_stdout
                0x2000211c        0x4 c:/program files (x86)/embitz/1.11/share/em_armgcc/bin/../lib/gcc/arm-none-eabi/5.4.1/../../../../arm-none-eabi/lib/armv7e-m/fpu\librdimon_n.a(rdimon-syscalls.o)
 .bss.heap_end.6189
                0x20002120        0x4 c:/program files (x86)/embitz/1.11/share/em_armgcc/bin/../lib/gcc/arm-none-eabi/5.4.1/../../../../arm-none-eabi/lib/armv7e-m/fpu\librdimon_n.a(rdimon-syscalls.o)
 .bss.monitor_stdin
                0x20002124        0x4 c:/program files (x86)/embitz/1.11/share/em_armgcc/bin/../lib/gcc/arm-none-eabi/5.4.1/../../../../arm-none-eabi/lib/armv7e-m/fpu\librdimon_n.a(rdimon-syscalls.o)
 .bss.monitor_stderr
                0x20002128        0x4 c:/program files (x86)/embitz/1.11/share/em_armgcc/bin/../lib/gcc/arm-none-eabi/5.4.1/../../../../arm-none-eabi/lib/armv7e-m/fpu\librdimon_n.a(rdimon-syscalls.o)
 .bss.openfiles
                0x2000212c       0xa0 c:/program files (x86)/embitz/1.11/share/em_armgcc/bin/../lib/gcc/arm-none-eabi/5.4.1/../../../../arm-none-eabi/lib/armv7e-m/fpu\librdimon_n.a(rdimon-syscalls.o)
 .bss.__malloc_sbrk_start
                0x200021cc        0x4 c:/program files (x86)/embitz/1.11/share/em_armgcc/bin/../lib/gcc/arm-none-eabi/5.4.1/../../../../arm-none-eabi/lib/armv7e-m/fpu\libg_n.a(lib_a-nano-mallocr.o)
                0x200021cc                __malloc_sbrk_start
 .bss.__malloc_free_list
                0x200021d0        0x4 c:/program files (x86)/embitz/1.11/share/em_armgcc/bin/../lib/gcc/arm-none-eabi/5.4.1/../../../../arm-none-eabi/lib/armv7e-m/fpu\libg_n.a(lib_a-nano-mallocr.o)
                0x200021d0                __malloc_free_list
 *(COMMON)
 COMMON         0x200021d4      0x910 obj\debug\src\filter_audio_segnal.o
                0x200021d4                pCoeffs
                0x20002254                lmsStateF32
                0x200026d4                Sl_LMS
                0x200026e4                errOutput
 COMMON         0x20002ae4     0x2410 obj\debug\src\filter_noise_reduction.o
                0x20002ae4                bufferPreOut
                0x20002ee4                FFTBufferMag
                0x200036e4                OutputBuffer
                0x20003ae4                maxValue
                0x20003ae8                FFTBufferTmp
                0x200042e8                maxIndex
                0x200042ec                maxIndex_OLD
                0x200042f0                ADC_ConvertedValue
                0x200046f0                FFTBufferOut
                0x20004ef0                maxValue_OLD
 COMMON         0x20004ef4     0x1034 obj\debug\src\main.o
                0x20004ef4                S3
                0x20004f00                S
                0x20004f0c                FFTBufferMagPlot
                0x2000530c                FFTBufferMagPlot_OLD
                0x2000570c                S4
                0x20005718                FLTBufferTmp
                0x20005f18                S2
                0x20005f24                ticks
 COMMON         0x20005f28        0xc obj\debug\src\tm_spi\tm_stm32f4_ili9341.o
                0x20005f28                ILI9341_x
                0x20005f2c                ILI9341_Opts
                0x20005f32                ILI9341_y
 COMMON         0x20005f34        0x4 c:/program files (x86)/embitz/1.11/share/em_armgcc/bin/../lib/gcc/arm-none-eabi/5.4.1/../../../../arm-none-eabi/lib/armv7e-m/fpu\libg_n.a(lib_a-reent.o)
                0x20005f34                errno
                0x20005f38                __bss_end__ = .

.heap           0x20005f38        0x0
                0x20005f38                __end__ = .
                0x20005f38                end = __end__
 *(.heap*)
 .heap          0x20005f38        0x0 obj\debug\src\startup_stm32f4xx.o
                0x20005f38                __HeapLimit = .

.stack_dummy    0x20005f38      0x100
 *(.stack)
 .stack         0x20005f38      0x100 obj\debug\src\startup_stm32f4xx.o
                0x20020000                __StackTop = (ORIGIN (RAM) + LENGTH (RAM))
                0x2001ff00                __StackLimit = (__StackTop - SIZEOF (.stack_dummy))
                [!provide]                PROVIDE (__stack, __StackTop)
                0x00000001                ASSERT ((__StackLimit >= __HeapLimit), region RAM overflowed with stack)
LOAD obj\debug\spl\src\misc.o
LOAD obj\debug\spl\src\stm32f4xx_adc.o
LOAD obj\debug\spl\src\stm32f4xx_can.o
LOAD obj\debug\spl\src\stm32f4xx_crc.o
LOAD obj\debug\spl\src\stm32f4xx_cryp.o
LOAD obj\debug\spl\src\stm32f4xx_cryp_aes.o
LOAD obj\debug\spl\src\stm32f4xx_cryp_des.o
LOAD obj\debug\spl\src\stm32f4xx_cryp_tdes.o
LOAD obj\debug\spl\src\stm32f4xx_dac.o
LOAD obj\debug\spl\src\stm32f4xx_dbgmcu.o
LOAD obj\debug\spl\src\stm32f4xx_dcmi.o
LOAD obj\debug\spl\src\stm32f4xx_dma.o
LOAD obj\debug\spl\src\stm32f4xx_exti.o
LOAD obj\debug\spl\src\stm32f4xx_flash.o
LOAD obj\debug\spl\src\stm32f4xx_fsmc.o
LOAD obj\debug\spl\src\stm32f4xx_gpio.o
LOAD obj\debug\spl\src\stm32f4xx_hash.o
LOAD obj\debug\spl\src\stm32f4xx_hash_md5.o
LOAD obj\debug\spl\src\stm32f4xx_hash_sha1.o
LOAD obj\debug\spl\src\stm32f4xx_i2c.o
LOAD obj\debug\spl\src\stm32f4xx_iwdg.o
LOAD obj\debug\spl\src\stm32f4xx_pwr.o
LOAD obj\debug\spl\src\stm32f4xx_rcc.o
LOAD obj\debug\spl\src\stm32f4xx_rng.o
LOAD obj\debug\spl\src\stm32f4xx_rtc.o
LOAD obj\debug\spl\src\stm32f4xx_sdio.o
LOAD obj\debug\spl\src\stm32f4xx_spi.o
LOAD obj\debug\spl\src\stm32f4xx_syscfg.o
LOAD obj\debug\spl\src\stm32f4xx_tim.o
LOAD obj\debug\spl\src\stm32f4xx_usart.o
LOAD obj\debug\spl\src\stm32f4xx_wwdg.o
LOAD obj\debug\src\filter_audio_segnal.o
LOAD obj\debug\src\filter_noise_reduction.o
LOAD obj\debug\src\io_audio.o
LOAD obj\debug\src\io_display.o
LOAD obj\debug\src\main.o
LOAD obj\debug\src\morsedecode.o
LOAD obj\debug\src\startup_stm32f4xx.o
LOAD obj\debug\src\system_stm32f4xx.o
LOAD obj\debug\src\tm_enc\tm_stm32f4_exti.o
LOAD obj\debug\src\tm_enc\tm_stm32f4_rotary_encoder.o
LOAD obj\debug\src\tm_spi\tm_stm32f4_disco.o
LOAD obj\debug\src\tm_spi\tm_stm32f4_fonts.o
LOAD obj\debug\src\tm_spi\tm_stm32f4_gpio.o
LOAD obj\debug\src\tm_spi\tm_stm32f4_ili9341.o
LOAD obj\debug\src\tm_spi\tm_stm32f4_spi.o
LOAD obj\debug\src\tm_stm32f4_timer_properties.o
LOAD c:/program files (x86)/embitz/1.11/share/em_armgcc/bin/../lib/gcc/arm-none-eabi/5.4.1/../../../../arm-none-eabi/lib/armv7e-m/fpu\libm.a
LOAD ..\CMSIS-4.5.0\CMSIS-4.5.0\CMSIS\Lib\GCC\libarm_cortexM4lf_math.a
LOAD c:/program files (x86)/embitz/1.11/share/em_armgcc/bin/../lib/gcc/arm-none-eabi/5.4.1/../../../../arm-none-eabi/lib/armv7e-m/fpu\libm.a
LOAD ..\CMSIS_5-5.4.0\CMSIS_5-5.4.0\CMSIS\Lib\GCC\libarm_cortexM4lf_math.a
LOAD c:/program files (x86)/embitz/1.11/share/em_armgcc/bin/../lib/gcc/arm-none-eabi/5.4.1/../../../../arm-none-eabi/lib/armv7e-m/fpu\librdimon_n.a
START GROUP
LOAD c:/program files (x86)/embitz/1.11/share/em_armgcc/bin/../lib/gcc/arm-none-eabi/5.4.1/armv7e-m/fpu\libgcc.a
LOAD c:/program files (x86)/embitz/1.11/share/em_armgcc/bin/../lib/gcc/arm-none-eabi/5.4.1/../../../../arm-none-eabi/lib/armv7e-m/fpu\libg_n.a
LOAD c:/program files (x86)/embitz/1.11/share/em_armgcc/bin/../lib/gcc/arm-none-eabi/5.4.1/../../../../arm-none-eabi/lib/armv7e-m/fpu\libc_n.a
END GROUP
START GROUP
LOAD c:/program files (x86)/embitz/1.11/share/em_armgcc/bin/../lib/gcc/arm-none-eabi/5.4.1/armv7e-m/fpu\libgcc.a
LOAD c:/program files (x86)/embitz/1.11/share/em_armgcc/bin/../lib/gcc/arm-none-eabi/5.4.1/../../../../arm-none-eabi/lib/armv7e-m/fpu\libc_n.a
LOAD c:/program files (x86)/embitz/1.11/share/em_armgcc/bin/../lib/gcc/arm-none-eabi/5.4.1/../../../../arm-none-eabi/lib/armv7e-m/fpu\librdimon_n.a
LOAD c:/program files (x86)/embitz/1.11/share/em_armgcc/bin/../lib/gcc/arm-none-eabi/5.4.1/../../../../arm-none-eabi/lib/armv7e-m/fpu\libnosys_s.a
END GROUP
START GROUP
LOAD c:/program files (x86)/embitz/1.11/share/em_armgcc/bin/../lib/gcc/arm-none-eabi/5.4.1/armv7e-m/fpu\libgcc.a
LOAD c:/program files (x86)/embitz/1.11/share/em_armgcc/bin/../lib/gcc/arm-none-eabi/5.4.1/../../../../arm-none-eabi/lib/armv7e-m/fpu\libc_n.a
LOAD c:/program files (x86)/embitz/1.11/share/em_armgcc/bin/../lib/gcc/arm-none-eabi/5.4.1/../../../../arm-none-eabi/lib/armv7e-m/fpu\librdimon_n.a
END GROUP
LOAD c:/program files (x86)/embitz/1.11/share/em_armgcc/bin/../lib/gcc/arm-none-eabi/5.4.1/armv7e-m/fpu/crtend.o
LOAD c:/program files (x86)/embitz/1.11/share/em_armgcc/bin/../lib/gcc/arm-none-eabi/5.4.1/armv7e-m/fpu/crtn.o
OUTPUT(bin\Debug\RadioDSP_CortexM4.elf elf32-littlearm)

.ARM.attributes
                0x00000000       0x30
 .ARM.attributes
                0x00000000       0x22 c:/program files (x86)/embitz/1.11/share/em_armgcc/bin/../lib/gcc/arm-none-eabi/5.4.1/armv7e-m/fpu/crti.o
 .ARM.attributes
                0x00000022       0x34 c:/program files (x86)/embitz/1.11/share/em_armgcc/bin/../lib/gcc/arm-none-eabi/5.4.1/armv7e-m/fpu/crtbegin.o
 .ARM.attributes
                0x00000056       0x20 c:/program files (x86)/embitz/1.11/share/em_armgcc/bin/../lib/gcc/arm-none-eabi/5.4.1/../../../../arm-none-eabi/lib/armv7e-m/fpu/rdimon-crt0.o
 .ARM.attributes
                0x00000076       0x39 obj\debug\spl\src\misc.o
 .ARM.attributes
                0x000000af       0x39 obj\debug\spl\src\stm32f4xx_adc.o
 .ARM.attributes
                0x000000e8       0x39 obj\debug\spl\src\stm32f4xx_dac.o
 .ARM.attributes
                0x00000121       0x39 obj\debug\spl\src\stm32f4xx_dma.o
 .ARM.attributes
                0x0000015a       0x39 obj\debug\spl\src\stm32f4xx_gpio.o
 .ARM.attributes
                0x00000193       0x39 obj\debug\spl\src\stm32f4xx_rcc.o
 .ARM.attributes
                0x000001cc       0x39 obj\debug\spl\src\stm32f4xx_spi.o
 .ARM.attributes
                0x00000205       0x39 obj\debug\spl\src\stm32f4xx_tim.o
 .ARM.attributes
                0x0000023e       0x39 obj\debug\src\filter_audio_segnal.o
 .ARM.attributes
                0x00000277       0x39 obj\debug\src\filter_noise_reduction.o
 .ARM.attributes
                0x000002b0       0x39 obj\debug\src\io_audio.o
 .ARM.attributes
                0x000002e9       0x39 obj\debug\src\io_display.o
 .ARM.attributes
                0x00000322       0x39 obj\debug\src\main.o
 .ARM.attributes
                0x0000035b       0x39 obj\debug\src\morsedecode.o
 .ARM.attributes
                0x00000394       0x1f obj\debug\src\startup_stm32f4xx.o
 .ARM.attributes
                0x000003b3       0x39 obj\debug\src\system_stm32f4xx.o
 .ARM.attributes
                0x000003ec       0x39 obj\debug\src\tm_enc\tm_stm32f4_exti.o
 .ARM.attributes
                0x00000425       0x39 obj\debug\src\tm_enc\tm_stm32f4_rotary_encoder.o
 .ARM.attributes
                0x0000045e       0x39 obj\debug\src\tm_spi\tm_stm32f4_fonts.o
 .ARM.attributes
                0x00000497       0x39 obj\debug\src\tm_spi\tm_stm32f4_gpio.o
 .ARM.attributes
                0x000004d0       0x39 obj\debug\src\tm_spi\tm_stm32f4_ili9341.o
 .ARM.attributes
                0x00000509       0x39 obj\debug\src\tm_spi\tm_stm32f4_spi.o
 .ARM.attributes
                0x00000542       0x34 c:/program files (x86)/embitz/1.11/share/em_armgcc/bin/../lib/gcc/arm-none-eabi/5.4.1/../../../../arm-none-eabi/lib/armv7e-m/fpu\libm.a(lib_a-cargf.o)
 .ARM.attributes
                0x00000576       0x34 c:/program files (x86)/embitz/1.11/share/em_armgcc/bin/../lib/gcc/arm-none-eabi/5.4.1/../../../../arm-none-eabi/lib/armv7e-m/fpu\libm.a(lib_a-cimagf.o)
 .ARM.attributes
                0x000005aa       0x34 c:/program files (x86)/embitz/1.11/share/em_armgcc/bin/../lib/gcc/arm-none-eabi/5.4.1/../../../../arm-none-eabi/lib/armv7e-m/fpu\libm.a(lib_a-crealf.o)
 .ARM.attributes
                0x000005de       0x34 c:/program files (x86)/embitz/1.11/share/em_armgcc/bin/../lib/gcc/arm-none-eabi/5.4.1/../../../../arm-none-eabi/lib/armv7e-m/fpu\libm.a(lib_a-wf_atan2.o)
 .ARM.attributes
                0x00000612       0x34 c:/program files (x86)/embitz/1.11/share/em_armgcc/bin/../lib/gcc/arm-none-eabi/5.4.1/../../../../arm-none-eabi/lib/armv7e-m/fpu\libm.a(lib_a-ef_atan2.o)
 .ARM.attributes
                0x00000646       0x34 c:/program files (x86)/embitz/1.11/share/em_armgcc/bin/../lib/gcc/arm-none-eabi/5.4.1/../../../../arm-none-eabi/lib/armv7e-m/fpu\libm.a(lib_a-sf_atan.o)
 .ARM.attributes
                0x0000067a       0x34 c:/program files (x86)/embitz/1.11/share/em_armgcc/bin/../lib/gcc/arm-none-eabi/5.4.1/../../../../arm-none-eabi/lib/armv7e-m/fpu\libm.a(lib_a-sf_fabs.o)
 .ARM.attributes
                0x000006ae       0x39 ..\CMSIS-4.5.0\CMSIS-4.5.0\CMSIS\Lib\GCC\libarm_cortexM4lf_math.a(arm_const_structs.o)
 .ARM.attributes
                0x000006e7       0x39 ..\CMSIS-4.5.0\CMSIS-4.5.0\CMSIS\Lib\GCC\libarm_cortexM4lf_math.a(arm_common_tables.o)
 .ARM.attributes
                0x00000720       0x39 ..\CMSIS-4.5.0\CMSIS-4.5.0\CMSIS\Lib\GCC\libarm_cortexM4lf_math.a(arm_q15_to_float.o)
 .ARM.attributes
                0x00000759       0x39 ..\CMSIS-4.5.0\CMSIS-4.5.0\CMSIS\Lib\GCC\libarm_cortexM4lf_math.a(arm_float_to_q15.o)
 .ARM.attributes
                0x00000792       0x39 ..\CMSIS-4.5.0\CMSIS-4.5.0\CMSIS\Lib\GCC\libarm_cortexM4lf_math.a(arm_max_f32.o)
 .ARM.attributes
                0x000007cb       0x39 ..\CMSIS-4.5.0\CMSIS-4.5.0\CMSIS\Lib\GCC\libarm_cortexM4lf_math.a(arm_cfft_f32.o)
 .ARM.attributes
                0x00000804       0x39 ..\CMSIS-4.5.0\CMSIS-4.5.0\CMSIS\Lib\GCC\libarm_cortexM4lf_math.a(arm_lms_init_f32.o)
 .ARM.attributes
                0x0000083d       0x39 ..\CMSIS-4.5.0\CMSIS-4.5.0\CMSIS\Lib\GCC\libarm_cortexM4lf_math.a(arm_lms_f32.o)
 .ARM.attributes
                0x00000876       0x39 ..\CMSIS-4.5.0\CMSIS-4.5.0\CMSIS\Lib\GCC\libarm_cortexM4lf_math.a(arm_fir_init_f32.o)
 .ARM.attributes
                0x000008af       0x39 ..\CMSIS-4.5.0\CMSIS-4.5.0\CMSIS\Lib\GCC\libarm_cortexM4lf_math.a(arm_fir_f32.o)
 .ARM.attributes
                0x000008e8       0x39 ..\CMSIS-4.5.0\CMSIS-4.5.0\CMSIS\Lib\GCC\libarm_cortexM4lf_math.a(arm_cmplx_mag_f32.o)
 .ARM.attributes
                0x00000921       0x39 ..\CMSIS-4.5.0\CMSIS-4.5.0\CMSIS\Lib\GCC\libarm_cortexM4lf_math.a(arm_sin_f32.o)
 .ARM.attributes
                0x0000095a       0x39 ..\CMSIS-4.5.0\CMSIS-4.5.0\CMSIS\Lib\GCC\libarm_cortexM4lf_math.a(arm_cos_f32.o)
 .ARM.attributes
                0x00000993       0x25 ..\CMSIS-4.5.0\CMSIS-4.5.0\CMSIS\Lib\GCC\libarm_cortexM4lf_math.a(arm_bitreversal2.o)
 .ARM.attributes
                0x000009b8       0x39 ..\CMSIS-4.5.0\CMSIS-4.5.0\CMSIS\Lib\GCC\libarm_cortexM4lf_math.a(arm_cfft_radix8_f32.o)
 .ARM.attributes
                0x000009f1       0x34 c:/program files (x86)/embitz/1.11/share/em_armgcc/bin/../lib/gcc/arm-none-eabi/5.4.1/../../../../arm-none-eabi/lib/armv7e-m/fpu\libm.a(lib_a-wf_sqrt.o)
 .ARM.attributes
                0x00000a25       0x34 c:/program files (x86)/embitz/1.11/share/em_armgcc/bin/../lib/gcc/arm-none-eabi/5.4.1/../../../../arm-none-eabi/lib/armv7e-m/fpu\libm.a(lib_a-ef_sqrt.o)
 .ARM.attributes
                0x00000a59       0x34 c:/program files (x86)/embitz/1.11/share/em_armgcc/bin/../lib/gcc/arm-none-eabi/5.4.1/../../../../arm-none-eabi/lib/armv7e-m/fpu\libm.a(lib_a-s_lib_ver.o)
 .ARM.attributes
                0x00000a8d       0x34 c:/program files (x86)/embitz/1.11/share/em_armgcc/bin/../lib/gcc/arm-none-eabi/5.4.1/../../../../arm-none-eabi/lib/armv7e-m/fpu\libm.a(lib_a-s_matherr.o)
 .ARM.attributes
                0x00000ac1       0x34 c:/program files (x86)/embitz/1.11/share/em_armgcc/bin/../lib/gcc/arm-none-eabi/5.4.1/../../../../arm-none-eabi/lib/armv7e-m/fpu\librdimon_n.a(rdimon-syscalls.o)
 .ARM.attributes
                0x00000af5       0x22 c:/program files (x86)/embitz/1.11/share/em_armgcc/bin/../lib/gcc/arm-none-eabi/5.4.1/armv7e-m/fpu\libgcc.a(_arm_addsubdf3.o)
 .ARM.attributes
                0x00000b17       0x22 c:/program files (x86)/embitz/1.11/share/em_armgcc/bin/../lib/gcc/arm-none-eabi/5.4.1/armv7e-m/fpu\libgcc.a(_arm_muldivdf3.o)
 .ARM.attributes
                0x00000b39       0x22 c:/program files (x86)/embitz/1.11/share/em_armgcc/bin/../lib/gcc/arm-none-eabi/5.4.1/armv7e-m/fpu\libgcc.a(_arm_truncdfsf2.o)
 .ARM.attributes
                0x00000b5b       0x34 c:/program files (x86)/embitz/1.11/share/em_armgcc/bin/../lib/gcc/arm-none-eabi/5.4.1/../../../../arm-none-eabi/lib/armv7e-m/fpu\libg_n.a(lib_a-errno.o)
 .ARM.attributes
                0x00000b8f       0x34 c:/program files (x86)/embitz/1.11/share/em_armgcc/bin/../lib/gcc/arm-none-eabi/5.4.1/../../../../arm-none-eabi/lib/armv7e-m/fpu\libg_n.a(lib_a-exit.o)
 .ARM.attributes
                0x00000bc3       0x34 c:/program files (x86)/embitz/1.11/share/em_armgcc/bin/../lib/gcc/arm-none-eabi/5.4.1/../../../../arm-none-eabi/lib/armv7e-m/fpu\libg_n.a(lib_a-findfp.o)
 .ARM.attributes
                0x00000bf7       0x34 c:/program files (x86)/embitz/1.11/share/em_armgcc/bin/../lib/gcc/arm-none-eabi/5.4.1/../../../../arm-none-eabi/lib/armv7e-m/fpu\libg_n.a(lib_a-impure.o)
 .ARM.attributes
                0x00000c2b       0x34 c:/program files (x86)/embitz/1.11/share/em_armgcc/bin/../lib/gcc/arm-none-eabi/5.4.1/../../../../arm-none-eabi/lib/armv7e-m/fpu\libg_n.a(lib_a-init.o)
 .ARM.attributes
                0x00000c5f       0x34 c:/program files (x86)/embitz/1.11/share/em_armgcc/bin/../lib/gcc/arm-none-eabi/5.4.1/../../../../arm-none-eabi/lib/armv7e-m/fpu\libg_n.a(lib_a-memset.o)
 .ARM.attributes
                0x00000c93       0x34 c:/program files (x86)/embitz/1.11/share/em_armgcc/bin/../lib/gcc/arm-none-eabi/5.4.1/../../../../arm-none-eabi/lib/armv7e-m/fpu\libg_n.a(lib_a-nano-mallocr.o)
 .ARM.attributes
                0x00000cc7       0x34 c:/program files (x86)/embitz/1.11/share/em_armgcc/bin/../lib/gcc/arm-none-eabi/5.4.1/../../../../arm-none-eabi/lib/armv7e-m/fpu\libg_n.a(lib_a-sbrkr.o)
 .ARM.attributes
                0x00000cfb       0x34 c:/program files (x86)/embitz/1.11/share/em_armgcc/bin/../lib/gcc/arm-none-eabi/5.4.1/../../../../arm-none-eabi/lib/armv7e-m/fpu\libg_n.a(lib_a-sprintf.o)
 .ARM.attributes
                0x00000d2f       0x34 c:/program files (x86)/embitz/1.11/share/em_armgcc/bin/../lib/gcc/arm-none-eabi/5.4.1/../../../../arm-none-eabi/lib/armv7e-m/fpu\libg_n.a(lib_a-mlock.o)
 .ARM.attributes
                0x00000d63       0x34 c:/program files (x86)/embitz/1.11/share/em_armgcc/bin/../lib/gcc/arm-none-eabi/5.4.1/../../../../arm-none-eabi/lib/armv7e-m/fpu\libg_n.a(lib_a-nano-freer.o)
 .ARM.attributes
                0x00000d97       0x34 c:/program files (x86)/embitz/1.11/share/em_armgcc/bin/../lib/gcc/arm-none-eabi/5.4.1/../../../../arm-none-eabi/lib/armv7e-m/fpu\libg_n.a(lib_a-nano-svfprintf.o)
 .ARM.attributes
                0x00000dcb       0x34 c:/program files (x86)/embitz/1.11/share/em_armgcc/bin/../lib/gcc/arm-none-eabi/5.4.1/../../../../arm-none-eabi/lib/armv7e-m/fpu\libg_n.a(lib_a-nano-vfprintf_i.o)
 .ARM.attributes
                0x00000dff       0x34 c:/program files (x86)/embitz/1.11/share/em_armgcc/bin/../lib/gcc/arm-none-eabi/5.4.1/../../../../arm-none-eabi/lib/armv7e-m/fpu\libg_n.a(lib_a-reent.o)
 .ARM.attributes
                0x00000e33       0x20 c:/program files (x86)/embitz/1.11/share/em_armgcc/bin/../lib/gcc/arm-none-eabi/5.4.1/../../../../arm-none-eabi/lib/armv7e-m/fpu\libg_n.a(lib_a-memchr.o)
 .ARM.attributes
                0x00000e53       0x34 c:/program files (x86)/embitz/1.11/share/em_armgcc/bin/../lib/gcc/arm-none-eabi/5.4.1/../../../../arm-none-eabi/lib/armv7e-m/fpu\libg_n.a(lib_a-memcpy-stub.o)
 .ARM.attributes
                0x00000e87       0x34 c:/program files (x86)/embitz/1.11/share/em_armgcc/bin/../lib/gcc/arm-none-eabi/5.4.1/../../../../arm-none-eabi/lib/armv7e-m/fpu\libg_n.a(lib_a-memmove.o)
 .ARM.attributes
                0x00000ebb       0x34 c:/program files (x86)/embitz/1.11/share/em_armgcc/bin/../lib/gcc/arm-none-eabi/5.4.1/../../../../arm-none-eabi/lib/armv7e-m/fpu\libg_n.a(lib_a-nano-reallocr.o)
 .ARM.attributes
                0x00000eef       0x34 c:/program files (x86)/embitz/1.11/share/em_armgcc/bin/../lib/gcc/arm-none-eabi/5.4.1/../../../../arm-none-eabi/lib/armv7e-m/fpu\libg_n.a(lib_a-nano-msizer.o)
 .ARM.attributes
                0x00000f23       0x34 c:/program files (x86)/embitz/1.11/share/em_armgcc/bin/../lib/gcc/arm-none-eabi/5.4.1/../../../../arm-none-eabi/lib/armv7e-m/fpu\librdimon_n.a(rdimon-_exit.o)
 .ARM.attributes
                0x00000f57       0x34 c:/program files (x86)/embitz/1.11/share/em_armgcc/bin/../lib/gcc/arm-none-eabi/5.4.1/../../../../arm-none-eabi/lib/armv7e-m/fpu\librdimon_n.a(rdimon-_kill.o)
 .ARM.attributes
                0x00000f8b       0x34 c:/program files (x86)/embitz/1.11/share/em_armgcc/bin/../lib/gcc/arm-none-eabi/5.4.1/armv7e-m/fpu/crtend.o
 .ARM.attributes
                0x00000fbf       0x22 c:/program files (x86)/embitz/1.11/share/em_armgcc/bin/../lib/gcc/arm-none-eabi/5.4.1/armv7e-m/fpu/crtn.o

.comment        0x00000000       0xde
 .comment       0x00000000       0x6e obj\debug\spl\src\misc.o
                                 0x6f (size before relaxing)
 .comment       0x0000006e       0x6f obj\debug\spl\src\stm32f4xx_adc.o
 .comment       0x0000006e       0x6f obj\debug\spl\src\stm32f4xx_dac.o
 .comment       0x0000006e       0x6f obj\debug\spl\src\stm32f4xx_dma.o
 .comment       0x0000006e       0x6f obj\debug\spl\src\stm32f4xx_gpio.o
 .comment       0x0000006e       0x6f obj\debug\spl\src\stm32f4xx_rcc.o
 .comment       0x0000006e       0x6f obj\debug\spl\src\stm32f4xx_spi.o
 .comment       0x0000006e       0x6f obj\debug\spl\src\stm32f4xx_tim.o
 .comment       0x0000006e       0x6f obj\debug\src\filter_audio_segnal.o
 .comment       0x0000006e       0x6f obj\debug\src\filter_noise_reduction.o
 .comment       0x0000006e       0x6f obj\debug\src\io_audio.o
 .comment       0x0000006e       0x6f obj\debug\src\io_display.o
 .comment       0x0000006e       0x6f obj\debug\src\main.o
 .comment       0x0000006e       0x6f obj\debug\src\morsedecode.o
 .comment       0x0000006e       0x6f obj\debug\src\system_stm32f4xx.o
 .comment       0x0000006e       0x6f obj\debug\src\tm_enc\tm_stm32f4_exti.o
 .comment       0x0000006e       0x6f obj\debug\src\tm_enc\tm_stm32f4_rotary_encoder.o
 .comment       0x0000006e       0x6f obj\debug\src\tm_spi\tm_stm32f4_fonts.o
 .comment       0x0000006e       0x6f obj\debug\src\tm_spi\tm_stm32f4_gpio.o
 .comment       0x0000006e       0x6f obj\debug\src\tm_spi\tm_stm32f4_ili9341.o
 .comment       0x0000006e       0x6f obj\debug\src\tm_spi\tm_stm32f4_spi.o
 .comment       0x0000006e       0x70 ..\CMSIS-4.5.0\CMSIS-4.5.0\CMSIS\Lib\GCC\libarm_cortexM4lf_math.a(arm_const_structs.o)
                                 0x71 (size before relaxing)
 .comment       0x000000de       0x71 ..\CMSIS-4.5.0\CMSIS-4.5.0\CMSIS\Lib\GCC\libarm_cortexM4lf_math.a(arm_common_tables.o)
 .comment       0x000000de       0x71 ..\CMSIS-4.5.0\CMSIS-4.5.0\CMSIS\Lib\GCC\libarm_cortexM4lf_math.a(arm_q15_to_float.o)
 .comment       0x000000de       0x71 ..\CMSIS-4.5.0\CMSIS-4.5.0\CMSIS\Lib\GCC\libarm_cortexM4lf_math.a(arm_float_to_q15.o)
 .comment       0x000000de       0x71 ..\CMSIS-4.5.0\CMSIS-4.5.0\CMSIS\Lib\GCC\libarm_cortexM4lf_math.a(arm_max_f32.o)
 .comment       0x000000de       0x71 ..\CMSIS-4.5.0\CMSIS-4.5.0\CMSIS\Lib\GCC\libarm_cortexM4lf_math.a(arm_cfft_f32.o)
 .comment       0x000000de       0x71 ..\CMSIS-4.5.0\CMSIS-4.5.0\CMSIS\Lib\GCC\libarm_cortexM4lf_math.a(arm_lms_init_f32.o)
 .comment       0x000000de       0x71 ..\CMSIS-4.5.0\CMSIS-4.5.0\CMSIS\Lib\GCC\libarm_cortexM4lf_math.a(arm_lms_f32.o)
 .comment       0x000000de       0x71 ..\CMSIS-4.5.0\CMSIS-4.5.0\CMSIS\Lib\GCC\libarm_cortexM4lf_math.a(arm_fir_init_f32.o)
 .comment       0x000000de       0x71 ..\CMSIS-4.5.0\CMSIS-4.5.0\CMSIS\Lib\GCC\libarm_cortexM4lf_math.a(arm_fir_f32.o)
 .comment       0x000000de       0x71 ..\CMSIS-4.5.0\CMSIS-4.5.0\CMSIS\Lib\GCC\libarm_cortexM4lf_math.a(arm_cmplx_mag_f32.o)
 .comment       0x000000de       0x71 ..\CMSIS-4.5.0\CMSIS-4.5.0\CMSIS\Lib\GCC\libarm_cortexM4lf_math.a(arm_sin_f32.o)
 .comment       0x000000de       0x71 ..\CMSIS-4.5.0\CMSIS-4.5.0\CMSIS\Lib\GCC\libarm_cortexM4lf_math.a(arm_cos_f32.o)
 .comment       0x000000de       0x71 ..\CMSIS-4.5.0\CMSIS-4.5.0\CMSIS\Lib\GCC\libarm_cortexM4lf_math.a(arm_cfft_radix8_f32.o)

.debug_info     0x00000000    0x1e0a5
 .debug_info    0x00000000      0x564 obj\debug\spl\src\misc.o
 .debug_info    0x00000564      0xc67 obj\debug\spl\src\stm32f4xx_adc.o
 .debug_info    0x000011cb      0x653 obj\debug\spl\src\stm32f4xx_dac.o
 .debug_info    0x0000181e      0x71e obj\debug\spl\src\stm32f4xx_dma.o
 .debug_info    0x00001f3c      0x7e3 obj\debug\spl\src\stm32f4xx_gpio.o
 .debug_info    0x0000271f      0xd15 obj\debug\spl\src\stm32f4xx_rcc.o
 .debug_info    0x00003434      0xbc8 obj\debug\spl\src\stm32f4xx_spi.o
 .debug_info    0x00003ffc     0x2496 obj\debug\spl\src\stm32f4xx_tim.o
 .debug_info    0x00006492      0x2a5 obj\debug\src\filter_audio_segnal.o
 .debug_info    0x00006737      0x805 obj\debug\src\filter_noise_reduction.o
 .debug_info    0x00006f3c     0x110c obj\debug\src\io_audio.o
 .debug_info    0x00008048     0x23f3 obj\debug\src\io_display.o
 .debug_info    0x0000a43b     0x10c1 obj\debug\src\main.o
 .debug_info    0x0000b4fc      0x410 obj\debug\src\morsedecode.o
 .debug_info    0x0000b90c       0x5a obj\debug\src\startup_stm32f4xx.o
 .debug_info    0x0000b966      0x5ee obj\debug\src\system_stm32f4xx.o
 .debug_info    0x0000bf54      0xcc8 obj\debug\src\tm_enc\tm_stm32f4_exti.o
 .debug_info    0x0000cc1c      0x46c obj\debug\src\tm_enc\tm_stm32f4_rotary_encoder.o
 .debug_info    0x0000d088      0x1b0 obj\debug\src\tm_spi\tm_stm32f4_fonts.o
 .debug_info    0x0000d238      0x80f obj\debug\src\tm_spi\tm_stm32f4_gpio.o
 .debug_info    0x0000da47     0xbb18 obj\debug\src\tm_spi\tm_stm32f4_ili9341.o
 .debug_info    0x0001955f     0x186d obj\debug\src\tm_spi\tm_stm32f4_spi.o
 .debug_info    0x0001adcc      0x9f5 ..\CMSIS-4.5.0\CMSIS-4.5.0\CMSIS\Lib\GCC\libarm_cortexM4lf_math.a(arm_const_structs.o)
 .debug_info    0x0001b7c1      0x99d ..\CMSIS-4.5.0\CMSIS-4.5.0\CMSIS\Lib\GCC\libarm_cortexM4lf_math.a(arm_common_tables.o)
 .debug_info    0x0001c15e      0x145 ..\CMSIS-4.5.0\CMSIS-4.5.0\CMSIS\Lib\GCC\libarm_cortexM4lf_math.a(arm_q15_to_float.o)
 .debug_info    0x0001c2a3      0x24d ..\CMSIS-4.5.0\CMSIS-4.5.0\CMSIS\Lib\GCC\libarm_cortexM4lf_math.a(arm_float_to_q15.o)
 .debug_info    0x0001c4f0      0x164 ..\CMSIS-4.5.0\CMSIS-4.5.0\CMSIS\Lib\GCC\libarm_cortexM4lf_math.a(arm_max_f32.o)
 .debug_info    0x0001c654      0x6b9 ..\CMSIS-4.5.0\CMSIS-4.5.0\CMSIS\Lib\GCC\libarm_cortexM4lf_math.a(arm_cfft_f32.o)
 .debug_info    0x0001cd0d      0x1d5 ..\CMSIS-4.5.0\CMSIS-4.5.0\CMSIS\Lib\GCC\libarm_cortexM4lf_math.a(arm_lms_init_f32.o)
 .debug_info    0x0001cee2      0x257 ..\CMSIS-4.5.0\CMSIS-4.5.0\CMSIS\Lib\GCC\libarm_cortexM4lf_math.a(arm_lms_f32.o)
 .debug_info    0x0001d139      0x1b9 ..\CMSIS-4.5.0\CMSIS-4.5.0\CMSIS\Lib\GCC\libarm_cortexM4lf_math.a(arm_fir_init_f32.o)
 .debug_info    0x0001d2f2      0x382 ..\CMSIS-4.5.0\CMSIS-4.5.0\CMSIS\Lib\GCC\libarm_cortexM4lf_math.a(arm_fir_f32.o)
 .debug_info    0x0001d674      0x299 ..\CMSIS-4.5.0\CMSIS-4.5.0\CMSIS\Lib\GCC\libarm_cortexM4lf_math.a(arm_cmplx_mag_f32.o)
 .debug_info    0x0001d90d      0x17e ..\CMSIS-4.5.0\CMSIS-4.5.0\CMSIS\Lib\GCC\libarm_cortexM4lf_math.a(arm_sin_f32.o)
 .debug_info    0x0001da8b      0x17c ..\CMSIS-4.5.0\CMSIS-4.5.0\CMSIS\Lib\GCC\libarm_cortexM4lf_math.a(arm_cos_f32.o)
 .debug_info    0x0001dc07       0x85 ..\CMSIS-4.5.0\CMSIS-4.5.0\CMSIS\Lib\GCC\libarm_cortexM4lf_math.a(arm_bitreversal2.o)
 .debug_info    0x0001dc8c      0x419 ..\CMSIS-4.5.0\CMSIS-4.5.0\CMSIS\Lib\GCC\libarm_cortexM4lf_math.a(arm_cfft_radix8_f32.o)

.debug_abbrev   0x00000000     0x35d2
 .debug_abbrev  0x00000000      0x15b obj\debug\spl\src\misc.o
 .debug_abbrev  0x0000015b      0x21f obj\debug\spl\src\stm32f4xx_adc.o
 .debug_abbrev  0x0000037a      0x214 obj\debug\spl\src\stm32f4xx_dac.o
 .debug_abbrev  0x0000058e      0x1bc obj\debug\spl\src\stm32f4xx_dma.o
 .debug_abbrev  0x0000074a      0x1f8 obj\debug\spl\src\stm32f4xx_gpio.o
 .debug_abbrev  0x00000942      0x29c obj\debug\spl\src\stm32f4xx_rcc.o
 .debug_abbrev  0x00000bde      0x1c5 obj\debug\spl\src\stm32f4xx_spi.o
 .debug_abbrev  0x00000da3      0x29a obj\debug\spl\src\stm32f4xx_tim.o
 .debug_abbrev  0x0000103d       0xcf obj\debug\src\filter_audio_segnal.o
 .debug_abbrev  0x0000110c      0x215 obj\debug\src\filter_noise_reduction.o
 .debug_abbrev  0x00001321      0x1b1 obj\debug\src\io_audio.o
 .debug_abbrev  0x000014d2      0x3b8 obj\debug\src\io_display.o
 .debug_abbrev  0x0000188a      0x2d6 obj\debug\src\main.o
 .debug_abbrev  0x00001b60      0x158 obj\debug\src\morsedecode.o
 .debug_abbrev  0x00001cb8       0x14 obj\debug\src\startup_stm32f4xx.o
 .debug_abbrev  0x00001ccc      0x164 obj\debug\src\system_stm32f4xx.o
 .debug_abbrev  0x00001e30      0x1f5 obj\debug\src\tm_enc\tm_stm32f4_exti.o
 .debug_abbrev  0x00002025      0x171 obj\debug\src\tm_enc\tm_stm32f4_rotary_encoder.o
 .debug_abbrev  0x00002196       0xae obj\debug\src\tm_spi\tm_stm32f4_fonts.o
 .debug_abbrev  0x00002244      0x1f3 obj\debug\src\tm_spi\tm_stm32f4_gpio.o
 .debug_abbrev  0x00002437      0x341 obj\debug\src\tm_spi\tm_stm32f4_ili9341.o
 .debug_abbrev  0x00002778      0x27d obj\debug\src\tm_spi\tm_stm32f4_spi.o
 .debug_abbrev  0x000029f5       0xa9 ..\CMSIS-4.5.0\CMSIS-4.5.0\CMSIS\Lib\GCC\libarm_cortexM4lf_math.a(arm_const_structs.o)
 .debug_abbrev  0x00002a9e       0x84 ..\CMSIS-4.5.0\CMSIS-4.5.0\CMSIS\Lib\GCC\libarm_cortexM4lf_math.a(arm_common_tables.o)
 .debug_abbrev  0x00002b22       0x94 ..\CMSIS-4.5.0\CMSIS-4.5.0\CMSIS\Lib\GCC\libarm_cortexM4lf_math.a(arm_q15_to_float.o)
 .debug_abbrev  0x00002bb6       0xa8 ..\CMSIS-4.5.0\CMSIS-4.5.0\CMSIS\Lib\GCC\libarm_cortexM4lf_math.a(arm_float_to_q15.o)
 .debug_abbrev  0x00002c5e       0xb2 ..\CMSIS-4.5.0\CMSIS-4.5.0\CMSIS\Lib\GCC\libarm_cortexM4lf_math.a(arm_max_f32.o)
 .debug_abbrev  0x00002d10      0x18b ..\CMSIS-4.5.0\CMSIS-4.5.0\CMSIS\Lib\GCC\libarm_cortexM4lf_math.a(arm_cfft_f32.o)
 .debug_abbrev  0x00002e9b       0xf7 ..\CMSIS-4.5.0\CMSIS-4.5.0\CMSIS\Lib\GCC\libarm_cortexM4lf_math.a(arm_lms_init_f32.o)
 .debug_abbrev  0x00002f92       0xf5 ..\CMSIS-4.5.0\CMSIS-4.5.0\CMSIS\Lib\GCC\libarm_cortexM4lf_math.a(arm_lms_f32.o)
 .debug_abbrev  0x00003087       0xe8 ..\CMSIS-4.5.0\CMSIS-4.5.0\CMSIS\Lib\GCC\libarm_cortexM4lf_math.a(arm_fir_init_f32.o)
 .debug_abbrev  0x0000316f       0xd7 ..\CMSIS-4.5.0\CMSIS-4.5.0\CMSIS\Lib\GCC\libarm_cortexM4lf_math.a(arm_fir_f32.o)
 .debug_abbrev  0x00003246      0x11b ..\CMSIS-4.5.0\CMSIS-4.5.0\CMSIS\Lib\GCC\libarm_cortexM4lf_math.a(arm_cmplx_mag_f32.o)
 .debug_abbrev  0x00003361       0xd3 ..\CMSIS-4.5.0\CMSIS-4.5.0\CMSIS\Lib\GCC\libarm_cortexM4lf_math.a(arm_sin_f32.o)
 .debug_abbrev  0x00003434       0xe2 ..\CMSIS-4.5.0\CMSIS-4.5.0\CMSIS\Lib\GCC\libarm_cortexM4lf_math.a(arm_cos_f32.o)
 .debug_abbrev  0x00003516       0x14 ..\CMSIS-4.5.0\CMSIS-4.5.0\CMSIS\Lib\GCC\libarm_cortexM4lf_math.a(arm_bitreversal2.o)
 .debug_abbrev  0x0000352a       0xa8 ..\CMSIS-4.5.0\CMSIS-4.5.0\CMSIS\Lib\GCC\libarm_cortexM4lf_math.a(arm_cfft_radix8_f32.o)

.debug_loc      0x00000000    0x108fa
 .debug_loc     0x00000000      0x186 obj\debug\spl\src\misc.o
 .debug_loc     0x00000186      0x97c obj\debug\spl\src\stm32f4xx_adc.o
 .debug_loc     0x00000b02      0x46f obj\debug\spl\src\stm32f4xx_dac.o
 .debug_loc     0x00000f71      0x41a obj\debug\spl\src\stm32f4xx_dma.o
 .debug_loc     0x0000138b      0x369 obj\debug\spl\src\stm32f4xx_gpio.o
 .debug_loc     0x000016f4      0xb54 obj\debug\spl\src\stm32f4xx_rcc.o
 .debug_loc     0x00002248      0x5f7 obj\debug\spl\src\stm32f4xx_spi.o
 .debug_loc     0x0000283f     0x1f6c obj\debug\spl\src\stm32f4xx_tim.o
 .debug_loc     0x000047ab      0x2d7 obj\debug\src\filter_noise_reduction.o
 .debug_loc     0x00004a82       0x65 obj\debug\src\io_audio.o
 .debug_loc     0x00004ae7      0x7c8 obj\debug\src\io_display.o
 .debug_loc     0x000052af       0xa5 obj\debug\src\main.o
 .debug_loc     0x00005354      0x13b obj\debug\src\system_stm32f4xx.o
 .debug_loc     0x0000548f      0x381 obj\debug\src\tm_enc\tm_stm32f4_exti.o
 .debug_loc     0x00005810      0x11d obj\debug\src\tm_enc\tm_stm32f4_rotary_encoder.o
 .debug_loc     0x0000592d      0x72b obj\debug\src\tm_spi\tm_stm32f4_gpio.o
 .debug_loc     0x00006058     0x4c4b obj\debug\src\tm_spi\tm_stm32f4_ili9341.o
 .debug_loc     0x0000aca3     0x18e4 obj\debug\src\tm_spi\tm_stm32f4_spi.o
 .debug_loc     0x0000c587      0x1a2 ..\CMSIS-4.5.0\CMSIS-4.5.0\CMSIS\Lib\GCC\libarm_cortexM4lf_math.a(arm_q15_to_float.o)
 .debug_loc     0x0000c729      0x3a3 ..\CMSIS-4.5.0\CMSIS-4.5.0\CMSIS\Lib\GCC\libarm_cortexM4lf_math.a(arm_float_to_q15.o)
 .debug_loc     0x0000cacc      0x178 ..\CMSIS-4.5.0\CMSIS-4.5.0\CMSIS\Lib\GCC\libarm_cortexM4lf_math.a(arm_max_f32.o)
 .debug_loc     0x0000cc44     0x1053 ..\CMSIS-4.5.0\CMSIS-4.5.0\CMSIS\Lib\GCC\libarm_cortexM4lf_math.a(arm_cfft_f32.o)
 .debug_loc     0x0000dc97      0x106 ..\CMSIS-4.5.0\CMSIS-4.5.0\CMSIS\Lib\GCC\libarm_cortexM4lf_math.a(arm_lms_init_f32.o)
 .debug_loc     0x0000dd9d      0x6d9 ..\CMSIS-4.5.0\CMSIS-4.5.0\CMSIS\Lib\GCC\libarm_cortexM4lf_math.a(arm_lms_f32.o)
 .debug_loc     0x0000e476       0xc2 ..\CMSIS-4.5.0\CMSIS-4.5.0\CMSIS\Lib\GCC\libarm_cortexM4lf_math.a(arm_fir_init_f32.o)
 .debug_loc     0x0000e538     0x1167 ..\CMSIS-4.5.0\CMSIS-4.5.0\CMSIS\Lib\GCC\libarm_cortexM4lf_math.a(arm_fir_f32.o)
 .debug_loc     0x0000f69f      0x787 ..\CMSIS-4.5.0\CMSIS-4.5.0\CMSIS\Lib\GCC\libarm_cortexM4lf_math.a(arm_cmplx_mag_f32.o)
 .debug_loc     0x0000fe26       0xd8 ..\CMSIS-4.5.0\CMSIS-4.5.0\CMSIS\Lib\GCC\libarm_cortexM4lf_math.a(arm_sin_f32.o)
 .debug_loc     0x0000fefe       0x96 ..\CMSIS-4.5.0\CMSIS-4.5.0\CMSIS\Lib\GCC\libarm_cortexM4lf_math.a(arm_cos_f32.o)
 .debug_loc     0x0000ff94      0x966 ..\CMSIS-4.5.0\CMSIS-4.5.0\CMSIS\Lib\GCC\libarm_cortexM4lf_math.a(arm_cfft_radix8_f32.o)

.debug_aranges  0x00000000      0xe88
 .debug_aranges
                0x00000000       0x40 obj\debug\spl\src\misc.o
 .debug_aranges
                0x00000040      0x140 obj\debug\spl\src\stm32f4xx_adc.o
 .debug_aranges
                0x00000180       0x90 obj\debug\spl\src\stm32f4xx_dac.o
 .debug_aranges
                0x00000210       0xa8 obj\debug\spl\src\stm32f4xx_dma.o
 .debug_aranges
                0x000002b8       0x88 obj\debug\spl\src\stm32f4xx_gpio.o
 .debug_aranges
                0x00000340      0x178 obj\debug\spl\src\stm32f4xx_rcc.o
 .debug_aranges
                0x000004b8       0xe0 obj\debug\spl\src\stm32f4xx_spi.o
 .debug_aranges
                0x00000598      0x2c8 obj\debug\spl\src\stm32f4xx_tim.o
 .debug_aranges
                0x00000860       0x18 obj\debug\src\filter_audio_segnal.o
 .debug_aranges
                0x00000878       0x28 obj\debug\src\filter_noise_reduction.o
 .debug_aranges
                0x000008a0       0x30 obj\debug\src\io_audio.o
 .debug_aranges
                0x000008d0       0x90 obj\debug\src\io_display.o
 .debug_aranges
                0x00000960       0x58 obj\debug\src\main.o
 .debug_aranges
                0x000009b8       0x58 obj\debug\src\morsedecode.o
 .debug_aranges
                0x00000a10       0x20 obj\debug\src\startup_stm32f4xx.o
 .debug_aranges
                0x00000a30       0x28 obj\debug\src\system_stm32f4xx.o
 .debug_aranges
                0x00000a58       0x68 obj\debug\src\tm_enc\tm_stm32f4_exti.o
 .debug_aranges
                0x00000ac0       0x38 obj\debug\src\tm_enc\tm_stm32f4_rotary_encoder.o
 .debug_aranges
                0x00000af8       0x18 obj\debug\src\tm_spi\tm_stm32f4_fonts.o
 .debug_aranges
                0x00000b10       0x58 obj\debug\src\tm_spi\tm_stm32f4_gpio.o
 .debug_aranges
                0x00000b68       0xb0 obj\debug\src\tm_spi\tm_stm32f4_ili9341.o
 .debug_aranges
                0x00000c18       0x90 obj\debug\src\tm_spi\tm_stm32f4_spi.o
 .debug_aranges
                0x00000ca8       0x18 ..\CMSIS-4.5.0\CMSIS-4.5.0\CMSIS\Lib\GCC\libarm_cortexM4lf_math.a(arm_const_structs.o)
 .debug_aranges
                0x00000cc0       0x18 ..\CMSIS-4.5.0\CMSIS-4.5.0\CMSIS\Lib\GCC\libarm_cortexM4lf_math.a(arm_common_tables.o)
 .debug_aranges
                0x00000cd8       0x20 ..\CMSIS-4.5.0\CMSIS-4.5.0\CMSIS\Lib\GCC\libarm_cortexM4lf_math.a(arm_q15_to_float.o)
 .debug_aranges
                0x00000cf8       0x20 ..\CMSIS-4.5.0\CMSIS-4.5.0\CMSIS\Lib\GCC\libarm_cortexM4lf_math.a(arm_float_to_q15.o)
 .debug_aranges
                0x00000d18       0x20 ..\CMSIS-4.5.0\CMSIS-4.5.0\CMSIS\Lib\GCC\libarm_cortexM4lf_math.a(arm_max_f32.o)
 .debug_aranges
                0x00000d38       0x30 ..\CMSIS-4.5.0\CMSIS-4.5.0\CMSIS\Lib\GCC\libarm_cortexM4lf_math.a(arm_cfft_f32.o)
 .debug_aranges
                0x00000d68       0x20 ..\CMSIS-4.5.0\CMSIS-4.5.0\CMSIS\Lib\GCC\libarm_cortexM4lf_math.a(arm_lms_init_f32.o)
 .debug_aranges
                0x00000d88       0x20 ..\CMSIS-4.5.0\CMSIS-4.5.0\CMSIS\Lib\GCC\libarm_cortexM4lf_math.a(arm_lms_f32.o)
 .debug_aranges
                0x00000da8       0x20 ..\CMSIS-4.5.0\CMSIS-4.5.0\CMSIS\Lib\GCC\libarm_cortexM4lf_math.a(arm_fir_init_f32.o)
 .debug_aranges
                0x00000dc8       0x20 ..\CMSIS-4.5.0\CMSIS-4.5.0\CMSIS\Lib\GCC\libarm_cortexM4lf_math.a(arm_fir_f32.o)
 .debug_aranges
                0x00000de8       0x20 ..\CMSIS-4.5.0\CMSIS-4.5.0\CMSIS\Lib\GCC\libarm_cortexM4lf_math.a(arm_cmplx_mag_f32.o)
 .debug_aranges
                0x00000e08       0x20 ..\CMSIS-4.5.0\CMSIS-4.5.0\CMSIS\Lib\GCC\libarm_cortexM4lf_math.a(arm_sin_f32.o)
 .debug_aranges
                0x00000e28       0x20 ..\CMSIS-4.5.0\CMSIS-4.5.0\CMSIS\Lib\GCC\libarm_cortexM4lf_math.a(arm_cos_f32.o)
 .debug_aranges
                0x00000e48       0x20 ..\CMSIS-4.5.0\CMSIS-4.5.0\CMSIS\Lib\GCC\libarm_cortexM4lf_math.a(arm_bitreversal2.o)
 .debug_aranges
                0x00000e68       0x20 ..\CMSIS-4.5.0\CMSIS-4.5.0\CMSIS\Lib\GCC\libarm_cortexM4lf_math.a(arm_cfft_radix8_f32.o)

.debug_ranges   0x00000000     0x3630
 .debug_ranges  0x00000000       0x30 obj\debug\spl\src\misc.o
 .debug_ranges  0x00000030      0x130 obj\debug\spl\src\stm32f4xx_adc.o
 .debug_ranges  0x00000160       0x80 obj\debug\spl\src\stm32f4xx_dac.o
 .debug_ranges  0x000001e0       0x98 obj\debug\spl\src\stm32f4xx_dma.o
 .debug_ranges  0x00000278       0x78 obj\debug\spl\src\stm32f4xx_gpio.o
 .debug_ranges  0x000002f0      0x188 obj\debug\spl\src\stm32f4xx_rcc.o
 .debug_ranges  0x00000478       0xd0 obj\debug\spl\src\stm32f4xx_spi.o
 .debug_ranges  0x00000548      0x450 obj\debug\spl\src\stm32f4xx_tim.o
 .debug_ranges  0x00000998       0xb8 obj\debug\src\filter_noise_reduction.o
 .debug_ranges  0x00000a50       0x20 obj\debug\src\io_audio.o
 .debug_ranges  0x00000a70      0x130 obj\debug\src\io_display.o
 .debug_ranges  0x00000ba0       0x90 obj\debug\src\main.o
 .debug_ranges  0x00000c30       0x90 obj\debug\src\morsedecode.o
 .debug_ranges  0x00000cc0       0x30 obj\debug\src\system_stm32f4xx.o
 .debug_ranges  0x00000cf0       0x78 obj\debug\src\tm_enc\tm_stm32f4_exti.o
 .debug_ranges  0x00000d68       0x28 obj\debug\src\tm_enc\tm_stm32f4_rotary_encoder.o
 .debug_ranges  0x00000d90       0x78 obj\debug\src\tm_spi\tm_stm32f4_gpio.o
 .debug_ranges  0x00000e08     0x2348 obj\debug\src\tm_spi\tm_stm32f4_ili9341.o
 .debug_ranges  0x00003150      0x350 obj\debug\src\tm_spi\tm_stm32f4_spi.o
 .debug_ranges  0x000034a0       0x10 ..\CMSIS-4.5.0\CMSIS-4.5.0\CMSIS\Lib\GCC\libarm_cortexM4lf_math.a(arm_q15_to_float.o)
 .debug_ranges  0x000034b0       0x10 ..\CMSIS-4.5.0\CMSIS-4.5.0\CMSIS\Lib\GCC\libarm_cortexM4lf_math.a(arm_float_to_q15.o)
 .debug_ranges  0x000034c0       0x10 ..\CMSIS-4.5.0\CMSIS-4.5.0\CMSIS\Lib\GCC\libarm_cortexM4lf_math.a(arm_max_f32.o)
 .debug_ranges  0x000034d0       0x20 ..\CMSIS-4.5.0\CMSIS-4.5.0\CMSIS\Lib\GCC\libarm_cortexM4lf_math.a(arm_cfft_f32.o)
 .debug_ranges  0x000034f0       0x10 ..\CMSIS-4.5.0\CMSIS-4.5.0\CMSIS\Lib\GCC\libarm_cortexM4lf_math.a(arm_lms_init_f32.o)
 .debug_ranges  0x00003500       0x10 ..\CMSIS-4.5.0\CMSIS-4.5.0\CMSIS\Lib\GCC\libarm_cortexM4lf_math.a(arm_lms_f32.o)
 .debug_ranges  0x00003510       0x10 ..\CMSIS-4.5.0\CMSIS-4.5.0\CMSIS\Lib\GCC\libarm_cortexM4lf_math.a(arm_fir_init_f32.o)
 .debug_ranges  0x00003520       0x10 ..\CMSIS-4.5.0\CMSIS-4.5.0\CMSIS\Lib\GCC\libarm_cortexM4lf_math.a(arm_fir_f32.o)
 .debug_ranges  0x00003530       0xd0 ..\CMSIS-4.5.0\CMSIS-4.5.0\CMSIS\Lib\GCC\libarm_cortexM4lf_math.a(arm_cmplx_mag_f32.o)
 .debug_ranges  0x00003600       0x10 ..\CMSIS-4.5.0\CMSIS-4.5.0\CMSIS\Lib\GCC\libarm_cortexM4lf_math.a(arm_sin_f32.o)
 .debug_ranges  0x00003610       0x10 ..\CMSIS-4.5.0\CMSIS-4.5.0\CMSIS\Lib\GCC\libarm_cortexM4lf_math.a(arm_cos_f32.o)
 .debug_ranges  0x00003620       0x10 ..\CMSIS-4.5.0\CMSIS-4.5.0\CMSIS\Lib\GCC\libarm_cortexM4lf_math.a(arm_cfft_radix8_f32.o)

.debug_macro    0x00000000    0x14010
 .debug_macro   0x00000000      0x1da obj\debug\spl\src\misc.o
 .debug_macro   0x000001da      0x8aa obj\debug\spl\src\misc.o
 .debug_macro   0x00000a84       0x5d obj\debug\spl\src\misc.o
 .debug_macro   0x00000ae1       0x22 obj\debug\spl\src\misc.o
 .debug_macro   0x00000b03       0x87 obj\debug\spl\src\misc.o
 .debug_macro   0x00000b8a       0x44 obj\debug\spl\src\misc.o
 .debug_macro   0x00000bce       0xfd obj\debug\spl\src\misc.o
 .debug_macro   0x00000ccb       0x5e obj\debug\spl\src\misc.o
 .debug_macro   0x00000d29      0x1df obj\debug\spl\src\misc.o
 .debug_macro   0x00000f08       0x1c obj\debug\spl\src\misc.o
 .debug_macro   0x00000f24       0x22 obj\debug\spl\src\misc.o
 .debug_macro   0x00000f46       0xdf obj\debug\spl\src\misc.o
 .debug_macro   0x00001025     0x102d obj\debug\spl\src\misc.o
 .debug_macro   0x00002052      0x11f obj\debug\spl\src\misc.o
 .debug_macro   0x00002171     0x81c3 obj\debug\spl\src\misc.o
 .debug_macro   0x0000a334      0x44e obj\debug\spl\src\misc.o
 .debug_macro   0x0000a782      0x3cf obj\debug\spl\src\misc.o
 .debug_macro   0x0000ab51      0x111 obj\debug\spl\src\misc.o
 .debug_macro   0x0000ac62      0x182 obj\debug\spl\src\misc.o
 .debug_macro   0x0000ade4       0xb2 obj\debug\spl\src\misc.o
 .debug_macro   0x0000ae96      0x146 obj\debug\spl\src\misc.o
 .debug_macro   0x0000afdc      0x477 obj\debug\spl\src\misc.o
 .debug_macro   0x0000b453       0xac obj\debug\spl\src\misc.o
 .debug_macro   0x0000b4ff      0x241 obj\debug\spl\src\misc.o
 .debug_macro   0x0000b740      0x279 obj\debug\spl\src\misc.o
 .debug_macro   0x0000b9b9       0xb5 obj\debug\spl\src\misc.o
 .debug_macro   0x0000ba6e      0x265 obj\debug\spl\src\misc.o
 .debug_macro   0x0000bcd3      0x2b1 obj\debug\spl\src\misc.o
 .debug_macro   0x0000bf84       0x64 obj\debug\spl\src\misc.o
 .debug_macro   0x0000bfe8       0xa6 obj\debug\spl\src\misc.o
 .debug_macro   0x0000c08e      0x538 obj\debug\spl\src\misc.o
 .debug_macro   0x0000c5c6       0x40 obj\debug\spl\src\misc.o
 .debug_macro   0x0000c606      0x57a obj\debug\spl\src\misc.o
 .debug_macro   0x0000cb80      0x341 obj\debug\spl\src\misc.o
 .debug_macro   0x0000cec1      0x36a obj\debug\spl\src\misc.o
 .debug_macro   0x0000d22b       0xdf obj\debug\spl\src\misc.o
 .debug_macro   0x0000d30a      0x73b obj\debug\spl\src\misc.o
 .debug_macro   0x0000da45      0x220 obj\debug\spl\src\misc.o
 .debug_macro   0x0000dc65       0x34 obj\debug\spl\src\misc.o
 .debug_macro   0x0000dc99       0x35 obj\debug\spl\src\misc.o
 .debug_macro   0x0000dcce       0x79 obj\debug\spl\src\misc.o
 .debug_macro   0x0000dd47      0x25b obj\debug\spl\src\stm32f4xx_adc.o
 .debug_macro   0x0000dfa2      0x3c9 obj\debug\spl\src\stm32f4xx_adc.o
 .debug_macro   0x0000e36b       0x7f obj\debug\spl\src\stm32f4xx_adc.o
 .debug_macro   0x0000e3ea      0x205 obj\debug\spl\src\stm32f4xx_dac.o
 .debug_macro   0x0000e5ef      0x17c obj\debug\spl\src\stm32f4xx_dac.o
 .debug_macro   0x0000e76b      0x228 obj\debug\spl\src\stm32f4xx_dma.o
 .debug_macro   0x0000e993      0x471 obj\debug\spl\src\stm32f4xx_dma.o
 .debug_macro   0x0000ee04      0x1d4 obj\debug\spl\src\stm32f4xx_gpio.o
 .debug_macro   0x0000efd8      0x25f obj\debug\spl\src\stm32f4xx_gpio.o
 .debug_macro   0x0000f237      0x27c obj\debug\spl\src\stm32f4xx_rcc.o
 .debug_macro   0x0000f4b3      0x532 obj\debug\spl\src\stm32f4xx_rcc.o
 .debug_macro   0x0000f9e5      0x1ff obj\debug\spl\src\stm32f4xx_spi.o