Archive member included to satisfy reference by file (symbol)

..\CMSIS-4.5.0\CMSIS-4.5.0\CMSIS\Lib\GCC\libarm_cortexM4lf_math.a(arm_const_structs.o)
                              obj\release\src\filter_noise_reduction.o (arm_cfft_sR_f32_len256)
..\CMSIS-4.5.0\CMSIS-4.5.0\CMSIS\Lib\GCC\libarm_cortexM4lf_math.a(arm_common_tables.o)
                              ..\CMSIS-4.5.0\CMSIS-4.5.0\CMSIS\Lib\GCC\libarm_cortexM4lf_math.a(arm_const_structs.o) (armBitRevIndexTable_fixed_4096)
..\CMSIS-4.5.0\CMSIS-4.5.0\CMSIS\Lib\GCC\libarm_cortexM4lf_math.a(arm_q15_to_float.o)
                              obj\release\src\main.o (arm_q15_to_float)
..\CMSIS-4.5.0\CMSIS-4.5.0\CMSIS\Lib\GCC\libarm_cortexM4lf_math.a(arm_float_to_q15.o)
                              obj\release\src\main.o (arm_float_to_q15)
..\CMSIS-4.5.0\CMSIS-4.5.0\CMSIS\Lib\GCC\libarm_cortexM4lf_math.a(arm_max_f32.o)
                              obj\release\src\filter_noise_reduction.o (arm_max_f32)
..\CMSIS-4.5.0\CMSIS-4.5.0\CMSIS\Lib\GCC\libarm_cortexM4lf_math.a(arm_cfft_f32.o)
                              obj\release\src\filter_noise_reduction.o (arm_cfft_f32)
..\CMSIS-4.5.0\CMSIS-4.5.0\CMSIS\Lib\GCC\libarm_cortexM4lf_math.a(arm_lms_init_f32.o)
                              obj\release\src\main.o (arm_lms_init_f32)
..\CMSIS-4.5.0\CMSIS-4.5.0\CMSIS\Lib\GCC\libarm_cortexM4lf_math.a(arm_lms_f32.o)
                              obj\release\src\filter_noise_reduction.o (arm_lms_f32)
..\CMSIS-4.5.0\CMSIS-4.5.0\CMSIS\Lib\GCC\libarm_cortexM4lf_math.a(arm_fir_init_f32.o)
                              obj\release\src\main.o (arm_fir_init_f32)
..\CMSIS-4.5.0\CMSIS-4.5.0\CMSIS\Lib\GCC\libarm_cortexM4lf_math.a(arm_fir_f32.o)
                              obj\release\src\main.o (arm_fir_f32)
..\CMSIS-4.5.0\CMSIS-4.5.0\CMSIS\Lib\GCC\libarm_cortexM4lf_math.a(arm_cmplx_mag_f32.o)
                              obj\release\src\filter_noise_reduction.o (arm_cmplx_mag_f32)
..\CMSIS-4.5.0\CMSIS-4.5.0\CMSIS\Lib\GCC\libarm_cortexM4lf_math.a(arm_sin_f32.o)
                              obj\release\src\filter_noise_reduction.o (arm_sin_f32)
..\CMSIS-4.5.0\CMSIS-4.5.0\CMSIS\Lib\GCC\libarm_cortexM4lf_math.a(arm_cos_f32.o)
                              obj\release\src\filter_noise_reduction.o (arm_cos_f32)
..\CMSIS-4.5.0\CMSIS-4.5.0\CMSIS\Lib\GCC\libarm_cortexM4lf_math.a(arm_bitreversal2.o)
                              ..\CMSIS-4.5.0\CMSIS-4.5.0\CMSIS\Lib\GCC\libarm_cortexM4lf_math.a(arm_cfft_f32.o) (arm_bitreversal_32)
..\CMSIS-4.5.0\CMSIS-4.5.0\CMSIS\Lib\GCC\libarm_cortexM4lf_math.a(arm_cfft_radix8_f32.o)
                              ..\CMSIS-4.5.0\CMSIS-4.5.0\CMSIS\Lib\GCC\libarm_cortexM4lf_math.a(arm_cfft_f32.o) (arm_radix8_butterfly_f32)
c:/program files (x86)/embitz/1.11/share/em_armgcc/bin/../lib/gcc/arm-none-eabi/5.4.1/../../../../arm-none-eabi/lib/armv7e-m/fpu\libm.a(lib_a-cargf.o)
                              obj\release\src\filter_noise_reduction.o (cargf)
c:/program files (x86)/embitz/1.11/share/em_armgcc/bin/../lib/gcc/arm-none-eabi/5.4.1/../../../../arm-none-eabi/lib/armv7e-m/fpu\libm.a(lib_a-cimagf.o)
                              c:/program files (x86)/embitz/1.11/share/em_armgcc/bin/../lib/gcc/arm-none-eabi/5.4.1/../../../../arm-none-eabi/lib/armv7e-m/fpu\libm.a(lib_a-cargf.o) (cimagf)
c:/program files (x86)/embitz/1.11/share/em_armgcc/bin/../lib/gcc/arm-none-eabi/5.4.1/../../../../arm-none-eabi/lib/armv7e-m/fpu\libm.a(lib_a-crealf.o)
                              c:/program files (x86)/embitz/1.11/share/em_armgcc/bin/../lib/gcc/arm-none-eabi/5.4.1/../../../../arm-none-eabi/lib/armv7e-m/fpu\libm.a(lib_a-cargf.o) (crealf)
c:/program files (x86)/embitz/1.11/share/em_armgcc/bin/../lib/gcc/arm-none-eabi/5.4.1/../../../../arm-none-eabi/lib/armv7e-m/fpu\libm.a(lib_a-wf_atan2.o)
                              c:/program files (x86)/embitz/1.11/share/em_armgcc/bin/../lib/gcc/arm-none-eabi/5.4.1/../../../../arm-none-eabi/lib/armv7e-m/fpu\libm.a(lib_a-cargf.o) (atan2f)
c:/program files (x86)/embitz/1.11/share/em_armgcc/bin/../lib/gcc/arm-none-eabi/5.4.1/../../../../arm-none-eabi/lib/armv7e-m/fpu\libm.a(lib_a-wf_sqrt.o)
                              ..\CMSIS-4.5.0\CMSIS-4.5.0\CMSIS\Lib\GCC\libarm_cortexM4lf_math.a(arm_cmplx_mag_f32.o) (sqrtf)
c:/program files (x86)/embitz/1.11/share/em_armgcc/bin/../lib/gcc/arm-none-eabi/5.4.1/../../../../arm-none-eabi/lib/armv7e-m/fpu\libm.a(lib_a-ef_atan2.o)
                              c:/program files (x86)/embitz/1.11/share/em_armgcc/bin/../lib/gcc/arm-none-eabi/5.4.1/../../../../arm-none-eabi/lib/armv7e-m/fpu\libm.a(lib_a-wf_atan2.o) (__ieee754_atan2f)
c:/program files (x86)/embitz/1.11/share/em_armgcc/bin/../lib/gcc/arm-none-eabi/5.4.1/../../../../arm-none-eabi/lib/armv7e-m/fpu\libm.a(lib_a-ef_sqrt.o)
                              c:/program files (x86)/embitz/1.11/share/em_armgcc/bin/../lib/gcc/arm-none-eabi/5.4.1/../../../../arm-none-eabi/lib/armv7e-m/fpu\libm.a(lib_a-wf_sqrt.o) (__ieee754_sqrtf)
[...]
Memory Configuration

Name             Origin             Length             Attributes
ROM              0x08000000         0x00080000         xr
RAM              0x20000000         0x00020000         xrw
CCRAM            0x10000000         0x00010000         xrw
*default*        0x00000000         0xffffffff

Linker script and memory map

LOAD c:/program files (x86)/embitz/1.11/share/em_armgcc/bin/../lib/gcc/arm-none-eabi/5.4.1/armv7e-m/fpu/crti.o
LOAD c:/program files (x86)/embitz/1.11/share/em_armgcc/bin/../lib/gcc/arm-none-eabi/5.4.1/armv7e-m/fpu/crtbegin.o
LOAD c:/program files (x86)/embitz/1.11/share/em_armgcc/bin/../lib/gcc/arm-none-eabi/5.4.1/../../../../arm-none-eabi/lib/armv7e-m/fpu/crt0.o
                0x00000000                __HEAP_SIZE = 0x0
                0x00000100                __STACK_SIZE = 0x100

.text           0x08000000    0x4951c
 *(.isr_vector)
 .isr_vector    0x08000000      0x188 obj\release\src\startup_stm32f4xx.o
                0x08000000                __isr_vector
 *(.text*)
 .text          0x08000188        0x0 c:/program files (x86)/embitz/1.11/share/em_armgcc/bin/../lib/gcc/arm-none-eabi/5.4.1/armv7e-m/fpu/crti.o
 .text          0x08000188       0x5c c:/program files (x86)/embitz/1.11/share/em_armgcc/bin/../lib/gcc/arm-none-eabi/5.4.1/armv7e-m/fpu/crtbegin.o
 .text          0x080001e4       0x74 c:/program files (x86)/embitz/1.11/share/em_armgcc/bin/../lib/gcc/arm-none-eabi/5.4.1/../../../../arm-none-eabi/lib/armv7e-m/fpu/crt0.o
                0x080001e4                _start
                0x080001e4                _mainCRTStartup
 .text          0x08000258        0x0 obj\release\spl\src\misc.o
 .text.NVIC_PriorityGroupConfig
                0x08000258       0x14 obj\release\spl\src\misc.o
                0x08000258                NVIC_PriorityGroupConfig
 .text.NVIC_Init
                0x0800026c       0x70 obj\release\spl\src\misc.o
                0x0800026c                NVIC_Init
 .text.NVIC_SetVectorTable
                0x080002dc       0x14 obj\release\spl\src\misc.o
                0x080002dc                NVIC_SetVectorTable
 .text.NVIC_SystemLPConfig
                0x080002f0       0x18 obj\release\spl\src\misc.o
                0x080002f0                NVIC_SystemLPConfig
 .text.SysTick_CLKSourceConfig
                0x08000308       0x18 obj\release\spl\src\misc.o
                0x08000308                SysTick_CLKSourceConfig
 .text          0x08000320        0x0 obj\release\spl\src\stm32f4xx_adc.o
 .text.ADC_DeInit
                0x08000320       0x1c obj\release\spl\src\stm32f4xx_adc.o
                0x08000320                ADC_DeInit
 .text.ADC_Init
                0x0800033c       0x4c obj\release\spl\src\stm32f4xx_adc.o
                0x0800033c                ADC_Init
 .text.ADC_StructInit
                0x08000388       0x14 obj\release\spl\src\stm32f4xx_adc.o
                0x08000388                ADC_StructInit
 .text.ADC_CommonInit
                0x0800039c       0x28 obj\release\spl\src\stm32f4xx_adc.o
                0x0800039c                ADC_CommonInit
 .text.ADC_CommonStructInit
                0x080003c4        0xc obj\release\spl\src\stm32f4xx_adc.o
                0x080003c4                ADC_CommonStructInit
 .text.ADC_Cmd  0x080003d0       0x14 obj\release\spl\src\stm32f4xx_adc.o
                0x080003d0                ADC_Cmd
 .text.ADC_AnalogWatchdogCmd
                0x080003e4       0x10 obj\release\spl\src\stm32f4xx_adc.o
                0x080003e4                ADC_AnalogWatchdogCmd
 .text.ADC_AnalogWatchdogThresholdsConfig
                0x080003f4        0x8 obj\release\spl\src\stm32f4xx_adc.o
                0x080003f4                ADC_AnalogWatchdogThresholdsConfig
 .text.ADC_AnalogWatchdogSingleChannelConfig
                0x080003fc        0xc obj\release\spl\src\stm32f4xx_adc.o
                0x080003fc                ADC_AnalogWatchdogSingleChannelConfig
 .text.ADC_TempSensorVrefintCmd
                0x08000408       0x1c obj\release\spl\src\stm32f4xx_adc.o
                0x08000408                ADC_TempSensorVrefintCmd
 .text.ADC_VBATCmd
                0x08000424       0x1c obj\release\spl\src\stm32f4xx_adc.o
                0x08000424                ADC_VBATCmd
 .text.ADC_RegularChannelConfig
                0x08000440       0x94 obj\release\spl\src\stm32f4xx_adc.o
                0x08000440                ADC_RegularChannelConfig
 .text.ADC_SoftwareStartConv
                0x080004d4        0xc obj\release\spl\src\stm32f4xx_adc.o
                0x080004d4                ADC_SoftwareStartConv
 .text.ADC_GetSoftwareStartConvStatus
                0x080004e0        0x8 obj\release\spl\src\stm32f4xx_adc.o
                0x080004e0                ADC_GetSoftwareStartConvStatus
 .text.ADC_EOCOnEachRegularChannelCmd
                0x080004e8       0x14 obj\release\spl\src\stm32f4xx_adc.o
                0x080004e8                ADC_EOCOnEachRegularChannelCmd
 .text.ADC_ContinuousModeCmd
                0x080004fc       0x14 obj\release\spl\src\stm32f4xx_adc.o
                0x080004fc                ADC_ContinuousModeCmd
 .text.ADC_DiscModeChannelCountConfig
                0x08000510       0x10 obj\release\spl\src\stm32f4xx_adc.o
                0x08000510                ADC_DiscModeChannelCountConfig
 .text.ADC_DiscModeCmd
                0x08000520       0x14 obj\release\spl\src\stm32f4xx_adc.o
                0x08000520                ADC_DiscModeCmd
 .text.ADC_GetConversionValue
                0x08000534        0x8 obj\release\spl\src\stm32f4xx_adc.o
                0x08000534                ADC_GetConversionValue
 .text.ADC_GetMultiModeConversionValue
                0x0800053c        0xc obj\release\spl\src\stm32f4xx_adc.o
                0x0800053c                ADC_GetMultiModeConversionValue
 .text.ADC_DMACmd
                0x08000548       0x14 obj\release\spl\src\stm32f4xx_adc.o
                0x08000548                ADC_DMACmd
 .text.ADC_DMARequestAfterLastTransferCmd
                0x0800055c       0x14 obj\release\spl\src\stm32f4xx_adc.o
                0x0800055c                ADC_DMARequestAfterLastTransferCmd
 .text.ADC_MultiModeDMARequestAfterLastTransferCmd
                0x08000570       0x1c obj\release\spl\src\stm32f4xx_adc.o
                0x08000570                ADC_MultiModeDMARequestAfterLastTransferCmd
 .text.ADC_InjectedChannelConfig
                0x0800058c       0x58 obj\release\spl\src\stm32f4xx_adc.o
                0x0800058c                ADC_InjectedChannelConfig
 .text.ADC_InjectedSequencerLengthConfig
                0x080005e4       0x10 obj\release\spl\src\stm32f4xx_adc.o
                0x080005e4                ADC_InjectedSequencerLengthConfig
 .text.ADC_SetInjectedOffset
                0x080005f4       0x18 obj\release\spl\src\stm32f4xx_adc.o
                0x080005f4                ADC_SetInjectedOffset
 .text.ADC_ExternalTrigInjectedConvConfig
                0x0800060c        0xc obj\release\spl\src\stm32f4xx_adc.o
                0x0800060c                ADC_ExternalTrigInjectedConvConfig
 .text.ADC_ExternalTrigInjectedConvEdgeConfig
                0x08000618        0xc obj\release\spl\src\stm32f4xx_adc.o
                0x08000618                ADC_ExternalTrigInjectedConvEdgeConfig
 .text.ADC_SoftwareStartInjectedConv
                0x08000624        0xc obj\release\spl\src\stm32f4xx_adc.o
                0x08000624                ADC_SoftwareStartInjectedConv
 .text.ADC_GetSoftwareStartInjectedConvCmdStatus
                0x08000630        0x8 obj\release\spl\src\stm32f4xx_adc.o
                0x08000630                ADC_GetSoftwareStartInjectedConvCmdStatus
 .text.ADC_AutoInjectedConvCmd
                0x08000638       0x14 obj\release\spl\src\stm32f4xx_adc.o
                0x08000638                ADC_AutoInjectedConvCmd
 .text.ADC_InjectedDiscModeCmd
                0x0800064c       0x14 obj\release\spl\src\stm32f4xx_adc.o
                0x0800064c                ADC_InjectedDiscModeCmd
 .text.ADC_GetInjectedConversionValue
                0x08000660       0x1c obj\release\spl\src\stm32f4xx_adc.o
                0x08000660                ADC_GetInjectedConversionValue
 .text.ADC_ITConfig
                0x0800067c       0x18 obj\release\spl\src\stm32f4xx_adc.o
                0x0800067c                ADC_ITConfig
 .text.ADC_GetFlagStatus
                0x08000694        0xc obj\release\spl\src\stm32f4xx_adc.o
                0x08000694                ADC_GetFlagStatus
 .text.ADC_ClearFlag
                0x080006a0        0x8 obj\release\spl\src\stm32f4xx_adc.o
                0x080006a0                ADC_ClearFlag
 .text.ADC_GetITStatus
                0x080006a8       0x1c obj\release\spl\src\stm32f4xx_adc.o
                0x080006a8                ADC_GetITStatus
 .text.ADC_ClearITPendingBit
                0x080006c4        0x8 obj\release\spl\src\stm32f4xx_adc.o
                0x080006c4                ADC_ClearITPendingBit
 .text          0x080006cc        0x0 obj\release\spl\src\stm32f4xx_can.o
 .text.CAN_DeInit
                0x080006cc       0x3c obj\release\spl\src\stm32f4xx_can.o
                0x080006cc                CAN_DeInit
 .text.CAN_Init
                0x08000708       0xec obj\release\spl\src\stm32f4xx_can.o
                0x08000708                CAN_Init
 .text.CAN_FilterInit
                0x080007f4       0xf8 obj\release\spl\src\stm32f4xx_can.o
                0x080007f4                CAN_FilterInit
 .text.CAN_StructInit
                0x080008ec       0x28 obj\release\spl\src\stm32f4xx_can.o
                0x080008ec                CAN_StructInit
 .text.CAN_SlaveStartBank
                0x08000914       0x3c obj\release\spl\src\stm32f4xx_can.o
                0x08000914                CAN_SlaveStartBank
 .text.CAN_DBGFreeze
                0x08000950       0x14 obj\release\spl\src\stm32f4xx_can.o
                0x08000950                CAN_DBGFreeze
 .text.CAN_TTComModeCmd
                0x08000964       0x5c obj\release\spl\src\stm32f4xx_can.o
                0x08000964                CAN_TTComModeCmd
 .text.CAN_Transmit
                0x080009c0       0xac obj\release\spl\src\stm32f4xx_can.o
                0x080009c0                CAN_Transmit
 .text.CAN_TransmitStatus
                0x08000a6c       0x50 obj\release\spl\src\stm32f4xx_can.o
                0x08000a6c                CAN_TransmitStatus
 .text.CAN_CancelTransmit
                0x08000abc       0x2c obj\release\spl\src\stm32f4xx_can.o
                0x08000abc                CAN_CancelTransmit
 .text.CAN_Receive
                0x08000ae8       0xa0 obj\release\spl\src\stm32f4xx_can.o
                0x08000ae8                CAN_Receive
 .text.CAN_FIFORelease
                0x08000b88       0x18 obj\release\spl\src\stm32f4xx_can.o
                0x08000b88                CAN_FIFORelease
 .text.CAN_MessagePending
                0x08000ba0       0x18 obj\release\spl\src\stm32f4xx_can.o
                0x08000ba0                CAN_MessagePending
 .text.CAN_OperatingModeRequest
                0x08000bb8       0xb4 obj\release\spl\src\stm32f4xx_can.o
                0x08000bb8                CAN_OperatingModeRequest
 .text.CAN_Sleep
                0x08000c6c       0x20 obj\release\spl\src\stm32f4xx_can.o
                0x08000c6c                CAN_Sleep
 .text.CAN_WakeUp
                0x08000c8c       0x2c obj\release\spl\src\stm32f4xx_can.o
                0x08000c8c                CAN_WakeUp
 .text.CAN_GetLastErrorCode
                0x08000cb8        0x8 obj\release\spl\src\stm32f4xx_can.o
                0x08000cb8                CAN_GetLastErrorCode
 .text.CAN_GetReceiveErrorCounter
                0x08000cc0        0x8 obj\release\spl\src\stm32f4xx_can.o
                0x08000cc0                CAN_GetReceiveErrorCounter
 .text.CAN_GetLSBTransmitErrorCounter
                0x08000cc8        0x8 obj\release\spl\src\stm32f4xx_can.o
                0x08000cc8                CAN_GetLSBTransmitErrorCounter
 .text.CAN_ITConfig
                0x08000cd0       0x14 obj\release\spl\src\stm32f4xx_can.o
                0x08000cd0                CAN_ITConfig
 .text.CAN_GetFlagStatus
                0x08000ce4       0x54 obj\release\spl\src\stm32f4xx_can.o
                0x08000ce4                CAN_GetFlagStatus
 .text.CAN_ClearFlag
                0x08000d38       0x30 obj\release\spl\src\stm32f4xx_can.o
                0x08000d38                CAN_ClearFlag
 .text.CAN_GetITStatus
                0x08000d68       0xe4 obj\release\spl\src\stm32f4xx_can.o
                0x08000d68                CAN_GetITStatus
 .text.CAN_ClearITPendingBit
                0x08000e4c       0x8c obj\release\spl\src\stm32f4xx_can.o
                0x08000e4c                CAN_ClearITPendingBit
 .text          0x08000ed8        0x0 obj\release\spl\src\stm32f4xx_crc.o
 .text.CRC_ResetDR
                0x08000ed8        0xc obj\release\spl\src\stm32f4xx_crc.o
                0x08000ed8                CRC_ResetDR
 .text.CRC_CalcCRC
                0x08000ee4        0xc obj\release\spl\src\stm32f4xx_crc.o
                0x08000ee4                CRC_CalcCRC
 .text.CRC_CalcBlockCRC
                0x08000ef0       0x1c obj\release\spl\src\stm32f4xx_crc.o
                0x08000ef0                CRC_CalcBlockCRC
 .text.CRC_GetCRC
                0x08000f0c        0xc obj\release\spl\src\stm32f4xx_crc.o
                0x08000f0c                CRC_GetCRC
 .text.CRC_SetIDRegister
                0x08000f18        0xc obj\release\spl\src\stm32f4xx_crc.o
                0x08000f18                CRC_SetIDRegister
 .text.CRC_GetIDRegister
                0x08000f24        0xc obj\release\spl\src\stm32f4xx_crc.o
                0x08000f24                CRC_GetIDRegister
 .text          0x08000f30        0x0 obj\release\spl\src\stm32f4xx_cryp.o
 .text.CRYP_DeInit
                0x08000f30       0x18 obj\release\spl\src\stm32f4xx_cryp.o
                0x08000f30                CRYP_DeInit
 .text.CRYP_Init
                0x08000f48       0x58 obj\release\spl\src\stm32f4xx_cryp.o
                0x08000f48                CRYP_Init
 .text.CRYP_StructInit
                0x08000fa0        0xc obj\release\spl\src\stm32f4xx_cryp.o
                0x08000fa0                CRYP_StructInit
 .text.CRYP_KeyInit
                0x08000fac       0x28 obj\release\spl\src\stm32f4xx_cryp.o
                0x08000fac                CRYP_KeyInit
 .text.CRYP_KeyStructInit
                0x08000fd4       0x14 obj\release\spl\src\stm32f4xx_cryp.o
                0x08000fd4                CRYP_KeyStructInit
 .text.CRYP_IVInit
                0x08000fe8       0x18 obj\release\spl\src\stm32f4xx_cryp.o
                0x08000fe8                CRYP_IVInit
 .text.CRYP_IVStructInit
                0x08001000        0xc obj\release\spl\src\stm32f4xx_cryp.o
                0x08001000                CRYP_IVStructInit
 .text.CRYP_FIFOFlush
                0x0800100c       0x10 obj\release\spl\src\stm32f4xx_cryp.o
                0x0800100c                CRYP_FIFOFlush
 .text.CRYP_Cmd
                0x0800101c       0x1c obj\release\spl\src\stm32f4xx_cryp.o
                0x0800101c                CRYP_Cmd
 .text.CRYP_DataIn
                0x08001038        0xc obj\release\spl\src\stm32f4xx_cryp.o
                0x08001038                CRYP_DataIn
 .text.CRYP_DataOut
                0x08001044        0xc obj\release\spl\src\stm32f4xx_cryp.o
                0x08001044                CRYP_DataOut
 .text.CRYP_SaveContext
                0x08001050       0xa0 obj\release\spl\src\stm32f4xx_cryp.o
                0x08001050                CRYP_SaveContext
 .text.CRYP_RestoreContext
                0x080010f0       0x44 obj\release\spl\src\stm32f4xx_cryp.o
                0x080010f0                CRYP_RestoreContext
 .text.CRYP_DMACmd
                0x08001134       0x1c obj\release\spl\src\stm32f4xx_cryp.o
                0x08001134                CRYP_DMACmd
 .text.CRYP_ITConfig
                0x08001150       0x1c obj\release\spl\src\stm32f4xx_cryp.o
                0x08001150                CRYP_ITConfig
 .text.CRYP_GetITStatus
                0x0800116c       0x14 obj\release\spl\src\stm32f4xx_cryp.o
                0x0800116c                CRYP_GetITStatus
 .text.CRYP_GetFlagStatus
                0x08001180       0x18 obj\release\spl\src\stm32f4xx_cryp.o
                0x08001180                CRYP_GetFlagStatus
 .text          0x08001198        0x0 obj\release\spl\src\stm32f4xx_cryp_aes.o
 .text.CRYP_AES_ECB
                0x08001198      0x1f0 obj\release\spl\src\stm32f4xx_cryp_aes.o
                0x08001198                CRYP_AES_ECB
 .text.CRYP_AES_CBC
                0x08001388      0x218 obj\release\spl\src\stm32f4xx_cryp_aes.o
                0x08001388                CRYP_AES_CBC
 .text.CRYP_AES_CTR
                0x080015a0      0x1a8 obj\release\spl\src\stm32f4xx_cryp_aes.o
                0x080015a0                CRYP_AES_CTR
 .text          0x08001748        0x0 obj\release\spl\src\stm32f4xx_cryp_des.o
 .text.CRYP_DES_ECB
                0x08001748       0xc4 obj\release\spl\src\stm32f4xx_cryp_des.o
                0x08001748                CRYP_DES_ECB
 .text.CRYP_DES_CBC
                0x0800180c       0xdc obj\release\spl\src\stm32f4xx_cryp_des.o
                0x0800180c                CRYP_DES_CBC
 .text          0x080018e8        0x0 obj\release\spl\src\stm32f4xx_cryp_tdes.o
 .text.CRYP_TDES_ECB
                0x080018e8       0xe4 obj\release\spl\src\stm32f4xx_cryp_tdes.o
                0x080018e8                CRYP_TDES_ECB
 .text.CRYP_TDES_CBC
                0x080019cc      0x100 obj\release\spl\src\stm32f4xx_cryp_tdes.o
                0x080019cc                CRYP_TDES_CBC
 .text          0x08001acc        0x0 obj\release\spl\src\stm32f4xx_dac.o
 .text.DAC_DeInit
                0x08001acc       0x1c obj\release\spl\src\stm32f4xx_dac.o
                0x08001acc                DAC_DeInit
 .text.DAC_Init
                0x08001ae8       0x30 obj\release\spl\src\stm32f4xx_dac.o
                0x08001ae8                DAC_Init
 .text.DAC_StructInit
                0x08001b18        0xc obj\release\spl\src\stm32f4xx_dac.o
                0x08001b18                DAC_StructInit
 .text.DAC_Cmd  0x08001b24       0x28 obj\release\spl\src\stm32f4xx_dac.o
                0x08001b24                DAC_Cmd
 .text.DAC_SoftwareTriggerCmd
                0x08001b4c       0x2c obj\release\spl\src\stm32f4xx_dac.o
                0x08001b4c                DAC_SoftwareTriggerCmd
 .text.DAC_DualSoftwareTriggerCmd
                0x08001b78       0x1c obj\release\spl\src\stm32f4xx_dac.o
                0x08001b78                DAC_DualSoftwareTriggerCmd
 .text.DAC_WaveGenerationCmd
                0x08001b94       0x20 obj\release\spl\src\stm32f4xx_dac.o
                0x08001b94                DAC_WaveGenerationCmd
 .text.DAC_SetChannel1Data
                0x08001bb4       0x20 obj\release\spl\src\stm32f4xx_dac.o
                0x08001bb4                DAC_SetChannel1Data
 .text.DAC_SetChannel2Data
                0x08001bd4       0x20 obj\release\spl\src\stm32f4xx_dac.o
                0x08001bd4                DAC_SetChannel2Data
 .text.DAC_SetDualChannelData
                0x08001bf4       0x18 obj\release\spl\src\stm32f4xx_dac.o
                0x08001bf4                DAC_SetDualChannelData
 .text.DAC_GetDataOutputValue
                0x08001c0c       0x24 obj\release\spl\src\stm32f4xx_dac.o
                0x08001c0c                DAC_GetDataOutputValue
 .text.DAC_DMACmd
                0x08001c30       0x2c obj\release\spl\src\stm32f4xx_dac.o
                0x08001c30                DAC_DMACmd
 .text.DAC_ITConfig
                0x08001c5c       0x20 obj\release\spl\src\stm32f4xx_dac.o
                0x08001c5c                DAC_ITConfig
 .text.DAC_GetFlagStatus
                0x08001c7c       0x14 obj\release\spl\src\stm32f4xx_dac.o
                0x08001c7c                DAC_GetFlagStatus
 .text.DAC_ClearFlag
                0x08001c90        0xc obj\release\spl\src\stm32f4xx_dac.o
                0x08001c90                DAC_ClearFlag
 .text.DAC_GetITStatus
                0x08001c9c       0x1c obj\release\spl\src\stm32f4xx_dac.o
                0x08001c9c                DAC_GetITStatus
 .text.DAC_ClearITPendingBit
                0x08001cb8        0xc obj\release\spl\src\stm32f4xx_dac.o
                0x08001cb8                DAC_ClearITPendingBit
 .text          0x08001cc4        0x0 obj\release\spl\src\stm32f4xx_dbgmcu.o
 .text.DBGMCU_GetREVID
                0x08001cc4        0xc obj\release\spl\src\stm32f4xx_dbgmcu.o
                0x08001cc4                DBGMCU_GetREVID
 .text.DBGMCU_GetDEVID
                0x08001cd0       0x10 obj\release\spl\src\stm32f4xx_dbgmcu.o
                0x08001cd0                DBGMCU_GetDEVID
 .text.DBGMCU_Config
                0x08001ce0       0x1c obj\release\spl\src\stm32f4xx_dbgmcu.o
                0x08001ce0                DBGMCU_Config
 .text.DBGMCU_APB1PeriphConfig
                0x08001cfc       0x1c obj\release\spl\src\stm32f4xx_dbgmcu.o
                0x08001cfc                DBGMCU_APB1PeriphConfig
 .text.DBGMCU_APB2PeriphConfig
                0x08001d18       0x1c obj\release\spl\src\stm32f4xx_dbgmcu.o
                0x08001d18                DBGMCU_APB2PeriphConfig
 .text          0x08001d34        0x0 obj\release\spl\src\stm32f4xx_dcmi.o
 .text.DCMI_DeInit
                0x08001d34       0x1c obj\release\spl\src\stm32f4xx_dcmi.o
                0x08001d34                DCMI_DeInit
 .text.DCMI_Init
                0x08001d50       0x44 obj\release\spl\src\stm32f4xx_dcmi.o
                0x08001d50                DCMI_Init
 .text.DCMI_StructInit
                0x08001d94       0x14 obj\release\spl\src\stm32f4xx_dcmi.o
                0x08001d94                DCMI_StructInit
 .text.DCMI_CROPConfig
                0x08001da8       0x1c obj\release\spl\src\stm32f4xx_dcmi.o
                0x08001da8                DCMI_CROPConfig
 .text.DCMI_CROPCmd
                0x08001dc4       0x1c obj\release\spl\src\stm32f4xx_dcmi.o
                0x08001dc4                DCMI_CROPCmd
 .text.DCMI_SetEmbeddedSynchroCodes
                0x08001de0        0xc obj\release\spl\src\stm32f4xx_dcmi.o
                0x08001de0                DCMI_SetEmbeddedSynchroCodes
 .text.DCMI_JPEGCmd
                0x08001dec       0x1c obj\release\spl\src\stm32f4xx_dcmi.o
                0x08001dec                DCMI_JPEGCmd
 .text.DCMI_Cmd
                0x08001e08       0x1c obj\release\spl\src\stm32f4xx_dcmi.o
                0x08001e08                DCMI_Cmd
 .text.DCMI_CaptureCmd
                0x08001e24       0x1c obj\release\spl\src\stm32f4xx_dcmi.o
                0x08001e24                DCMI_CaptureCmd
 .text.DCMI_ReadData
                0x08001e40        0xc obj\release\spl\src\stm32f4xx_dcmi.o
                0x08001e40                DCMI_ReadData
 .text.DCMI_ITConfig
                0x08001e4c       0x1c obj\release\spl\src\stm32f4xx_dcmi.o
                0x08001e4c                DCMI_ITConfig
 .text.DCMI_GetFlagStatus
                0x08001e68       0x24 obj\release\spl\src\stm32f4xx_dcmi.o
                0x08001e68                DCMI_GetFlagStatus
 .text.DCMI_ClearFlag
                0x08001e8c        0xc obj\release\spl\src\stm32f4xx_dcmi.o
                0x08001e8c                DCMI_ClearFlag
 .text.DCMI_GetITStatus
                0x08001e98       0x14 obj\release\spl\src\stm32f4xx_dcmi.o
                0x08001e98                DCMI_GetITStatus
 .text.DCMI_ClearITPendingBit
                0x08001eac        0xc obj\release\spl\src\stm32f4xx_dcmi.o
                0x08001eac                DCMI_ClearITPendingBit
 .text          0x08001eb8        0x0 obj\release\spl\src\stm32f4xx_dma.o
 .text.DMA_DeInit
                0x08001eb8      0x130 obj\release\spl\src\stm32f4xx_dma.o
                0x08001eb8                DMA_DeInit
 .text.DMA_Init
                0x08001fe8       0x58 obj\release\spl\src\stm32f4xx_dma.o
                0x08001fe8                DMA_Init
 .text.DMA_StructInit
                0x08002040       0x24 obj\release\spl\src\stm32f4xx_dma.o
                0x08002040                DMA_StructInit
 .text.DMA_Cmd  0x08002064       0x14 obj\release\spl\src\stm32f4xx_dma.o
                0x08002064                DMA_Cmd
 .text.DMA_PeriphIncOffsetSizeConfig
                0x08002078       0x14 obj\release\spl\src\stm32f4xx_dma.o
                0x08002078                DMA_PeriphIncOffsetSizeConfig
 .text.DMA_FlowControllerConfig
                0x0800208c       0x14 obj\release\spl\src\stm32f4xx_dma.o
                0x0800208c                DMA_FlowControllerConfig
 .text.DMA_SetCurrDataCounter
                0x080020a0        0x4 obj\release\spl\src\stm32f4xx_dma.o
                0x080020a0                DMA_SetCurrDataCounter
 .text.DMA_GetCurrDataCounter
                0x080020a4        0x8 obj\release\spl\src\stm32f4xx_dma.o
                0x080020a4                DMA_GetCurrDataCounter
 .text.DMA_DoubleBufferModeConfig
                0x080020ac       0x18 obj\release\spl\src\stm32f4xx_dma.o
                0x080020ac                DMA_DoubleBufferModeConfig
 .text.DMA_DoubleBufferModeCmd
                0x080020c4       0x14 obj\release\spl\src\stm32f4xx_dma.o
                0x080020c4                DMA_DoubleBufferModeCmd
 .text.DMA_MemoryTargetConfig
                0x080020d8        0xc obj\release\spl\src\stm32f4xx_dma.o
                0x080020d8                DMA_MemoryTargetConfig
 .text.DMA_GetCurrentMemoryTarget
                0x080020e4        0x8 obj\release\spl\src\stm32f4xx_dma.o
                0x080020e4                DMA_GetCurrentMemoryTarget
 .text.DMA_GetCmdStatus
                0x080020ec        0x8 obj\release\spl\src\stm32f4xx_dma.o
                0x080020ec                DMA_GetCmdStatus
 .text.DMA_GetFIFOStatus
                0x080020f4        0x8 obj\release\spl\src\stm32f4xx_dma.o
                0x080020f4                DMA_GetFIFOStatus
 .text.DMA_GetFlagStatus
                0x080020fc       0x3c obj\release\spl\src\stm32f4xx_dma.o
                0x080020fc                DMA_GetFlagStatus
 .text.DMA_ClearFlag
                0x08002138       0x34 obj\release\spl\src\stm32f4xx_dma.o
                0x08002138                DMA_ClearFlag
 .text.DMA_ITConfig
                0x0800216c       0x40 obj\release\spl\src\stm32f4xx_dma.o
                0x0800216c                DMA_ITConfig
 .text.DMA_GetITStatus
                0x080021ac       0x50 obj\release\spl\src\stm32f4xx_dma.o
                0x080021ac                DMA_GetITStatus
 .text.DMA_ClearITPendingBit
                0x080021fc       0x34 obj\release\spl\src\stm32f4xx_dma.o
                0x080021fc                DMA_ClearITPendingBit
 .text          0x08002230        0x0 obj\release\spl\src\stm32f4xx_exti.o
 .text.EXTI_DeInit
                0x08002230       0x1c obj\release\spl\src\stm32f4xx_exti.o
                0x08002230                EXTI_DeInit
 .text.EXTI_Init
                0x0800224c       0x90 obj\release\spl\src\stm32f4xx_exti.o
                0x0800224c                EXTI_Init
 .text.EXTI_StructInit
                0x080022dc       0x10 obj\release\spl\src\stm32f4xx_exti.o
                0x080022dc                EXTI_StructInit
 .text.EXTI_GenerateSWInterrupt
                0x080022ec       0x10 obj\release\spl\src\stm32f4xx_exti.o
                0x080022ec                EXTI_GenerateSWInterrupt
 .text.EXTI_GetFlagStatus
                0x080022fc       0x14 obj\release\spl\src\stm32f4xx_exti.o
                0x080022fc                EXTI_GetFlagStatus
 .text.EXTI_ClearFlag
                0x08002310        0xc obj\release\spl\src\stm32f4xx_exti.o
                0x08002310                EXTI_ClearFlag
 .text.EXTI_GetITStatus
                0x0800231c       0x1c obj\release\spl\src\stm32f4xx_exti.o
                0x0800231c                EXTI_GetITStatus
 .text.EXTI_ClearITPendingBit
                0x08002338        0xc obj\release\spl\src\stm32f4xx_exti.o
                0x08002338                EXTI_ClearITPendingBit
 .text          0x08002344        0x0 obj\release\spl\src\stm32f4xx_flash.o
 .text.FLASH_SetLatency
                0x08002344        0xc obj\release\spl\src\stm32f4xx_flash.o
                0x08002344                FLASH_SetLatency
 .text.FLASH_PrefetchBufferCmd
                0x08002350       0x1c obj\release\spl\src\stm32f4xx_flash.o
                0x08002350                FLASH_PrefetchBufferCmd
 .text.FLASH_InstructionCacheCmd
                0x0800236c       0x1c obj\release\spl\src\stm32f4xx_flash.o
                0x0800236c                FLASH_InstructionCacheCmd
 .text.FLASH_DataCacheCmd
                0x08002388       0x1c obj\release\spl\src\stm32f4xx_flash.o
                0x08002388                FLASH_DataCacheCmd
 .text.FLASH_InstructionCacheReset
                0x080023a4       0x10 obj\release\spl\src\stm32f4xx_flash.o
                0x080023a4                FLASH_InstructionCacheReset
 .text.FLASH_DataCacheReset
                0x080023b4       0x10 obj\release\spl\src\stm32f4xx_flash.o
                0x080023b4                FLASH_DataCacheReset
 .text.FLASH_Unlock
                0x080023c4       0x20 obj\release\spl\src\stm32f4xx_flash.o
                0x080023c4                FLASH_Unlock
 .text.FLASH_Lock
                0x080023e4       0x10 obj\release\spl\src\stm32f4xx_flash.o
                0x080023e4                FLASH_Lock
 .text.FLASH_EraseSector
                0x080023f4      0x188 obj\release\spl\src\stm32f4xx_flash.o
                0x080023f4                FLASH_EraseSector
 .text.FLASH_EraseAllSectors
                0x0800257c      0x16c obj\release\spl\src\stm32f4xx_flash.o
                0x0800257c                FLASH_EraseAllSectors
 .text.FLASH_ProgramDoubleWord
                0x080026e8      0x15c obj\release\spl\src\stm32f4xx_flash.o
                0x080026e8                FLASH_ProgramDoubleWord
 .text.FLASH_ProgramWord
                0x08002844      0x15c obj\release\spl\src\stm32f4xx_flash.o
                0x08002844                FLASH_ProgramWord
 .text.FLASH_ProgramHalfWord
                0x080029a0      0x15c obj\release\spl\src\stm32f4xx_flash.o
                0x080029a0                FLASH_ProgramHalfWord
 .text.FLASH_ProgramByte
                0x08002afc      0x158 obj\release\spl\src\stm32f4xx_flash.o
                0x08002afc                FLASH_ProgramByte
 .text.FLASH_OB_Unlock
                0x08002c54       0x20 obj\release\spl\src\stm32f4xx_flash.o
                0x08002c54                FLASH_OB_Unlock
 .text.FLASH_OB_Lock
                0x08002c74       0x10 obj\release\spl\src\stm32f4xx_flash.o
                0x08002c74                FLASH_OB_Lock
 .text.FLASH_OB_WRPConfig
                0x08002c84       0xb8 obj\release\spl\src\stm32f4xx_flash.o
                0x08002c84                FLASH_OB_WRPConfig
 .text.FLASH_OB_RDPConfig
                0x08002d3c       0xa0 obj\release\spl\src\stm32f4xx_flash.o
                0x08002d3c                FLASH_OB_RDPConfig
 .text.FLASH_OB_UserConfig
                0x08002ddc       0xb4 obj\release\spl\src\stm32f4xx_flash.o
                0x08002ddc                FLASH_OB_UserConfig
 .text.FLASH_OB_BORConfig
                0x08002e90       0x18 obj\release\spl\src\stm32f4xx_flash.o
                0x08002e90                FLASH_OB_BORConfig
 .text.FLASH_OB_Launch
                0x08002ea8       0xa4 obj\release\spl\src\stm32f4xx_flash.o
                0x08002ea8                FLASH_OB_Launch
 .text.FLASH_OB_GetUser
                0x08002f4c       0x10 obj\release\spl\src\stm32f4xx_flash.o
                0x08002f4c                FLASH_OB_GetUser
 .text.FLASH_OB_GetWRP
                0x08002f5c        0xc obj\release\spl\src\stm32f4xx_flash.o
                0x08002f5c                FLASH_OB_GetWRP
 .text.FLASH_OB_GetRDP
                0x08002f68       0x10 obj\release\spl\src\stm32f4xx_flash.o
                0x08002f68                FLASH_OB_GetRDP
 .text.FLASH_OB_GetBOR
                0x08002f78       0x10 obj\release\spl\src\stm32f4xx_flash.o
                0x08002f78                FLASH_OB_GetBOR
 .text.FLASH_ITConfig
                0x08002f88       0x1c obj\release\spl\src\stm32f4xx_flash.o
                0x08002f88                FLASH_ITConfig
 .text.FLASH_GetFlagStatus
                0x08002fa4       0x14 obj\release\spl\src\stm32f4xx_flash.o
                0x08002fa4                FLASH_GetFlagStatus
 .text.FLASH_ClearFlag
                0x08002fb8        0xc obj\release\spl\src\stm32f4xx_flash.o
                0x08002fb8                FLASH_ClearFlag
 .text.FLASH_GetStatus
                0x08002fc4       0x34 obj\release\spl\src\stm32f4xx_flash.o
                0x08002fc4                FLASH_GetStatus
 .text.FLASH_WaitForLastOperation
                0x08002ff8       0x98 obj\release\spl\src\stm32f4xx_flash.o
                0x08002ff8                FLASH_WaitForLastOperation
 .text          0x08003090        0x0 obj\release\spl\src\stm32f4xx_fsmc.o
 .text.FSMC_NORSRAMDeInit
                0x08003090       0x28 obj\release\spl\src\stm32f4xx_fsmc.o
                0x08003090                FSMC_NORSRAMDeInit
 .text.FSMC_NORSRAMInit
                0x080030b8       0xcc obj\release\spl\src\stm32f4xx_fsmc.o
                0x080030b8                FSMC_NORSRAMInit
 .text.FSMC_NORSRAMStructInit
                0x08003184       0x68 obj\release\spl\src\stm32f4xx_fsmc.o
                0x08003184                FSMC_NORSRAMStructInit
 .text.FSMC_NORSRAMCmd
                0x080031ec       0x20 obj\release\spl\src\stm32f4xx_fsmc.o
                0x080031ec                FSMC_NORSRAMCmd
 .text.FSMC_NANDDeInit
                0x0800320c       0x24 obj\release\spl\src\stm32f4xx_fsmc.o
                0x0800320c                FSMC_NANDDeInit
 .text.FSMC_NANDInit
                0x08003230       0x7c obj\release\spl\src\stm32f4xx_fsmc.o
                0x08003230                FSMC_NANDInit
 .text.FSMC_NANDStructInit
                0x080032ac       0x38 obj\release\spl\src\stm32f4xx_fsmc.o
                0x080032ac                FSMC_NANDStructInit
 .text.FSMC_NANDCmd
                0x080032e4       0x34 obj\release\spl\src\stm32f4xx_fsmc.o
                0x080032e4                FSMC_NANDCmd
 .text.FSMC_NANDECCCmd
                0x08003318       0x34 obj\release\spl\src\stm32f4xx_fsmc.o
                0x08003318                FSMC_NANDECCCmd
 .text.FSMC_GetECC
                0x0800334c       0x14 obj\release\spl\src\stm32f4xx_fsmc.o
                0x0800334c                FSMC_GetECC
 .text.FSMC_PCCARDDeInit
                0x08003360       0x1c obj\release\spl\src\stm32f4xx_fsmc.o
                0x08003360                FSMC_PCCARDDeInit
 .text.FSMC_PCCARDInit
                0x0800337c       0x68 obj\release\spl\src\stm32f4xx_fsmc.o
                0x0800337c                FSMC_PCCARDInit
 .text.FSMC_PCCARDStructInit
                0x080033e4       0x3c obj\release\spl\src\stm32f4xx_fsmc.o
                0x080033e4                FSMC_PCCARDStructInit
 .text.FSMC_PCCARDCmd
                0x08003420       0x20 obj\release\spl\src\stm32f4xx_fsmc.o
                0x08003420                FSMC_PCCARDCmd
 .text.FSMC_ITConfig
                0x08003440       0x54 obj\release\spl\src\stm32f4xx_fsmc.o
                0x08003440                FSMC_ITConfig
 .text.FSMC_GetFlagStatus
                0x08003494       0x2c obj\release\spl\src\stm32f4xx_fsmc.o
                0x08003494                FSMC_GetFlagStatus
 .text.FSMC_ClearFlag
                0x080034c0       0x30 obj\release\spl\src\stm32f4xx_fsmc.o
                0x080034c0                FSMC_ClearFlag
 .text.FSMC_GetITStatus
                0x080034f0       0x34 obj\release\spl\src\stm32f4xx_fsmc.o
                0x080034f0                FSMC_GetITStatus
 .text.FSMC_ClearITPendingBit
                0x08003524       0x30 obj\release\spl\src\stm32f4xx_fsmc.o
                0x08003524                FSMC_ClearITPendingBit
 .text          0x08003554        0x0 obj\release\spl\src\stm32f4xx_gpio.o
 .text.GPIO_DeInit
                0x08003554      0x118 obj\release\spl\src\stm32f4xx_gpio.o
                0x08003554                GPIO_DeInit
 .text.GPIO_Init
                0x0800366c       0xa8 obj\release\spl\src\stm32f4xx_gpio.o
                0x0800366c                GPIO_Init
 .text.GPIO_StructInit
                0x08003714       0x14 obj\release\spl\src\stm32f4xx_gpio.o
                0x08003714                GPIO_StructInit
 .text.GPIO_PinLockConfig
                0x08003728       0x24 obj\release\spl\src\stm32f4xx_gpio.o
                0x08003728                GPIO_PinLockConfig
 .text.GPIO_ReadInputDataBit
                0x0800374c        0xc obj\release\spl\src\stm32f4xx_gpio.o
                0x0800374c                GPIO_ReadInputDataBit
 .text.GPIO_ReadInputData
                0x08003758        0x8 obj\release\spl\src\stm32f4xx_gpio.o
                0x08003758                GPIO_ReadInputData
 .text.GPIO_ReadOutputDataBit
                0x08003760        0xc obj\release\spl\src\stm32f4xx_gpio.o
                0x08003760                GPIO_ReadOutputDataBit
 .text.GPIO_ReadOutputData
                0x0800376c        0x8 obj\release\spl\src\stm32f4xx_gpio.o
                0x0800376c                GPIO_ReadOutputData
 .text.GPIO_SetBits
                0x08003774        0x4 obj\release\spl\src\stm32f4xx_gpio.o
                0x08003774                GPIO_SetBits
 .text.GPIO_ResetBits
                0x08003778        0x4 obj\release\spl\src\stm32f4xx_gpio.o
                0x08003778                GPIO_ResetBits
 .text.GPIO_WriteBit
                0x0800377c        0xc obj\release\spl\src\stm32f4xx_gpio.o
                0x0800377c                GPIO_WriteBit
 .text.GPIO_Write
                0x08003788        0x4 obj\release\spl\src\stm32f4xx_gpio.o
                0x08003788                GPIO_Write
 .text.GPIO_ToggleBits
                0x0800378c        0x8 obj\release\spl\src\stm32f4xx_gpio.o
                0x0800378c                GPIO_ToggleBits
 .text.GPIO_PinAFConfig
                0x08003794       0x2c obj\release\spl\src\stm32f4xx_gpio.o
                0x08003794                GPIO_PinAFConfig
 .text          0x080037c0        0x0 obj\release\spl\src\stm32f4xx_hash.o
 .text.HASH_DeInit
                0x080037c0       0x18 obj\release\spl\src\stm32f4xx_hash.o
                0x080037c0                HASH_DeInit
 .text.HASH_Init
                0x080037d8       0x44 obj\release\spl\src\stm32f4xx_hash.o
                0x080037d8                HASH_Init
 .text.HASH_StructInit
                0x0800381c        0xc obj\release\spl\src\stm32f4xx_hash.o
                0x0800381c                HASH_StructInit
 .text.HASH_Reset
                0x08003828       0x10 obj\release\spl\src\stm32f4xx_hash.o
                0x08003828                HASH_Reset
 .text.HASH_SetLastWordValidBitsNbr
                0x08003838       0x18 obj\release\spl\src\stm32f4xx_hash.o
                0x08003838                HASH_SetLastWordValidBitsNbr
 .text.HASH_DataIn
                0x08003850        0xc obj\release\spl\src\stm32f4xx_hash.o
                0x08003850                HASH_DataIn
 .text.HASH_GetInFIFOWordsNbr
                0x0800385c       0x10 obj\release\spl\src\stm32f4xx_hash.o
                0x0800385c                HASH_GetInFIFOWordsNbr
 .text.HASH_GetDigest
                0x0800386c       0x1c obj\release\spl\src\stm32f4xx_hash.o
                0x0800386c                HASH_GetDigest
 .text.HASH_StartDigest
                0x08003888       0x10 obj\release\spl\src\stm32f4xx_hash.o
                0x08003888                HASH_StartDigest
 .text.HASH_SaveContext
                0x08003898       0x2c obj\release\spl\src\stm32f4xx_hash.o
                0x08003898                HASH_SaveContext
 .text.HASH_RestoreContext
                0x080038c4       0x3c obj\release\spl\src\stm32f4xx_hash.o
                0x080038c4                HASH_RestoreContext
 .text.HASH_DMACmd
                0x08003900       0x1c obj\release\spl\src\stm32f4xx_hash.o
                0x08003900                HASH_DMACmd
 .text.HASH_ITConfig
                0x0800391c       0x1c obj\release\spl\src\stm32f4xx_hash.o
                0x0800391c                HASH_ITConfig
 .text.HASH_GetFlagStatus
                0x08003938       0x18 obj\release\spl\src\stm32f4xx_hash.o
                0x08003938                HASH_GetFlagStatus
 .text.HASH_ClearFlag
                0x08003950        0xc obj\release\spl\src\stm32f4xx_hash.o
                0x08003950                HASH_ClearFlag
 .text.HASH_GetITStatus
                0x0800395c       0x18 obj\release\spl\src\stm32f4xx_hash.o
                0x0800395c                HASH_GetITStatus
 .text.HASH_ClearITPendingBit
                0x08003974       0x10 obj\release\spl\src\stm32f4xx_hash.o
                0x08003974                HASH_ClearITPendingBit
 .text          0x08003984        0x0 obj\release\spl\src\stm32f4xx_hash_md5.o
 .text.HASH_MD5
                0x08003984       0x8c obj\release\spl\src\stm32f4xx_hash_md5.o
                0x08003984                HASH_MD5
 .text.HMAC_MD5
                0x08003a10      0x148 obj\release\spl\src\stm32f4xx_hash_md5.o
                0x08003a10                HMAC_MD5
 .text          0x08003b58        0x0 obj\release\spl\src\stm32f4xx_hash_sha1.o
 .text.HASH_SHA1
                0x08003b58       0x94 obj\release\spl\src\stm32f4xx_hash_sha1.o
                0x08003b58                HASH_SHA1
 .text.HMAC_SHA1
                0x08003bec      0x14c obj\release\spl\src\stm32f4xx_hash_sha1.o
                0x08003bec                HMAC_SHA1
 .text          0x08003d38        0x0 obj\release\spl\src\stm32f4xx_i2c.o
 .text.I2C_DeInit
                0x08003d38       0x6c obj\release\spl\src\stm32f4xx_i2c.o
                0x08003d38                I2C_DeInit
 .text.I2C_Init
                0x08003da4       0xe4 obj\release\spl\src\stm32f4xx_i2c.o
                0x08003da4                I2C_Init
 .text.I2C_StructInit
                0x08003e88       0x24 obj\release\spl\src\stm32f4xx_i2c.o
                0x08003e88                I2C_StructInit
 .text.I2C_Cmd  0x08003eac       0x1c obj\release\spl\src\stm32f4xx_i2c.o
                0x08003eac                I2C_Cmd
 .text.I2C_GenerateSTART
                0x08003ec8       0x1c obj\release\spl\src\stm32f4xx_i2c.o
                0x08003ec8                I2C_GenerateSTART
 .text.I2C_GenerateSTOP
                0x08003ee4       0x1c obj\release\spl\src\stm32f4xx_i2c.o
                0x08003ee4                I2C_GenerateSTOP
 .text.I2C_Send7bitAddress
                0x08003f00       0x18 obj\release\spl\src\stm32f4xx_i2c.o
                0x08003f00                I2C_Send7bitAddress
 .text.I2C_AcknowledgeConfig
                0x08003f18       0x1c obj\release\spl\src\stm32f4xx_i2c.o
                0x08003f18                I2C_AcknowledgeConfig
 .text.I2C_OwnAddress2Config
                0x08003f34       0x14 obj\release\spl\src\stm32f4xx_i2c.o
                0x08003f34                I2C_OwnAddress2Config
 .text.I2C_DualAddressCmd
                0x08003f48       0x1c obj\release\spl\src\stm32f4xx_i2c.o
                0x08003f48                I2C_DualAddressCmd
 .text.I2C_GeneralCallCmd
                0x08003f64       0x1c obj\release\spl\src\stm32f4xx_i2c.o
                0x08003f64                I2C_GeneralCallCmd
 .text.I2C_SoftwareResetCmd
                0x08003f80       0x1c obj\release\spl\src\stm32f4xx_i2c.o
                0x08003f80                I2C_SoftwareResetCmd
 .text.I2C_StretchClockCmd
                0x08003f9c       0x1c obj\release\spl\src\stm32f4xx_i2c.o
                0x08003f9c                I2C_StretchClockCmd
 .text.I2C_FastModeDutyCycleConfig
                0x08003fb8       0x20 obj\release\spl\src\stm32f4xx_i2c.o
                0x08003fb8                I2C_FastModeDutyCycleConfig
 .text.I2C_NACKPositionConfig
                0x08003fd8       0x20 obj\release\spl\src\stm32f4xx_i2c.o
                0x08003fd8                I2C_NACKPositionConfig
 .text.I2C_SMBusAlertConfig
                0x08003ff8       0x20 obj\release\spl\src\stm32f4xx_i2c.o
                0x08003ff8                I2C_SMBusAlertConfig
 .text.I2C_ARPCmd
                0x08004018       0x1c obj\release\spl\src\stm32f4xx_i2c.o
                0x08004018                I2C_ARPCmd
 .text.I2C_SendData
                0x08004034        0x4 obj\release\spl\src\stm32f4xx_i2c.o
                0x08004034                I2C_SendData
 .text.I2C_ReceiveData
                0x08004038        0x8 obj\release\spl\src\stm32f4xx_i2c.o
                0x08004038                I2C_ReceiveData
 .text.I2C_TransmitPEC
                0x08004040       0x1c obj\release\spl\src\stm32f4xx_i2c.o
                0x08004040                I2C_TransmitPEC
 .text.I2C_PECPositionConfig
                0x0800405c       0x20 obj\release\spl\src\stm32f4xx_i2c.o
                0x0800405c                I2C_PECPositionConfig
 .text.I2C_CalculatePEC
                0x0800407c       0x1c obj\release\spl\src\stm32f4xx_i2c.o
                0x0800407c                I2C_CalculatePEC
 .text.I2C_GetPEC
                0x08004098        0x8 obj\release\spl\src\stm32f4xx_i2c.o
                0x08004098                I2C_GetPEC
 .text.I2C_DMACmd
                0x080040a0       0x1c obj\release\spl\src\stm32f4xx_i2c.o
                0x080040a0                I2C_DMACmd
 .text.I2C_DMALastTransferCmd
                0x080040bc       0x1c obj\release\spl\src\stm32f4xx_i2c.o
                0x080040bc                I2C_DMALastTransferCmd
 .text.I2C_ReadRegister
                0x080040d8       0x18 obj\release\spl\src\stm32f4xx_i2c.o
                0x080040d8                I2C_ReadRegister
 .text.I2C_ITConfig
                0x080040f0       0x14 obj\release\spl\src\stm32f4xx_i2c.o
                0x080040f0                I2C_ITConfig
 .text.I2C_CheckEvent
                0x08004104       0x1c obj\release\spl\src\stm32f4xx_i2c.o
                0x08004104                I2C_CheckEvent
 .text.I2C_GetLastEvent
                0x08004120       0x10 obj\release\spl\src\stm32f4xx_i2c.o
                0x08004120                I2C_GetLastEvent
 .text.I2C_GetFlagStatus
                0x08004130       0x38 obj\release\spl\src\stm32f4xx_i2c.o
                0x08004130                I2C_GetFlagStatus
 .text.I2C_ClearFlag
                0x08004168        0x8 obj\release\spl\src\stm32f4xx_i2c.o
                0x08004168                I2C_ClearFlag
 .text.I2C_GetITStatus
                0x08004170       0x1c obj\release\spl\src\stm32f4xx_i2c.o
                0x08004170                I2C_GetITStatus
 .text.I2C_ClearITPendingBit
                0x0800418c        0x8 obj\release\spl\src\stm32f4xx_i2c.o
                0x0800418c                I2C_ClearITPendingBit
 .text          0x08004194        0x0 obj\release\spl\src\stm32f4xx_iwdg.o
 .text.IWDG_WriteAccessCmd
                0x08004194        0xc obj\release\spl\src\stm32f4xx_iwdg.o
                0x08004194                IWDG_WriteAccessCmd
 .text.IWDG_SetPrescaler
                0x080041a0        0xc obj\release\spl\src\stm32f4xx_iwdg.o
                0x080041a0                IWDG_SetPrescaler
 .text.IWDG_SetReload
                0x080041ac        0xc obj\release\spl\src\stm32f4xx_iwdg.o
                0x080041ac                IWDG_SetReload
 .text.IWDG_ReloadCounter
                0x080041b8       0x10 obj\release\spl\src\stm32f4xx_iwdg.o
                0x080041b8                IWDG_ReloadCounter
 .text.IWDG_Enable
                0x080041c8       0x10 obj\release\spl\src\stm32f4xx_iwdg.o
                0x080041c8                IWDG_Enable
 .text.IWDG_GetFlagStatus
                0x080041d8       0x14 obj\release\spl\src\stm32f4xx_iwdg.o
                0x080041d8                IWDG_GetFlagStatus
 .text          0x080041ec        0x0 obj\release\spl\src\stm32f4xx_pwr.o
 .text.PWR_DeInit
                0x080041ec       0x1c obj\release\spl\src\stm32f4xx_pwr.o
                0x080041ec                PWR_DeInit
 .text.PWR_BackupAccessCmd
                0x08004208        0xc obj\release\spl\src\stm32f4xx_pwr.o
                0x08004208                PWR_BackupAccessCmd
 .text.PWR_PVDLevelConfig
                0x08004214       0x14 obj\release\spl\src\stm32f4xx_pwr.o
                0x08004214                PWR_PVDLevelConfig
 .text.PWR_PVDCmd
                0x08004228        0xc obj\release\spl\src\stm32f4xx_pwr.o
                0x08004228                PWR_PVDCmd
 .text.PWR_WakeUpPinCmd
                0x08004234        0xc obj\release\spl\src\stm32f4xx_pwr.o
                0x08004234                PWR_WakeUpPinCmd
 .text.PWR_BackupRegulatorCmd
                0x08004240        0xc obj\release\spl\src\stm32f4xx_pwr.o
                0x08004240                PWR_BackupRegulatorCmd
 .text.PWR_MainRegulatorModeConfig
                0x0800424c       0x1c obj\release\spl\src\stm32f4xx_pwr.o
                0x0800424c                PWR_MainRegulatorModeConfig
 .text.PWR_FlashPowerDownCmd
                0x08004268        0xc obj\release\spl\src\stm32f4xx_pwr.o
                0x08004268                PWR_FlashPowerDownCmd
 .text.PWR_EnterSTOPMode
                0x08004274       0x3c obj\release\spl\src\stm32f4xx_pwr.o
                0x08004274                PWR_EnterSTOPMode
 .text.PWR_EnterSTANDBYMode
                0x080042b0       0x28 obj\release\spl\src\stm32f4xx_pwr.o
                0x080042b0                PWR_EnterSTANDBYMode
 .text.PWR_GetFlagStatus
                0x080042d8       0x14 obj\release\spl\src\stm32f4xx_pwr.o
                0x080042d8                PWR_GetFlagStatus
 .text.PWR_ClearFlag
                0x080042ec       0x10 obj\release\spl\src\stm32f4xx_pwr.o
                0x080042ec                PWR_ClearFlag
 .text          0x080042fc        0x0 obj\release\spl\src\stm32f4xx_rcc.o
 .text.RCC_DeInit
                0x080042fc       0x34 obj\release\spl\src\stm32f4xx_rcc.o
                0x080042fc                RCC_DeInit
 .text.RCC_HSEConfig
                0x08004330       0x10 obj\release\spl\src\stm32f4xx_rcc.o
                0x08004330                RCC_HSEConfig
 .text.RCC_WaitForHSEStartUp
                0x08004340       0x34 obj\release\spl\src\stm32f4xx_rcc.o
                0x08004340                RCC_WaitForHSEStartUp
 .text.RCC_AdjustHSICalibrationValue
                0x08004374       0x14 obj\release\spl\src\stm32f4xx_rcc.o
                0x08004374                RCC_AdjustHSICalibrationValue
 .text.RCC_HSICmd
                0x08004388        0xc obj\release\spl\src\stm32f4xx_rcc.o
                0x08004388                RCC_HSICmd
 .text.RCC_LSEConfig
                0x08004394       0x20 obj\release\spl\src\stm32f4xx_rcc.o
                0x08004394                RCC_LSEConfig
 .text.RCC_LSICmd
                0x080043b4        0xc obj\release\spl\src\stm32f4xx_rcc.o
                0x080043b4                RCC_LSICmd
 .text.RCC_PLLConfig
                0x080043c0       0x24 obj\release\spl\src\stm32f4xx_rcc.o
                0x080043c0                RCC_PLLConfig
 .text.RCC_PLLCmd
                0x080043e4        0xc obj\release\spl\src\stm32f4xx_rcc.o
                0x080043e4                RCC_PLLCmd
 .text.RCC_PLLI2SConfig
                0x080043f0       0x14 obj\release\spl\src\stm32f4xx_rcc.o
                0x080043f0                RCC_PLLI2SConfig
 .text.RCC_PLLI2SCmd
                0x08004404        0xc obj\release\spl\src\stm32f4xx_rcc.o
                0x08004404                RCC_PLLI2SCmd
 .text.RCC_ClockSecuritySystemCmd
                0x08004410        0xc obj\release\spl\src\stm32f4xx_rcc.o
                0x08004410                RCC_ClockSecuritySystemCmd
 .text.RCC_MCO1Config
                0x0800441c       0x14 obj\release\spl\src\stm32f4xx_rcc.o
                0x0800441c                RCC_MCO1Config
 .text.RCC_MCO2Config
                0x08004430       0x14 obj\release\spl\src\stm32f4xx_rcc.o
                0x08004430                RCC_MCO2Config
 .text.RCC_SYSCLKConfig
                0x08004444       0x14 obj\release\spl\src\stm32f4xx_rcc.o
                0x08004444                RCC_SYSCLKConfig
 .text.RCC_GetSYSCLKSource
                0x08004458       0x10 obj\release\spl\src\stm32f4xx_rcc.o
                0x08004458                RCC_GetSYSCLKSource
 .text.RCC_HCLKConfig
                0x08004468       0x14 obj\release\spl\src\stm32f4xx_rcc.o
                0x08004468                RCC_HCLKConfig
 .text.RCC_PCLK1Config
                0x0800447c       0x14 obj\release\spl\src\stm32f4xx_rcc.o
                0x0800447c                RCC_PCLK1Config
 .text.RCC_PCLK2Config
                0x08004490       0x14 obj\release\spl\src\stm32f4xx_rcc.o
                0x08004490                RCC_PCLK2Config
 .text.RCC_GetClocksFreq
                0x080044a4       0x98 obj\release\spl\src\stm32f4xx_rcc.o
                0x080044a4                RCC_GetClocksFreq
 .text.RCC_RTCCLKConfig
                0x0800453c       0x30 obj\release\spl\src\stm32f4xx_rcc.o
                0x0800453c                RCC_RTCCLKConfig
 .text.RCC_RTCCLKCmd
                0x0800456c        0xc obj\release\spl\src\stm32f4xx_rcc.o
                0x0800456c                RCC_RTCCLKCmd
 .text.RCC_BackupResetCmd
                0x08004578        0xc obj\release\spl\src\stm32f4xx_rcc.o
                0x08004578                RCC_BackupResetCmd
 .text.RCC_I2SCLKConfig
                0x08004584        0xc obj\release\spl\src\stm32f4xx_rcc.o
                0x08004584                RCC_I2SCLKConfig
 .text.RCC_AHB1PeriphClockCmd
                0x08004590       0x1c obj\release\spl\src\stm32f4xx_rcc.o
                0x08004590                RCC_AHB1PeriphClockCmd
 .text.RCC_AHB2PeriphClockCmd
                0x080045ac       0x1c obj\release\spl\src\stm32f4xx_rcc.o
                0x080045ac                RCC_AHB2PeriphClockCmd
 .text.RCC_AHB3PeriphClockCmd
                0x080045c8       0x1c obj\release\spl\src\stm32f4xx_rcc.o
                0x080045c8                RCC_AHB3PeriphClockCmd
 .text.RCC_APB1PeriphClockCmd
                0x080045e4       0x1c obj\release\spl\src\stm32f4xx_rcc.o
                0x080045e4                RCC_APB1PeriphClockCmd
 .text.RCC_APB2PeriphClockCmd
                0x08004600       0x1c obj\release\spl\src\stm32f4xx_rcc.o
                0x08004600                RCC_APB2PeriphClockCmd
 .text.RCC_AHB1PeriphResetCmd
                0x0800461c       0x1c obj\release\spl\src\stm32f4xx_rcc.o
                0x0800461c                RCC_AHB1PeriphResetCmd
 .text.RCC_AHB2PeriphResetCmd
                0x08004638       0x1c obj\release\spl\src\stm32f4xx_rcc.o
                0x08004638                RCC_AHB2PeriphResetCmd
 .text.RCC_AHB3PeriphResetCmd
                0x08004654       0x1c obj\release\spl\src\stm32f4xx_rcc.o
                0x08004654                RCC_AHB3PeriphResetCmd
 .text.RCC_APB1PeriphResetCmd
                0x08004670       0x1c obj\release\spl\src\stm32f4xx_rcc.o
                0x08004670                RCC_APB1PeriphResetCmd
 .text.RCC_APB2PeriphResetCmd
                0x0800468c       0x1c obj\release\spl\src\stm32f4xx_rcc.o
                0x0800468c                RCC_APB2PeriphResetCmd
 .text.RCC_AHB1PeriphClockLPModeCmd
                0x080046a8       0x1c obj\release\spl\src\stm32f4xx_rcc.o
                0x080046a8                RCC_AHB1PeriphClockLPModeCmd
 .text.RCC_AHB2PeriphClockLPModeCmd
                0x080046c4       0x1c obj\release\spl\src\stm32f4xx_rcc.o
                0x080046c4                RCC_AHB2PeriphClockLPModeCmd
 .text.RCC_AHB3PeriphClockLPModeCmd
                0x080046e0       0x1c obj\release\spl\src\stm32f4xx_rcc.o
                0x080046e0                RCC_AHB3PeriphClockLPModeCmd
 .text.RCC_APB1PeriphClockLPModeCmd
                0x080046fc       0x1c obj\release\spl\src\stm32f4xx_rcc.o
                0x080046fc                RCC_APB1PeriphClockLPModeCmd
 .text.RCC_APB2PeriphClockLPModeCmd
                0x08004718       0x1c obj\release\spl\src\stm32f4xx_rcc.o
                0x08004718                RCC_APB2PeriphClockLPModeCmd
 .text.RCC_ITConfig
                0x08004734       0x1c obj\release\spl\src\stm32f4xx_rcc.o
                0x08004734                RCC_ITConfig
 .text.RCC_GetFlagStatus
                0x08004750       0x34 obj\release\spl\src\stm32f4xx_rcc.o
                0x08004750                RCC_GetFlagStatus
 .text.RCC_ClearFlag
                0x08004784       0x10 obj\release\spl\src\stm32f4xx_rcc.o
                0x08004784                RCC_ClearFlag
 .text.RCC_GetITStatus
                0x08004794       0x14 obj\release\spl\src\stm32f4xx_rcc.o
                0x08004794                RCC_GetITStatus
 .text.RCC_ClearITPendingBit
                0x080047a8        0xc obj\release\spl\src\stm32f4xx_rcc.o
                0x080047a8                RCC_ClearITPendingBit
 .text          0x080047b4        0x0 obj\release\spl\src\stm32f4xx_rng.o
 .text.RNG_DeInit
                0x080047b4       0x18 obj\release\spl\src\stm32f4xx_rng.o
                0x080047b4                RNG_DeInit
 .text.RNG_Cmd  0x080047cc       0x1c obj\release\spl\src\stm32f4xx_rng.o
                0x080047cc                RNG_Cmd
 .text.RNG_GetRandomNumber
                0x080047e8        0xc obj\release\spl\src\stm32f4xx_rng.o
                0x080047e8                RNG_GetRandomNumber
 .text.RNG_ITConfig
                0x080047f4       0x1c obj\release\spl\src\stm32f4xx_rng.o
                0x080047f4                RNG_ITConfig
 .text.RNG_GetFlagStatus
                0x08004810       0x14 obj\release\spl\src\stm32f4xx_rng.o
                0x08004810                RNG_GetFlagStatus
 .text.RNG_ClearFlag
                0x08004824       0x10 obj\release\spl\src\stm32f4xx_rng.o
                0x08004824                RNG_ClearFlag
 .text.RNG_GetITStatus
                0x08004834       0x14 obj\release\spl\src\stm32f4xx_rng.o
                0x08004834                RNG_GetITStatus
 .text.RNG_ClearITPendingBit
                0x08004848       0x10 obj\release\spl\src\stm32f4xx_rng.o
                0x08004848                RNG_ClearITPendingBit
 .text          0x08004858        0x0 obj\release\spl\src\stm32f4xx_rtc.o
 .text.RTC_DeInit
                0x08004858       0xe8 obj\release\spl\src\stm32f4xx_rtc.o
                0x08004858                RTC_DeInit
 .text.RTC_Init
                0x08004940       0x80 obj\release\spl\src\stm32f4xx_rtc.o
                0x08004940                RTC_Init
 .text.RTC_StructInit
                0x080049c0        0xc obj\release\spl\src\stm32f4xx_rtc.o
                0x080049c0                RTC_StructInit
 .text.RTC_WriteProtectionCmd
                0x080049cc       0x18 obj\release\spl\src\stm32f4xx_rtc.o
                0x080049cc                RTC_WriteProtectionCmd
 .text.RTC_EnterInitMode
                0x080049e4       0x44 obj\release\spl\src\stm32f4xx_rtc.o
                0x080049e4                RTC_EnterInitMode
 .text.RTC_ExitInitMode
                0x08004a28       0x10 obj\release\spl\src\stm32f4xx_rtc.o
                0x08004a28                RTC_ExitInitMode
 .text.RTC_WaitForSynchro
                0x08004a38       0x44 obj\release\spl\src\stm32f4xx_rtc.o
                0x08004a38                RTC_WaitForSynchro
 .text.RTC_RefClockCmd
                0x08004a7c       0x7c obj\release\spl\src\stm32f4xx_rtc.o
                0x08004a7c                RTC_RefClockCmd
 .text.RTC_BypassShadowCmd
                0x08004af8       0x30 obj\release\spl\src\stm32f4xx_rtc.o
                0x08004af8                RTC_BypassShadowCmd
 .text.RTC_SetTime
                0x08004b28      0x150 obj\release\spl\src\stm32f4xx_rtc.o
                0x08004b28                RTC_SetTime
 .text.RTC_TimeStructInit
                0x08004c78        0xc obj\release\spl\src\stm32f4xx_rtc.o
                0x08004c78                RTC_TimeStructInit
 .text.RTC_GetTime
                0x08004c84       0x60 obj\release\spl\src\stm32f4xx_rtc.o
                0x08004c84                RTC_GetTime
 .text.RTC_GetSubSecond
                0x08004ce4        0xc obj\release\spl\src\stm32f4xx_rtc.o
                0x08004ce4                RTC_GetSubSecond
 .text.RTC_SetDate
                0x08004cf0      0x13c obj\release\spl\src\stm32f4xx_rtc.o
                0x08004cf0                RTC_SetDate
 .text.RTC_DateStructInit
                0x08004e2c       0x10 obj\release\spl\src\stm32f4xx_rtc.o
                0x08004e2c                RTC_DateStructInit
 .text.RTC_GetDate
                0x08004e3c       0x60 obj\release\spl\src\stm32f4xx_rtc.o
                0x08004e3c                RTC_GetDate
 .text.RTC_SetAlarm
                0x08004e9c      0x108 obj\release\spl\src\stm32f4xx_rtc.o
                0x08004e9c                RTC_SetAlarm
 .text.RTC_AlarmStructInit
                0x08004fa4       0x10 obj\release\spl\src\stm32f4xx_rtc.o
                0x08004fa4                RTC_AlarmStructInit
 .text.RTC_GetAlarm
                0x08004fb4       0x9c obj\release\spl\src\stm32f4xx_rtc.o
                0x08004fb4                RTC_GetAlarm
 .text.RTC_AlarmCmd
                0x08005050       0x5c obj\release\spl\src\stm32f4xx_rtc.o
                0x08005050                RTC_AlarmCmd
 .text.RTC_AlarmSubSecondConfig
                0x080050ac       0x28 obj\release\spl\src\stm32f4xx_rtc.o
                0x080050ac                RTC_AlarmSubSecondConfig
 .text.RTC_GetAlarmSubSecond
                0x080050d4       0x18 obj\release\spl\src\stm32f4xx_rtc.o
                0x080050d4                RTC_GetAlarmSubSecond
 .text.RTC_WakeUpClockConfig
                0x080050ec       0x24 obj\release\spl\src\stm32f4xx_rtc.o
                0x080050ec                RTC_WakeUpClockConfig
 .text.RTC_SetWakeUpCounter
                0x08005110       0x1c obj\release\spl\src\stm32f4xx_rtc.o
                0x08005110                RTC_SetWakeUpCounter
 .text.RTC_GetWakeUpCounter
                0x0800512c        0xc obj\release\spl\src\stm32f4xx_rtc.o
                0x0800512c                RTC_GetWakeUpCounter
 .text.RTC_WakeUpCmd
                0x08005138       0x58 obj\release\spl\src\stm32f4xx_rtc.o
                0x08005138                RTC_WakeUpCmd
 .text.RTC_DayLightSavingConfig
                0x08005190       0x2c obj\release\spl\src\stm32f4xx_rtc.o
                0x08005190                RTC_DayLightSavingConfig
 .text.RTC_GetStoreOperation
                0x080051bc       0x10 obj\release\spl\src\stm32f4xx_rtc.o
                0x080051bc                RTC_GetStoreOperation
 .text.RTC_OutputConfig
                0x080051cc       0x2c obj\release\spl\src\stm32f4xx_rtc.o
                0x080051cc                RTC_OutputConfig
 .text.RTC_CoarseCalibConfig
                0x080051f8       0x64 obj\release\spl\src\stm32f4xx_rtc.o
                0x080051f8                RTC_CoarseCalibConfig
 .text.RTC_CoarseCalibCmd
                0x0800525c       0x7c obj\release\spl\src\stm32f4xx_rtc.o
                0x0800525c                RTC_CoarseCalibCmd
 .text.RTC_CalibOutputCmd
                0x080052d8       0x30 obj\release\spl\src\stm32f4xx_rtc.o
                0x080052d8                RTC_CalibOutputCmd
 .text.RTC_CalibOutputConfig
                0x08005308       0x24 obj\release\spl\src\stm32f4xx_rtc.o
                0x08005308                RTC_CalibOutputConfig
 .text.RTC_SmoothCalibConfig
                0x0800532c       0x4c obj\release\spl\src\stm32f4xx_rtc.o
                0x0800532c                RTC_SmoothCalibConfig
 .text.RTC_TimeStampCmd
                0x08005378       0x34 obj\release\spl\src\stm32f4xx_rtc.o
                0x08005378                RTC_TimeStampCmd
 .text.RTC_GetTimeStamp
                0x080053ac       0xbc obj\release\spl\src\stm32f4xx_rtc.o
                0x080053ac                RTC_GetTimeStamp
 .text.RTC_GetTimeStampSubSecond
                0x08005468        0xc obj\release\spl\src\stm32f4xx_rtc.o
                0x08005468                RTC_GetTimeStampSubSecond
 .text.RTC_TamperTriggerConfig
                0x08005474       0x1c obj\release\spl\src\stm32f4xx_rtc.o
                0x08005474                RTC_TamperTriggerConfig
 .text.RTC_TamperCmd
                0x08005490       0x1c obj\release\spl\src\stm32f4xx_rtc.o
                0x08005490                RTC_TamperCmd
 .text.RTC_TamperFilterConfig
                0x080054ac       0x18 obj\release\spl\src\stm32f4xx_rtc.o
                0x080054ac                RTC_TamperFilterConfig
 .text.RTC_TamperSamplingFreqConfig
                0x080054c4       0x18 obj\release\spl\src\stm32f4xx_rtc.o
                0x080054c4                RTC_TamperSamplingFreqConfig
 .text.RTC_TamperPinsPrechargeDuration
                0x080054dc       0x18 obj\release\spl\src\stm32f4xx_rtc.o
                0x080054dc                RTC_TamperPinsPrechargeDuration
 .text.RTC_TimeStampOnTamperDetectionCmd
                0x080054f4       0x1c obj\release\spl\src\stm32f4xx_rtc.o
                0x080054f4                RTC_TimeStampOnTamperDetectionCmd
 .text.RTC_TamperPullUpCmd
                0x08005510       0x1c obj\release\spl\src\stm32f4xx_rtc.o
                0x08005510                RTC_TamperPullUpCmd
 .text.RTC_WriteBackupRegister
                0x0800552c       0x20 obj\release\spl\src\stm32f4xx_rtc.o
                0x0800552c                RTC_WriteBackupRegister
 .text.RTC_ReadBackupRegister
                0x0800554c       0x20 obj\release\spl\src\stm32f4xx_rtc.o
                0x0800554c                RTC_ReadBackupRegister
 .text.RTC_TamperPinSelection
                0x0800556c       0x18 obj\release\spl\src\stm32f4xx_rtc.o
                0x0800556c                RTC_TamperPinSelection
 .text.RTC_TimeStampPinSelection
                0x08005584       0x18 obj\release\spl\src\stm32f4xx_rtc.o
                0x08005584                RTC_TimeStampPinSelection
 .text.RTC_OutputTypeConfig
                0x0800559c       0x18 obj\release\spl\src\stm32f4xx_rtc.o
                0x0800559c                RTC_OutputTypeConfig
 .text.RTC_SynchroShiftConfig
                0x080055b4       0x98 obj\release\spl\src\stm32f4xx_rtc.o
                0x080055b4                RTC_SynchroShiftConfig
 .text.RTC_ITConfig
                0x0800564c       0x4c obj\release\spl\src\stm32f4xx_rtc.o
                0x0800564c                RTC_ITConfig
 .text.RTC_GetFlagStatus
                0x08005698       0x18 obj\release\spl\src\stm32f4xx_rtc.o
                0x08005698                RTC_GetFlagStatus
 .text.RTC_ClearFlag
                0x080056b0       0x1c obj\release\spl\src\stm32f4xx_rtc.o
                0x080056b0                RTC_ClearFlag
 .text.RTC_GetITStatus
                0x080056cc       0x2c obj\release\spl\src\stm32f4xx_rtc.o
                0x080056cc                RTC_GetITStatus
 .text.RTC_ClearITPendingBit
                0x080056f8       0x1c obj\release\spl\src\stm32f4xx_rtc.o
                0x080056f8                RTC_ClearITPendingBit
 .text          0x08005714        0x0 obj\release\spl\src\stm32f4xx_sdio.o
 .text.SDIO_DeInit
                0x08005714       0x1c obj\release\spl\src\stm32f4xx_sdio.o
                0x08005714                SDIO_DeInit
 .text.SDIO_Init
                0x08005730       0x38 obj\release\spl\src\stm32f4xx_sdio.o
                0x08005730                SDIO_Init
 .text.SDIO_StructInit
                0x08005768       0x10 obj\release\spl\src\stm32f4xx_sdio.o
                0x08005768                SDIO_StructInit
 .text.SDIO_ClockCmd
                0x08005778        0xc obj\release\spl\src\stm32f4xx_sdio.o
                0x08005778                SDIO_ClockCmd
 .text.SDIO_SetPowerState
                0x08005784        0xc obj\release\spl\src\stm32f4xx_sdio.o
                0x08005784                SDIO_SetPowerState
 .text.SDIO_GetPowerState
                0x08005790       0x10 obj\release\spl\src\stm32f4xx_sdio.o
                0x08005790                SDIO_GetPowerState
 .text.SDIO_SendCommand
                0x080057a0       0x30 obj\release\spl\src\stm32f4xx_sdio.o
                0x080057a0                SDIO_SendCommand
 .text.SDIO_CmdStructInit
                0x080057d0       0x10 obj\release\spl\src\stm32f4xx_sdio.o
                0x080057d0                SDIO_CmdStructInit
 .text.SDIO_GetCommandResponse
                0x080057e0        0xc obj\release\spl\src\stm32f4xx_sdio.o
                0x080057e0                SDIO_GetCommandResponse
 .text.SDIO_GetResponse
                0x080057ec       0x18 obj\release\spl\src\stm32f4xx_sdio.o
                0x080057ec                SDIO_GetResponse
 .text.SDIO_DataConfig
                0x08005804       0x2c obj\release\spl\src\stm32f4xx_sdio.o
                0x08005804                SDIO_DataConfig
 .text.SDIO_DataStructInit
                0x08005830       0x14 obj\release\spl\src\stm32f4xx_sdio.o
                0x08005830                SDIO_DataStructInit
 .text.SDIO_GetDataCounter
                0x08005844        0xc obj\release\spl\src\stm32f4xx_sdio.o
                0x08005844                SDIO_GetDataCounter
 .text.SDIO_ReadData
                0x08005850        0xc obj\release\spl\src\stm32f4xx_sdio.o
                0x08005850                SDIO_ReadData
 .text.SDIO_WriteData
                0x0800585c        0xc obj\release\spl\src\stm32f4xx_sdio.o
                0x0800585c                SDIO_WriteData
 .text.SDIO_GetFIFOCount
                0x08005868        0xc obj\release\spl\src\stm32f4xx_sdio.o
                0x08005868                SDIO_GetFIFOCount
 .text.SDIO_StartSDIOReadWait
                0x08005874        0xc obj\release\spl\src\stm32f4xx_sdio.o
                0x08005874                SDIO_StartSDIOReadWait
 .text.SDIO_StopSDIOReadWait
                0x08005880        0xc obj\release\spl\src\stm32f4xx_sdio.o
                0x08005880                SDIO_StopSDIOReadWait
 .text.SDIO_SetSDIOReadWaitMode
                0x0800588c        0xc obj\release\spl\src\stm32f4xx_sdio.o
                0x0800588c                SDIO_SetSDIOReadWaitMode
 .text.SDIO_SetSDIOOperation
                0x08005898        0xc obj\release\spl\src\stm32f4xx_sdio.o
                0x08005898                SDIO_SetSDIOOperation
 .text.SDIO_SendSDIOSuspendCmd
                0x080058a4        0xc obj\release\spl\src\stm32f4xx_sdio.o
                0x080058a4                SDIO_SendSDIOSuspendCmd
 .text.SDIO_CommandCompletionCmd
                0x080058b0        0xc obj\release\spl\src\stm32f4xx_sdio.o
                0x080058b0                SDIO_CommandCompletionCmd
 .text.SDIO_CEATAITCmd
                0x080058bc       0x14 obj\release\spl\src\stm32f4xx_sdio.o
                0x080058bc                SDIO_CEATAITCmd
 .text.SDIO_SendCEATACmd
                0x080058d0        0xc obj\release\spl\src\stm32f4xx_sdio.o
                0x080058d0                SDIO_SendCEATACmd
 .text.SDIO_DMACmd
                0x080058dc        0xc obj\release\spl\src\stm32f4xx_sdio.o
                0x080058dc                SDIO_DMACmd
 .text.SDIO_ITConfig
                0x080058e8       0x1c obj\release\spl\src\stm32f4xx_sdio.o
                0x080058e8                SDIO_ITConfig
 .text.SDIO_GetFlagStatus
                0x08005904       0x14 obj\release\spl\src\stm32f4xx_sdio.o
                0x08005904                SDIO_GetFlagStatus
 .text.SDIO_ClearFlag
                0x08005918        0xc obj\release\spl\src\stm32f4xx_sdio.o
                0x08005918                SDIO_ClearFlag
 .text.SDIO_GetITStatus
                0x08005924       0x14 obj\release\spl\src\stm32f4xx_sdio.o
                0x08005924                SDIO_GetITStatus
 .text.SDIO_ClearITPendingBit
                0x08005938        0xc obj\release\spl\src\stm32f4xx_sdio.o
                0x08005938                SDIO_ClearITPendingBit
 .text          0x08005944        0x0 obj\release\spl\src\stm32f4xx_spi.o
 .text.SPI_I2S_DeInit
                0x08005944       0x6c obj\release\spl\src\stm32f4xx_spi.o
                0x08005944                SPI_I2S_DeInit
 .text.SPI_Init
                0x080059b0       0x40 obj\release\spl\src\stm32f4xx_spi.o
                0x080059b0                SPI_Init
 .text.I2S_Init
                0x080059f0       0xe8 obj\release\spl\src\stm32f4xx_spi.o
                0x080059f0                I2S_Init
 .text.SPI_StructInit
                0x08005ad8       0x18 obj\release\spl\src\stm32f4xx_spi.o
                0x08005ad8                SPI_StructInit
 .text.I2S_StructInit
                0x08005af0       0x10 obj\release\spl\src\stm32f4xx_spi.o
                0x08005af0                I2S_StructInit
 .text.SPI_Cmd  0x08005b00       0x1c obj\release\spl\src\stm32f4xx_spi.o
                0x08005b00                SPI_Cmd
 .text.I2S_Cmd  0x08005b1c       0x1c obj\release\spl\src\stm32f4xx_spi.o
                0x08005b1c                I2S_Cmd
 .text.SPI_DataSizeConfig
                0x08005b38       0x18 obj\release\spl\src\stm32f4xx_spi.o
                0x08005b38                SPI_DataSizeConfig
 .text.SPI_BiDirectionalLineConfig
                0x08005b50       0x20 obj\release\spl\src\stm32f4xx_spi.o
                0x08005b50                SPI_BiDirectionalLineConfig
 .text.SPI_NSSInternalSoftwareConfig
                0x08005b70       0x20 obj\release\spl\src\stm32f4xx_spi.o
                0x08005b70                SPI_NSSInternalSoftwareConfig
 .text.SPI_SSOutputCmd
                0x08005b90       0x1c obj\release\spl\src\stm32f4xx_spi.o
                0x08005b90                SPI_SSOutputCmd
 .text.SPI_TIModeCmd
                0x08005bac       0x1c obj\release\spl\src\stm32f4xx_spi.o
                0x08005bac                SPI_TIModeCmd
 .text.I2S_FullDuplexConfig
                0x08005bc8       0x48 obj\release\spl\src\stm32f4xx_spi.o
                0x08005bc8                I2S_FullDuplexConfig
 .text.SPI_I2S_ReceiveData
                0x08005c10        0x8 obj\release\spl\src\stm32f4xx_spi.o
                0x08005c10                SPI_I2S_ReceiveData
 .text.SPI_I2S_SendData
                0x08005c18        0x4 obj\release\spl\src\stm32f4xx_spi.o
                0x08005c18                SPI_I2S_SendData
 .text.SPI_CalculateCRC
                0x08005c1c       0x1c obj\release\spl\src\stm32f4xx_spi.o
                0x08005c1c                SPI_CalculateCRC
 .text.SPI_TransmitCRC
                0x08005c38        0xc obj\release\spl\src\stm32f4xx_spi.o
                0x08005c38                SPI_TransmitCRC
 .text.SPI_GetCRC
                0x08005c44        0xc obj\release\spl\src\stm32f4xx_spi.o
                0x08005c44                SPI_GetCRC
 .text.SPI_GetCRCPolynomial
                0x08005c50        0x8 obj\release\spl\src\stm32f4xx_spi.o
                0x08005c50                SPI_GetCRCPolynomial
 .text.SPI_I2S_DMACmd
                0x08005c58       0x14 obj\release\spl\src\stm32f4xx_spi.o
                0x08005c58                SPI_I2S_DMACmd
 .text.SPI_I2S_ITConfig
                0x08005c6c       0x20 obj\release\spl\src\stm32f4xx_spi.o
                0x08005c6c                SPI_I2S_ITConfig
 .text.SPI_I2S_GetFlagStatus
                0x08005c8c        0xc obj\release\spl\src\stm32f4xx_spi.o
                0x08005c8c                SPI_I2S_GetFlagStatus
 .text.SPI_I2S_ClearFlag
                0x08005c98        0x8 obj\release\spl\src\stm32f4xx_spi.o
                0x08005c98                SPI_I2S_ClearFlag
 .text.SPI_I2S_GetITStatus
                0x08005ca0       0x2c obj\release\spl\src\stm32f4xx_spi.o
                0x08005ca0                SPI_I2S_GetITStatus
 .text.SPI_I2S_ClearITPendingBit
                0x08005ccc       0x14 obj\release\spl\src\stm32f4xx_spi.o
                0x08005ccc                SPI_I2S_ClearITPendingBit
 .text          0x08005ce0        0x0 obj\release\spl\src\stm32f4xx_syscfg.o
 .text.SYSCFG_DeInit
                0x08005ce0       0x1c obj\release\spl\src\stm32f4xx_syscfg.o
                0x08005ce0                SYSCFG_DeInit
 .text.SYSCFG_MemoryRemapConfig
                0x08005cfc        0xc obj\release\spl\src\stm32f4xx_syscfg.o
                0x08005cfc                SYSCFG_MemoryRemapConfig
 .text.SYSCFG_EXTILineConfig
                0x08005d08       0x30 obj\release\spl\src\stm32f4xx_syscfg.o
                0x08005d08                SYSCFG_EXTILineConfig
 .text.SYSCFG_ETH_MediaInterfaceConfig
                0x08005d38        0xc obj\release\spl\src\stm32f4xx_syscfg.o
                0x08005d38                SYSCFG_ETH_MediaInterfaceConfig
 .text.SYSCFG_CompensationCellCmd
                0x08005d44        0xc obj\release\spl\src\stm32f4xx_syscfg.o
                0x08005d44                SYSCFG_CompensationCellCmd
 .text.SYSCFG_GetCompensationCellStatus
                0x08005d50       0x10 obj\release\spl\src\stm32f4xx_syscfg.o
                0x08005d50                SYSCFG_GetCompensationCellStatus
 .text          0x08005d60        0x0 obj\release\spl\src\stm32f4xx_tim.o
 .text.TIM_DeInit
                0x08005d60      0x1b8 obj\release\spl\src\stm32f4xx_tim.o
                0x08005d60                TIM_DeInit
 .text.TIM_TimeBaseInit
                0x08005f18       0x9c obj\release\spl\src\stm32f4xx_tim.o
                0x08005f18                TIM_TimeBaseInit
 .text.TIM_TimeBaseStructInit
                0x08005fb4       0x14 obj\release\spl\src\stm32f4xx_tim.o
                0x08005fb4                TIM_TimeBaseStructInit
 .text.TIM_PrescalerConfig
                0x08005fc8        0x8 obj\release\spl\src\stm32f4xx_tim.o
                0x08005fc8                TIM_PrescalerConfig
 .text.TIM_CounterModeConfig
                0x08005fd0       0x10 obj\release\spl\src\stm32f4xx_tim.o
                0x08005fd0                TIM_CounterModeConfig
 .text.TIM_SetCounter
                0x08005fe0        0x4 obj\release\spl\src\stm32f4xx_tim.o
                0x08005fe0                TIM_SetCounter
 .text.TIM_SetAutoreload
                0x08005fe4        0x4 obj\release\spl\src\stm32f4xx_tim.o
                0x08005fe4                TIM_SetAutoreload
 .text.TIM_GetCounter
                0x08005fe8        0x4 obj\release\spl\src\stm32f4xx_tim.o
                0x08005fe8                TIM_GetCounter
 .text.TIM_GetPrescaler
                0x08005fec        0x8 obj\release\spl\src\stm32f4xx_tim.o
                0x08005fec                TIM_GetPrescaler
 .text.TIM_UpdateDisableConfig
                0x08005ff4       0x1c obj\release\spl\src\stm32f4xx_tim.o
                0x08005ff4                TIM_UpdateDisableConfig
 .text.TIM_UpdateRequestConfig
                0x08006010       0x1c obj\release\spl\src\stm32f4xx_tim.o
                0x08006010                TIM_UpdateRequestConfig
 .text.TIM_ARRPreloadConfig
                0x0800602c       0x1c obj\release\spl\src\stm32f4xx_tim.o
                0x0800602c                TIM_ARRPreloadConfig
 .text.TIM_SelectOnePulseMode
                0x08006048       0x18 obj\release\spl\src\stm32f4xx_tim.o
                0x08006048                TIM_SelectOnePulseMode
 .text.TIM_SetClockDivision
                0x08006060       0x18 obj\release\spl\src\stm32f4xx_tim.o
                0x08006060                TIM_SetClockDivision
 .text.TIM_Cmd  0x08006078       0x1c obj\release\spl\src\stm32f4xx_tim.o
                0x08006078                TIM_Cmd
 .text.TIM_OC1Init
                0x08006094       0x78 obj\release\spl\src\stm32f4xx_tim.o
                0x08006094                TIM_OC1Init
 .text.TIM_OC2Init
                0x0800610c       0x8c obj\release\spl\src\stm32f4xx_tim.o
                0x0800610c                TIM_OC2Init
 .text.TIM_OC3Init
                0x08006198       0x8c obj\release\spl\src\stm32f4xx_tim.o
                0x08006198                TIM_OC3Init
 .text.TIM_OC4Init
                0x08006224       0x6c obj\release\spl\src\stm32f4xx_tim.o
                0x08006224                TIM_OC4Init
 .text.TIM_OCStructInit
                0x08006290       0x14 obj\release\spl\src\stm32f4xx_tim.o
                0x08006290                TIM_OCStructInit
 .text.TIM_SelectOCxM
                0x080062a4       0x50 obj\release\spl\src\stm32f4xx_tim.o
                0x080062a4                TIM_SelectOCxM
 .text.TIM_SetCompare1
                0x080062f4        0x4 obj\release\spl\src\stm32f4xx_tim.o
                0x080062f4                TIM_SetCompare1
 .text.TIM_SetCompare2
                0x080062f8        0x4 obj\release\spl\src\stm32f4xx_tim.o
                0x080062f8                TIM_SetCompare2
 .text.TIM_SetCompare3
                0x080062fc        0x4 obj\release\spl\src\stm32f4xx_tim.o
                0x080062fc                TIM_SetCompare3
 .text.TIM_SetCompare4
                0x08006300        0x4 obj\release\spl\src\stm32f4xx_tim.o
                0x08006300                TIM_SetCompare4
 .text.TIM_ForcedOC1Config
                0x08006304       0x10 obj\release\spl\src\stm32f4xx_tim.o
                0x08006304                TIM_ForcedOC1Config
 .text.TIM_ForcedOC2Config
                0x08006314       0x14 obj\release\spl\src\stm32f4xx_tim.o
                0x08006314                TIM_ForcedOC2Config
 .text.TIM_ForcedOC3Config
                0x08006328       0x10 obj\release\spl\src\stm32f4xx_tim.o
                0x08006328                TIM_ForcedOC3Config
 .text.TIM_ForcedOC4Config
                0x08006338       0x14 obj\release\spl\src\stm32f4xx_tim.o
                0x08006338                TIM_ForcedOC4Config
 .text.TIM_OC1PreloadConfig
                0x0800634c       0x10 obj\release\spl\src\stm32f4xx_tim.o
                0x0800634c                TIM_OC1PreloadConfig
 .text.TIM_OC2PreloadConfig
                0x0800635c       0x14 obj\release\spl\src\stm32f4xx_tim.o
                0x0800635c                TIM_OC2PreloadConfig
 .text.TIM_OC3PreloadConfig
                0x08006370       0x10 obj\release\spl\src\stm32f4xx_tim.o
                0x08006370                TIM_OC3PreloadConfig
 .text.TIM_OC4PreloadConfig
                0x08006380       0x14 obj\release\spl\src\stm32f4xx_tim.o
                0x08006380                TIM_OC4PreloadConfig
 .text.TIM_OC1FastConfig
                0x08006394       0x10 obj\release\spl\src\stm32f4xx_tim.o
                0x08006394                TIM_OC1FastConfig
 .text.TIM_OC2FastConfig
                0x080063a4       0x14 obj\release\spl\src\stm32f4xx_tim.o
                0x080063a4                TIM_OC2FastConfig
 .text.TIM_OC3FastConfig
                0x080063b8       0x10 obj\release\spl\src\stm32f4xx_tim.o
                0x080063b8                TIM_OC3FastConfig
 .text.TIM_OC4FastConfig
                0x080063c8       0x14 obj\release\spl\src\stm32f4xx_tim.o
                0x080063c8                TIM_OC4FastConfig
 .text.TIM_ClearOC1Ref
                0x080063dc       0x10 obj\release\spl\src\stm32f4xx_tim.o
                0x080063dc                TIM_ClearOC1Ref
 .text.TIM_ClearOC2Ref
                0x080063ec       0x10 obj\release\spl\src\stm32f4xx_tim.o
                0x080063ec                TIM_ClearOC2Ref
 .text.TIM_ClearOC3Ref
                0x080063fc       0x10 obj\release\spl\src\stm32f4xx_tim.o
                0x080063fc                TIM_ClearOC3Ref
 .text.TIM_ClearOC4Ref
                0x0800640c       0x10 obj\release\spl\src\stm32f4xx_tim.o
                0x0800640c                TIM_ClearOC4Ref
 .text.TIM_OC1PolarityConfig
                0x0800641c       0x10 obj\release\spl\src\stm32f4xx_tim.o
                0x0800641c                TIM_OC1PolarityConfig
 .text.TIM_OC1NPolarityConfig
                0x0800642c       0x10 obj\release\spl\src\stm32f4xx_tim.o
                0x0800642c                TIM_OC1NPolarityConfig
 .text.TIM_OC2PolarityConfig
                0x0800643c       0x14 obj\release\spl\src\stm32f4xx_tim.o
                0x0800643c                TIM_OC2PolarityConfig
 .text.TIM_OC2NPolarityConfig
                0x08006450       0x14 obj\release\spl\src\stm32f4xx_tim.o
                0x08006450                TIM_OC2NPolarityConfig
 .text.TIM_OC3PolarityConfig
                0x08006464       0x14 obj\release\spl\src\stm32f4xx_tim.o
                0x08006464                TIM_OC3PolarityConfig
 .text.TIM_OC3NPolarityConfig
                0x08006478       0x14 obj\release\spl\src\stm32f4xx_tim.o
                0x08006478                TIM_OC3NPolarityConfig
 .text.TIM_OC4PolarityConfig
                0x0800648c       0x14 obj\release\spl\src\stm32f4xx_tim.o
                0x0800648c                TIM_OC4PolarityConfig
 .text.TIM_CCxCmd
                0x080064a0       0x20 obj\release\spl\src\stm32f4xx_tim.o
                0x080064a0                TIM_CCxCmd
 .text.TIM_CCxNCmd
                0x080064c0       0x20 obj\release\spl\src\stm32f4xx_tim.o
                0x080064c0                TIM_CCxNCmd
 .text.TIM_ICInit
                0x080064e0      0x168 obj\release\spl\src\stm32f4xx_tim.o
                0x080064e0                TIM_ICInit
 .text.TIM_ICStructInit
                0x08006648       0x10 obj\release\spl\src\stm32f4xx_tim.o
                0x08006648                TIM_ICStructInit
 .text.TIM_PWMIConfig
                0x08006658      0x160 obj\release\spl\src\stm32f4xx_tim.o
                0x08006658                TIM_PWMIConfig
 .text.TIM_GetCapture1
                0x080067b8        0x4 obj\release\spl\src\stm32f4xx_tim.o
                0x080067b8                TIM_GetCapture1
 .text.TIM_GetCapture2
                0x080067bc        0x4 obj\release\spl\src\stm32f4xx_tim.o
                0x080067bc                TIM_GetCapture2
 .text.TIM_GetCapture3
                0x080067c0        0x4 obj\release\spl\src\stm32f4xx_tim.o
                0x080067c0                TIM_GetCapture3
 .text.TIM_GetCapture4
                0x080067c4        0x4 obj\release\spl\src\stm32f4xx_tim.o
                0x080067c4                TIM_GetCapture4
 .text.TIM_SetIC1Prescaler
                0x080067c8       0x18 obj\release\spl\src\stm32f4xx_tim.o
                0x080067c8                TIM_SetIC1Prescaler
 .text.TIM_SetIC2Prescaler
                0x080067e0       0x1c obj\release\spl\src\stm32f4xx_tim.o
                0x080067e0                TIM_SetIC2Prescaler
 .text.TIM_SetIC3Prescaler
                0x080067fc       0x18 obj\release\spl\src\stm32f4xx_tim.o
                0x080067fc                TIM_SetIC3Prescaler
 .text.TIM_SetIC4Prescaler
                0x08006814       0x1c obj\release\spl\src\stm32f4xx_tim.o
                0x08006814                TIM_SetIC4Prescaler
 .text.TIM_BDTRConfig
                0x08006830       0x28 obj\release\spl\src\stm32f4xx_tim.o
                0x08006830                TIM_BDTRConfig
 .text.TIM_BDTRStructInit
                0x08006858       0x14 obj\release\spl\src\stm32f4xx_tim.o
                0x08006858                TIM_BDTRStructInit
 .text.TIM_CtrlPWMOutputs
                0x0800686c       0x20 obj\release\spl\src\stm32f4xx_tim.o
                0x0800686c                TIM_CtrlPWMOutputs
 .text.TIM_SelectCOM
                0x0800688c       0x1c obj\release\spl\src\stm32f4xx_tim.o
                0x0800688c                TIM_SelectCOM
 .text.TIM_CCPreloadControl
                0x080068a8       0x1c obj\release\spl\src\stm32f4xx_tim.o
                0x080068a8                TIM_CCPreloadControl
 .text.TIM_ITConfig
                0x080068c4       0x14 obj\release\spl\src\stm32f4xx_tim.o
                0x080068c4                TIM_ITConfig
 .text.TIM_GenerateEvent
                0x080068d8        0x4 obj\release\spl\src\stm32f4xx_tim.o
                0x080068d8                TIM_GenerateEvent
 .text.TIM_GetFlagStatus
                0x080068dc        0xc obj\release\spl\src\stm32f4xx_tim.o
                0x080068dc                TIM_GetFlagStatus
 .text.TIM_ClearFlag
                0x080068e8        0x8 obj\release\spl\src\stm32f4xx_tim.o
                0x080068e8                TIM_ClearFlag
 .text.TIM_GetITStatus
                0x080068f0       0x18 obj\release\spl\src\stm32f4xx_tim.o
                0x080068f0                TIM_GetITStatus
 .text.TIM_ClearITPendingBit
                0x08006908        0x8 obj\release\spl\src\stm32f4xx_tim.o
                0x08006908                TIM_ClearITPendingBit
 .text.TIM_DMAConfig
                0x08006910        0x8 obj\release\spl\src\stm32f4xx_tim.o
                0x08006910                TIM_DMAConfig
 .text.TIM_DMACmd
                0x08006918       0x14 obj\release\spl\src\stm32f4xx_tim.o
                0x08006918                TIM_DMACmd
 .text.TIM_SelectCCDMA
                0x0800692c       0x1c obj\release\spl\src\stm32f4xx_tim.o
                0x0800692c                TIM_SelectCCDMA
 .text.TIM_InternalClockConfig
                0x08006948       0x10 obj\release\spl\src\stm32f4xx_tim.o
                0x08006948                TIM_InternalClockConfig
 .text.TIM_ITRxExternalClockConfig
                0x08006958       0x1c obj\release\spl\src\stm32f4xx_tim.o
                0x08006958                TIM_ITRxExternalClockConfig
 .text.TIM_TIxExternalClockConfig
                0x08006974       0x88 obj\release\spl\src\stm32f4xx_tim.o
                0x08006974                TIM_TIxExternalClockConfig
 .text.TIM_ETRClockMode1Config
                0x080069fc       0x28 obj\release\spl\src\stm32f4xx_tim.o
                0x080069fc                TIM_ETRClockMode1Config
 .text.TIM_ETRClockMode2Config
                0x08006a24       0x24 obj\release\spl\src\stm32f4xx_tim.o
                0x08006a24                TIM_ETRClockMode2Config
 .text.TIM_SelectInputTrigger
                0x08006a48       0x10 obj\release\spl\src\stm32f4xx_tim.o
                0x08006a48                TIM_SelectInputTrigger
 .text.TIM_SelectOutputTrigger
                0x08006a58       0x18 obj\release\spl\src\stm32f4xx_tim.o
                0x08006a58                TIM_SelectOutputTrigger
 .text.TIM_SelectSlaveMode
                0x08006a70       0x18 obj\release\spl\src\stm32f4xx_tim.o
                0x08006a70                TIM_SelectSlaveMode
 .text.TIM_SelectMasterSlaveMode
                0x08006a88       0x18 obj\release\spl\src\stm32f4xx_tim.o
                0x08006a88                TIM_SelectMasterSlaveMode
 .text.TIM_ETRConfig
                0x08006aa0       0x18 obj\release\spl\src\stm32f4xx_tim.o
                0x08006aa0                TIM_ETRConfig
 .text.TIM_EncoderInterfaceConfig
                0x08006ab8       0x40 obj\release\spl\src\stm32f4xx_tim.o
                0x08006ab8                TIM_EncoderInterfaceConfig
 .text.TIM_SelectHallSensor
                0x08006af8       0x1c obj\release\spl\src\stm32f4xx_tim.o
                0x08006af8                TIM_SelectHallSensor
 .text.TIM_RemapConfig
                0x08006b14        0x8 obj\release\spl\src\stm32f4xx_tim.o
                0x08006b14                TIM_RemapConfig
 .text          0x08006b1c        0x0 obj\release\spl\src\stm32f4xx_usart.o
 .text.USART_DeInit
                0x08006b1c       0xc8 obj\release\spl\src\stm32f4xx_usart.o
                0x08006b1c                USART_DeInit
 .text.USART_Init
                0x08006be4       0xc4 obj\release\spl\src\stm32f4xx_usart.o
                0x08006be4                USART_Init
 .text.USART_StructInit
                0x08006ca8       0x18 obj\release\spl\src\stm32f4xx_usart.o
                0x08006ca8                USART_StructInit
 .text.USART_ClockInit
                0x08006cc0       0x24 obj\release\spl\src\stm32f4xx_usart.o
                0x08006cc0                USART_ClockInit
 .text.USART_ClockStructInit
                0x08006ce4        0xc obj\release\spl\src\stm32f4xx_usart.o
                0x08006ce4                USART_ClockStructInit
 .text.USART_Cmd
                0x08006cf0       0x1c obj\release\spl\src\stm32f4xx_usart.o
                0x08006cf0                USART_Cmd
 .text.USART_SetPrescaler
                0x08006d0c       0x14 obj\release\spl\src\stm32f4xx_usart.o
                0x08006d0c                USART_SetPrescaler
 .text.USART_OverSampling8Cmd
                0x08006d20       0x1c obj\release\spl\src\stm32f4xx_usart.o
                0x08006d20                USART_OverSampling8Cmd
 .text.USART_OneBitMethodCmd
                0x08006d3c       0x1c obj\release\spl\src\stm32f4xx_usart.o
                0x08006d3c                USART_OneBitMethodCmd
 .text.USART_SendData
                0x08006d58        0x8 obj\release\spl\src\stm32f4xx_usart.o
                0x08006d58                USART_SendData
 .text.USART_ReceiveData
                0x08006d60        0x8 obj\release\spl\src\stm32f4xx_usart.o
                0x08006d60                USART_ReceiveData
 .text.USART_SetAddress
                0x08006d68       0x18 obj\release\spl\src\stm32f4xx_usart.o
                0x08006d68                USART_SetAddress
 .text.USART_ReceiverWakeUpCmd
                0x08006d80       0x1c obj\release\spl\src\stm32f4xx_usart.o
                0x08006d80                USART_ReceiverWakeUpCmd
 .text.USART_WakeUpConfig
                0x08006d9c       0x18 obj\release\spl\src\stm32f4xx_usart.o
                0x08006d9c                USART_WakeUpConfig
 .text.USART_LINBreakDetectLengthConfig
                0x08006db4       0x18 obj\release\spl\src\stm32f4xx_usart.o
                0x08006db4                USART_LINBreakDetectLengthConfig
 .text.USART_LINCmd
                0x08006dcc       0x1c obj\release\spl\src\stm32f4xx_usart.o
                0x08006dcc                USART_LINCmd
 .text.USART_SendBreak
                0x08006de8        0xc obj\release\spl\src\stm32f4xx_usart.o
                0x08006de8                USART_SendBreak
 .text.USART_HalfDuplexCmd
                0x08006df4       0x1c obj\release\spl\src\stm32f4xx_usart.o
                0x08006df4                USART_HalfDuplexCmd
 .text.USART_SetGuardTime